Archive member included because of file (symbol)

build/unix/platform/libPlatform.a(PosixPlatform.o)
                              build/unix/apps/Benchmarks.o (StackPrintInfo)
build/unix/platform/libPlatform.a(Platform.o)
                              build/unix/apps/Benchmarks.o (OutS)
build/unix/platform/libPlatform.a(FileStdio.o)
                              build/unix/platform/libPlatform.a(PosixPlatform.o) (FileInit)
build/unix/libErrors.a(Errors.o)
                              build/unix/platform/libPlatform.a(PosixPlatform.o) (errorFile)
/mnt/sda6/programas/stuff/tmp/staging/mipsel-linux/usr/lib/libc_nonshared.a(elf-init.oS)
                              /usr/local/jlime/mipsel-toolchain/usr/bin/../lib/gcc/mipsel-linux/4.4.2/../../../../mipsel-linux/lib/crt1.o (__libc_csu_fini)
/mnt/sda6/programas/stuff/tmp/staging/mipsel-linux/usr/lib/libc_nonshared.a(atexit.oS)
                              build/unix/platform/libPlatform.a(PosixPlatform.o) (atexit)

Allocating common symbols
Common symbol       size              file

errorMsg            0x4               build/unix/libErrors.a(Errors.o)
orig_tios           0x34              build/unix/platform/libPlatform.a(PosixPlatform.o)
tios                0x34              build/unix/platform/libPlatform.a(PosixPlatform.o)
errorFunc           0x4               build/unix/libErrors.a(Errors.o)
startTime           0x8               build/unix/platform/libPlatform.a(PosixPlatform.o)
errorLine           0x4               build/unix/libErrors.a(Errors.o)
errorFile           0x4               build/unix/libErrors.a(Errors.o)

Discarded input sections

 .note.ABI-tag  0x0000000000000000       0x20 /usr/local/jlime/mipsel-toolchain/usr/bin/../lib/gcc/mipsel-linux/4.4.2/../../../../mipsel-linux/lib/crt1.o
 .reginfo       0x0000000000000000       0x18 /usr/local/jlime/mipsel-toolchain/usr/bin/../lib/gcc/mipsel-linux/4.4.2/../../../../mipsel-linux/lib/crt1.o
 .data          0x0000000000000000       0x10 /usr/local/jlime/mipsel-toolchain/usr/bin/../lib/gcc/mipsel-linux/4.4.2/../../../../mipsel-linux/lib/crt1.o
 .bss           0x0000000000000000        0x0 /usr/local/jlime/mipsel-toolchain/usr/bin/../lib/gcc/mipsel-linux/4.4.2/../../../../mipsel-linux/lib/crt1.o
 .text          0x0000000000000000        0x0 /usr/local/jlime/mipsel-toolchain/usr/bin/../lib/gcc/mipsel-linux/4.4.2/../../../../mipsel-linux/lib/crti.o
 .data          0x0000000000000000        0x0 /usr/local/jlime/mipsel-toolchain/usr/bin/../lib/gcc/mipsel-linux/4.4.2/../../../../mipsel-linux/lib/crti.o
 .bss           0x0000000000000000        0x0 /usr/local/jlime/mipsel-toolchain/usr/bin/../lib/gcc/mipsel-linux/4.4.2/../../../../mipsel-linux/lib/crti.o
 .reginfo       0x0000000000000000       0x18 /usr/local/jlime/mipsel-toolchain/usr/bin/../lib/gcc/mipsel-linux/4.4.2/../../../../mipsel-linux/lib/crti.o
 .data          0x0000000000000000        0x0 /usr/local/jlime/mipsel-toolchain/usr/bin/../lib/gcc/mipsel-linux/4.4.2/crtbegin.o
 .reginfo       0x0000000000000000       0x18 /usr/local/jlime/mipsel-toolchain/usr/bin/../lib/gcc/mipsel-linux/4.4.2/crtbegin.o
 .data          0x0000000000000000        0x0 build/unix/apps/Benchmarks.o
 .bss           0x0000000000000000        0x0 build/unix/apps/Benchmarks.o
 .reginfo       0x0000000000000000       0x18 build/unix/apps/Benchmarks.o
 .pdr           0x0000000000000000       0x60 build/unix/apps/Benchmarks.o
 .data          0x0000000000000000        0x0 build/unix/platform/libPlatform.a(PosixPlatform.o)
 .bss           0x0000000000000000        0x0 build/unix/platform/libPlatform.a(PosixPlatform.o)
 .reginfo       0x0000000000000000       0x18 build/unix/platform/libPlatform.a(PosixPlatform.o)
 .pdr           0x0000000000000000      0x1e0 build/unix/platform/libPlatform.a(PosixPlatform.o)
 .data          0x0000000000000000        0x0 build/unix/platform/libPlatform.a(Platform.o)
 .bss           0x0000000000000000        0x0 build/unix/platform/libPlatform.a(Platform.o)
 .reginfo       0x0000000000000000       0x18 build/unix/platform/libPlatform.a(Platform.o)
 .pdr           0x0000000000000000       0xa0 build/unix/platform/libPlatform.a(Platform.o)
 .reginfo       0x0000000000000000       0x18 build/unix/platform/libPlatform.a(FileStdio.o)
 .pdr           0x0000000000000000      0x120 build/unix/platform/libPlatform.a(FileStdio.o)
 .data          0x0000000000000000        0x0 build/unix/libErrors.a(Errors.o)
 .bss           0x0000000000000000        0x0 build/unix/libErrors.a(Errors.o)
 .reginfo       0x0000000000000000       0x18 build/unix/libErrors.a(Errors.o)
 .pdr           0x0000000000000000       0x40 build/unix/libErrors.a(Errors.o)
 .data          0x0000000000000000        0x0 /mnt/sda6/programas/stuff/tmp/staging/mipsel-linux/usr/lib/libc_nonshared.a(elf-init.oS)
 .bss           0x0000000000000000        0x0 /mnt/sda6/programas/stuff/tmp/staging/mipsel-linux/usr/lib/libc_nonshared.a(elf-init.oS)
 .reginfo       0x0000000000000000       0x18 /mnt/sda6/programas/stuff/tmp/staging/mipsel-linux/usr/lib/libc_nonshared.a(elf-init.oS)
 .pdr           0x0000000000000000       0x40 /mnt/sda6/programas/stuff/tmp/staging/mipsel-linux/usr/lib/libc_nonshared.a(elf-init.oS)
 .data          0x0000000000000000        0x0 /mnt/sda6/programas/stuff/tmp/staging/mipsel-linux/usr/lib/libc_nonshared.a(atexit.oS)
 .bss           0x0000000000000000        0x0 /mnt/sda6/programas/stuff/tmp/staging/mipsel-linux/usr/lib/libc_nonshared.a(atexit.oS)
 .reginfo       0x0000000000000000       0x18 /mnt/sda6/programas/stuff/tmp/staging/mipsel-linux/usr/lib/libc_nonshared.a(atexit.oS)
 .pdr           0x0000000000000000       0x20 /mnt/sda6/programas/stuff/tmp/staging/mipsel-linux/usr/lib/libc_nonshared.a(atexit.oS)
 .data          0x0000000000000000        0x0 /usr/local/jlime/mipsel-toolchain/usr/bin/../lib/gcc/mipsel-linux/4.4.2/crtend.o
 .bss           0x0000000000000000        0x0 /usr/local/jlime/mipsel-toolchain/usr/bin/../lib/gcc/mipsel-linux/4.4.2/crtend.o
 .reginfo       0x0000000000000000       0x18 /usr/local/jlime/mipsel-toolchain/usr/bin/../lib/gcc/mipsel-linux/4.4.2/crtend.o
 .text          0x0000000000000000        0x0 /usr/local/jlime/mipsel-toolchain/usr/bin/../lib/gcc/mipsel-linux/4.4.2/../../../../mipsel-linux/lib/crtn.o
 .data          0x0000000000000000        0x0 /usr/local/jlime/mipsel-toolchain/usr/bin/../lib/gcc/mipsel-linux/4.4.2/../../../../mipsel-linux/lib/crtn.o
 .bss           0x0000000000000000        0x0 /usr/local/jlime/mipsel-toolchain/usr/bin/../lib/gcc/mipsel-linux/4.4.2/../../../../mipsel-linux/lib/crtn.o
 .reginfo       0x0000000000000000       0x18 /usr/local/jlime/mipsel-toolchain/usr/bin/../lib/gcc/mipsel-linux/4.4.2/../../../../mipsel-linux/lib/crtn.o

Memory Configuration

Name             Origin             Length             Attributes
*default*        0x0000000000000000 0xffffffffffffffff

Linker script and memory map

LOAD /usr/local/jlime/mipsel-toolchain/usr/bin/../lib/gcc/mipsel-linux/4.4.2/../../../../mipsel-linux/lib/crt1.o
LOAD /usr/local/jlime/mipsel-toolchain/usr/bin/../lib/gcc/mipsel-linux/4.4.2/../../../../mipsel-linux/lib/crti.o
LOAD /usr/local/jlime/mipsel-toolchain/usr/bin/../lib/gcc/mipsel-linux/4.4.2/crtbegin.o
LOAD build/unix/apps/Benchmarks.o
LOAD build/unix/ui/libUi.a
LOAD build/unix/platform/libPlatform.a
LOAD build/unix/bgtree/libbgTree.a
LOAD build/unix/libLoadBlock.a
LOAD build/unix/libErrors.a
LOAD build/unix/uCmorse/libuCmorse.a
LOAD build/unix/uCmorse/libinmorse.a
LOAD /usr/local/jlime/mipsel-toolchain/usr/bin/../lib/gcc/mipsel-linux/4.4.2/libgcc.a
LOAD /usr/local/jlime/mipsel-toolchain/usr/bin/../lib/gcc/mipsel-linux/4.4.2/../../../../mipsel-linux/lib/libgcc_s.so
LOAD /usr/local/jlime/mipsel-toolchain/usr/bin/../lib/gcc/mipsel-linux/4.4.2/../../../../mipsel-linux/lib/libc.so
START GROUP
LOAD /mnt/sda6/programas/stuff/tmp/staging/mipsel-linux/lib/libc.so.6
LOAD /mnt/sda6/programas/stuff/tmp/staging/mipsel-linux/usr/lib/libc_nonshared.a
LOAD /mnt/sda6/programas/stuff/tmp/staging/mipsel-linux/lib/ld.so.1
END GROUP
LOAD /usr/local/jlime/mipsel-toolchain/usr/bin/../lib/gcc/mipsel-linux/4.4.2/libgcc.a
LOAD /usr/local/jlime/mipsel-toolchain/usr/bin/../lib/gcc/mipsel-linux/4.4.2/../../../../mipsel-linux/lib/libgcc_s.so
LOAD /usr/local/jlime/mipsel-toolchain/usr/bin/../lib/gcc/mipsel-linux/4.4.2/crtend.o
LOAD /usr/local/jlime/mipsel-toolchain/usr/bin/../lib/gcc/mipsel-linux/4.4.2/../../../../mipsel-linux/lib/crtn.o
                0x0000000000400000                PROVIDE (__executable_start, 0x400000)
                0x00000000004000f4                . = (0x400000 + SIZEOF_HEADERS)

.interp         0x00000000004000f4        0xd
 *(.interp)
 .interp        0x00000000004000f4        0xd /usr/local/jlime/mipsel-toolchain/usr/bin/../lib/gcc/mipsel-linux/4.4.2/../../../../mipsel-linux/lib/crt1.o

.reginfo
 *(.reginfo)

.note.gnu.build-id
 *(.note.gnu.build-id)

.dynamic        0x0000000000400104       0xd8
 *(.dynamic)
 .dynamic       0x0000000000400104       0xd8 /usr/local/jlime/mipsel-toolchain/usr/bin/../lib/gcc/mipsel-linux/4.4.2/../../../../mipsel-linux/lib/crt1.o
                0x0000000000400104                _DYNAMIC

.hash           0x00000000004001dc      0x174
 *(.hash)
 .hash          0x00000000004001dc      0x174 /usr/local/jlime/mipsel-toolchain/usr/bin/../lib/gcc/mipsel-linux/4.4.2/../../../../mipsel-linux/lib/crt1.o

.gnu.hash
 *(.gnu.hash)

.dynsym         0x0000000000400350      0x360
 *(.dynsym)
 .dynsym        0x0000000000400350      0x360 /usr/local/jlime/mipsel-toolchain/usr/bin/../lib/gcc/mipsel-linux/4.4.2/../../../../mipsel-linux/lib/crt1.o

.dynstr         0x00000000004006b0      0x20c
 *(.dynstr)
 .dynstr        0x00000000004006b0      0x20c /usr/local/jlime/mipsel-toolchain/usr/bin/../lib/gcc/mipsel-linux/4.4.2/../../../../mipsel-linux/lib/crt1.o

.gnu.version    0x00000000004008bc       0x6c
 *(.gnu.version)
 .gnu.version   0x00000000004008bc       0x6c /usr/local/jlime/mipsel-toolchain/usr/bin/../lib/gcc/mipsel-linux/4.4.2/../../../../mipsel-linux/lib/crt1.o

.gnu.version_d  0x0000000000400928        0x0
 *(.gnu.version_d)
 .gnu.version_d
                0x0000000000000000        0x0 /usr/local/jlime/mipsel-toolchain/usr/bin/../lib/gcc/mipsel-linux/4.4.2/../../../../mipsel-linux/lib/crt1.o

.gnu.version_r  0x0000000000400928       0x30
 *(.gnu.version_r)
 .gnu.version_r
                0x0000000000400928       0x30 /usr/local/jlime/mipsel-toolchain/usr/bin/../lib/gcc/mipsel-linux/4.4.2/../../../../mipsel-linux/lib/crt1.o

.rel.dyn        0x0000000000400958        0x0
 *(.rel.init)
 *(.rel.text .rel.text.* .rel.gnu.linkonce.t.*)
 *(.rel.fini)
 *(.rel.rodata .rel.rodata.* .rel.gnu.linkonce.r.*)
 *(.rel.data.rel.ro* .rel.gnu.linkonce.d.rel.ro.*)
 *(.rel.data .rel.data.* .rel.gnu.linkonce.d.*)
 *(.rel.tdata .rel.tdata.* .rel.gnu.linkonce.td.*)
 *(.rel.tbss .rel.tbss.* .rel.gnu.linkonce.tb.*)
 *(.rel.ctors)
 *(.rel.dtors)
 *(.rel.got)
 *(.rel.dyn)
 .rel.dyn       0x0000000000000000        0x0 /usr/local/jlime/mipsel-toolchain/usr/bin/../lib/gcc/mipsel-linux/4.4.2/../../../../mipsel-linux/lib/crt1.o
 *(.rel.sdata .rel.sdata.* .rel.gnu.linkonce.s.*)
 *(.rel.sbss .rel.sbss.* .rel.gnu.linkonce.sb.*)
 *(.rel.sdata2 .rel.sdata2.* .rel.gnu.linkonce.s2.*)
 *(.rel.sbss2 .rel.sbss2.* .rel.gnu.linkonce.sb2.*)
 *(.rel.bss .rel.bss.* .rel.gnu.linkonce.b.*)
 .rel.bss       0x0000000000000000        0x0 /usr/local/jlime/mipsel-toolchain/usr/bin/../lib/gcc/mipsel-linux/4.4.2/../../../../mipsel-linux/lib/crt1.o
                0x0000000000400958                PROVIDE (__rel_iplt_start, .)
 *(.rel.iplt)
                0x0000000000400958                PROVIDE (__rel_iplt_end, .)
                0x0000000000400958                PROVIDE (__rela_iplt_start, .)
                0x0000000000400958                PROVIDE (__rela_iplt_end, .)

.rela.dyn       0x0000000000400958        0x0
 *(.rela.init)
 *(.rela.text .rela.text.* .rela.gnu.linkonce.t.*)
 *(.rela.fini)
 *(.rela.rodata .rela.rodata.* .rela.gnu.linkonce.r.*)
 *(.rela.data .rela.data.* .rela.gnu.linkonce.d.*)
 *(.rela.tdata .rela.tdata.* .rela.gnu.linkonce.td.*)
 *(.rela.tbss .rela.tbss.* .rela.gnu.linkonce.tb.*)
 *(.rela.ctors)
 *(.rela.dtors)
 *(.rela.got)
 *(.rela.sdata .rela.sdata.* .rela.gnu.linkonce.s.*)
 *(.rela.sbss .rela.sbss.* .rela.gnu.linkonce.sb.*)
 *(.rela.sdata2 .rela.sdata2.* .rela.gnu.linkonce.s2.*)
 *(.rela.sbss2 .rela.sbss2.* .rela.gnu.linkonce.sb2.*)
 *(.rela.bss .rela.bss.* .rela.gnu.linkonce.b.*)
                0x0000000000400958                PROVIDE (__rel_iplt_start, .)
                0x0000000000400958                PROVIDE (__rel_iplt_end, .)
                0x0000000000400958                PROVIDE (__rela_iplt_start, .)
 *(.rela.iplt)
                0x0000000000400958                PROVIDE (__rela_iplt_end, .)

.rel.plt        0x0000000000400958        0x0
 *(.rel.plt)
 .rel.plt       0x0000000000000000        0x0 /usr/local/jlime/mipsel-toolchain/usr/bin/../lib/gcc/mipsel-linux/4.4.2/../../../../mipsel-linux/lib/crt1.o

.rela.plt
 *(.rela.plt)

.init           0x0000000000400958       0x78
 *(.init)
 .init          0x0000000000400958       0x2c /usr/local/jlime/mipsel-toolchain/usr/bin/../lib/gcc/mipsel-linux/4.4.2/../../../../mipsel-linux/lib/crti.o
                0x0000000000400958                _init
 .init          0x0000000000400984       0x20 /usr/local/jlime/mipsel-toolchain/usr/bin/../lib/gcc/mipsel-linux/4.4.2/crtbegin.o
 .init          0x00000000004009a4       0x20 /usr/local/jlime/mipsel-toolchain/usr/bin/../lib/gcc/mipsel-linux/4.4.2/crtend.o
 .init          0x00000000004009c4        0xc /usr/local/jlime/mipsel-toolchain/usr/bin/../lib/gcc/mipsel-linux/4.4.2/../../../../mipsel-linux/lib/crtn.o

.plt            0x00000000004009d0        0x0
 *(.plt)
 .plt           0x0000000000000000        0x0 /usr/local/jlime/mipsel-toolchain/usr/bin/../lib/gcc/mipsel-linux/4.4.2/../../../../mipsel-linux/lib/crt1.o

.iplt
 *(.iplt)

.text           0x00000000004009d0     0x2390
                0x00000000004009d0                _ftext = .
 *(.text.unlikely .text.*_unlikely)
 *(.text .stub .text.* .gnu.linkonce.t.*)
 .text          0x00000000004009d0       0x60 /usr/local/jlime/mipsel-toolchain/usr/bin/../lib/gcc/mipsel-linux/4.4.2/../../../../mipsel-linux/lib/crt1.o
                0x00000000004009d0                __start
 .text          0x0000000000400a30       0xc0 /usr/local/jlime/mipsel-toolchain/usr/bin/../lib/gcc/mipsel-linux/4.4.2/crtbegin.o
 .text          0x0000000000400af0      0x870 build/unix/apps/Benchmarks.o
                0x0000000000400af0                RndSeekTest
                0x0000000000400dbc                ReadSpeedTest
                0x00000000004012ec                main
 .text          0x0000000000401360      0xb40 build/unix/platform/libPlatform.a(PosixPlatform.o)
                0x0000000000401360                sounder
                0x0000000000401388                StdioDestroy
                0x000000000040141c                StdioInit
                0x0000000000401754                StackCheck
                0x0000000000401774                StackPrintInfo
                0x0000000000401798                PlatformInit
                0x0000000000401970                OutC
                0x00000000004019dc                GetTimeOfDayMilli
                0x0000000000401aa4                TimerInit
                0x0000000000401af8                TimerMillisec
                0x0000000000401b54                TimerCount
                0x0000000000401ba4                TimerCountPerMillisec
                0x0000000000401bc8                DelayMs
                0x0000000000401c3c                InputIsReady
                0x0000000000401ddc                InputCheck
 .text          0x0000000000401ea0      0x560 build/unix/platform/libPlatform.a(Platform.o)
                0x0000000000401ea0                InputUnescape
                0x0000000000402030                OutS
                0x00000000004020c4                OutXByte
                0x00000000004021d0                OutX
                0x0000000000402268                OutI
 .text          0x0000000000402400      0x590 build/unix/platform/libPlatform.a(FileStdio.o)
                0x0000000000402400                FileInit
                0x0000000000402424                FileOpenRO
                0x0000000000402534                FileClose
                0x00000000004025ec                FileRead
                0x0000000000402764                FileSeek
                0x0000000000402884                FileGetC
                0x0000000000402910                FileGetHandle
                0x0000000000402938                FileStateVersion
                0x0000000000402960                FileSectorReadCount
 .text          0x0000000000402990      0x2a0 build/unix/libErrors.a(Errors.o)
                0x0000000000402990                ERRORprint2
                0x0000000000402bf0                ERRORprint3
 .text          0x0000000000402c30       0xb0 /mnt/sda6/programas/stuff/tmp/staging/mipsel-linux/usr/lib/libc_nonshared.a(elf-init.oS)
                0x0000000000402c30                __libc_csu_fini
                0x0000000000402c38                __libc_csu_init
 .text          0x0000000000402ce0       0x30 /mnt/sda6/programas/stuff/tmp/staging/mipsel-linux/usr/lib/libc_nonshared.a(atexit.oS)
                0x0000000000402ce0                atexit
 .text          0x0000000000402d10       0x50 /usr/local/jlime/mipsel-toolchain/usr/bin/../lib/gcc/mipsel-linux/4.4.2/crtend.o
 *(.gnu.warning)
 *(.mips16.fn.*)
 *(.mips16.call.*)

.MIPS.stubs     0x0000000000402d60      0x160
 .MIPS.stubs    0x0000000000402d60      0x160 /usr/local/jlime/mipsel-toolchain/usr/bin/../lib/gcc/mipsel-linux/4.4.2/../../../../mipsel-linux/lib/crt1.o
                0x0000000000402d60                fileno@@GLIBC_2.0
                0x0000000000402d70                sigemptyset@@GLIBC_2.0
                0x0000000000402d80                __libc_start_main@@GLIBC_2.0
                0x0000000000402d90                tcgetattr@@GLIBC_2.0
                0x0000000000402da0                __assert_fail@@GLIBC_2.0
                0x0000000000402db0                read@@GLIBC_2.0
                0x0000000000402dc0                usleep@@GLIBC_2.0
                0x0000000000402dd0                gettimeofday@@GLIBC_2.0
                0x0000000000402de0                sigaction@@GLIBC_2.0
                0x0000000000402df0                fseek@@GLIBC_2.0
                0x0000000000402e00                fclose@@GLIBC_2.2
                0x0000000000402e10                memcpy@@GLIBC_2.0
                0x0000000000402e20                feof@@GLIBC_2.0
                0x0000000000402e30                select@@GLIBC_2.0
                0x0000000000402e40                fwrite@@GLIBC_2.0
                0x0000000000402e50                fprintf@@GLIBC_2.0
                0x0000000000402e60                __cxa_atexit@@GLIBC_2.2
                0x0000000000402e70                fputc@@GLIBC_2.0
                0x0000000000402e80                fopen@@GLIBC_2.2
                0x0000000000402e90                tcsetattr@@GLIBC_2.0
                0x0000000000402ea0                fread@@GLIBC_2.0

.fini           0x0000000000402ec0       0x44
 *(.fini)
 .fini          0x0000000000402ec0       0x18 /usr/local/jlime/mipsel-toolchain/usr/bin/../lib/gcc/mipsel-linux/4.4.2/../../../../mipsel-linux/lib/crti.o
                0x0000000000402ec0                _fini
 .fini          0x0000000000402ed8       0x20 /usr/local/jlime/mipsel-toolchain/usr/bin/../lib/gcc/mipsel-linux/4.4.2/crtbegin.o
 .fini          0x0000000000402ef8        0xc /usr/local/jlime/mipsel-toolchain/usr/bin/../lib/gcc/mipsel-linux/4.4.2/../../../../mipsel-linux/lib/crtn.o
                0x0000000000402f04                PROVIDE (__etext, .)
                0x0000000000402f04                PROVIDE (_etext, .)
                0x0000000000402f04                PROVIDE (etext, .)

.rodata         0x0000000000402f10      0x360
 *(.rodata .rodata.* .gnu.linkonce.r.*)
 .rodata.cst4   0x0000000000402f10        0x4 /usr/local/jlime/mipsel-toolchain/usr/bin/../lib/gcc/mipsel-linux/4.4.2/../../../../mipsel-linux/lib/crt1.o
                0x0000000000402f10                _IO_stdin_used
 *fill*         0x0000000000402f14        0xc 00
 .rodata        0x0000000000402f20       0xd0 build/unix/apps/Benchmarks.o
 .rodata        0x0000000000402ff0      0x130 build/unix/platform/libPlatform.a(PosixPlatform.o)
 .rodata        0x0000000000403120       0x50 build/unix/platform/libPlatform.a(Platform.o)
 .rodata        0x0000000000403170       0xb0 build/unix/platform/libPlatform.a(FileStdio.o)
 .rodata        0x0000000000403220       0x50 build/unix/libErrors.a(Errors.o)

.rodata1
 *(.rodata1)

.sdata2
 *(.sdata2 .sdata2.* .gnu.linkonce.s2.*)

.sbss2
 *(.sbss2 .sbss2.* .gnu.linkonce.sb2.*)

.eh_frame_hdr
 *(.eh_frame_hdr)

.eh_frame       0x0000000000403270        0x4
 *(.eh_frame)
 .eh_frame      0x0000000000403270        0x4 /usr/local/jlime/mipsel-toolchain/usr/bin/../lib/gcc/mipsel-linux/4.4.2/crtend.o

.gcc_except_table
 *(.gcc_except_table .gcc_except_table.*)
                0x0000000000403274                . = (ALIGN (0x10000) - ((0x10000 - .) & 0xffff))
                0x0000000000413274                . = (0x10000 DATA_SEGMENT_ALIGN 0x1000)

.eh_frame
 *(.eh_frame)

.gcc_except_table
 *(.gcc_except_table .gcc_except_table.*)

.tdata
 *(.tdata .tdata.* .gnu.linkonce.td.*)

.tbss
 *(.tbss .tbss.* .gnu.linkonce.tb.*)
 *(.tcommon)

.preinit_array  0x0000000000413274        0x0
                0x0000000000413274                PROVIDE (__preinit_array_start, .)
 *(.preinit_array)
                0x0000000000413274                PROVIDE (__preinit_array_end, .)

.init_array     0x0000000000413274        0x0
                0x0000000000413274                PROVIDE (__init_array_start, .)
 *(SORT(.init_array.*))
 *(.init_array)
                0x0000000000413274                PROVIDE (__init_array_end, .)

.fini_array     0x0000000000413274        0x0
                0x0000000000413274                PROVIDE (__fini_array_start, .)
 *(.fini_array)
 *(SORT(.fini_array.*))
                0x0000000000413274                PROVIDE (__fini_array_end, .)

.ctors          0x0000000000413274        0x8
 *crtbegin.o(.ctors)
 .ctors         0x0000000000413274        0x4 /usr/local/jlime/mipsel-toolchain/usr/bin/../lib/gcc/mipsel-linux/4.4.2/crtbegin.o
 *crtbegin?.o(.ctors)
 *(EXCLUDE_FILE(*crtend?.o *crtend.o) .ctors)
 *(SORT(.ctors.*))
 *(.ctors)
 .ctors         0x0000000000413278        0x4 /usr/local/jlime/mipsel-toolchain/usr/bin/../lib/gcc/mipsel-linux/4.4.2/crtend.o

.dtors          0x000000000041327c        0x8
 *crtbegin.o(.dtors)
 .dtors         0x000000000041327c        0x4 /usr/local/jlime/mipsel-toolchain/usr/bin/../lib/gcc/mipsel-linux/4.4.2/crtbegin.o
 *crtbegin?.o(.dtors)
 *(EXCLUDE_FILE(*crtend?.o *crtend.o) .dtors)
 *(SORT(.dtors.*))
 *(.dtors)
 .dtors         0x0000000000413280        0x4 /usr/local/jlime/mipsel-toolchain/usr/bin/../lib/gcc/mipsel-linux/4.4.2/crtend.o
                0x0000000000413280                __DTOR_END__

.jcr            0x0000000000413284        0x4
 *(.jcr)
 .jcr           0x0000000000413284        0x0 /usr/local/jlime/mipsel-toolchain/usr/bin/../lib/gcc/mipsel-linux/4.4.2/crtbegin.o
 .jcr           0x0000000000413284        0x4 /usr/local/jlime/mipsel-toolchain/usr/bin/../lib/gcc/mipsel-linux/4.4.2/crtend.o

.data.rel.ro
 *(.data.rel.ro.local* .gnu.linkonce.d.rel.ro.local.*)
 *(.data.rel.ro* .gnu.linkonce.d.rel.ro.*)
                0x0000000000413288                . = (. DATA_SEGMENT_RELRO_END 0x0)

.data           0x0000000000413290       0x20
                0x0000000000413290                _fdata = .
 *(.data .data.* .gnu.linkonce.d.*)
 .data.rel.local
                0x0000000000413290        0x4 build/unix/apps/Benchmarks.o
                0x0000000000413290                fileName
 *fill*         0x0000000000413294        0xc 00
 .data          0x00000000004132a0       0x10 build/unix/platform/libPlatform.a(FileStdio.o)

.rld_map        0x00000000004132b0        0x4
 .rld_map       0x00000000004132b0        0x4 /usr/local/jlime/mipsel-toolchain/usr/bin/../lib/gcc/mipsel-linux/4.4.2/../../../../mipsel-linux/lib/crt1.o
                0x00000000004132b0                __RLD_MAP

.data1
 *(.data1)

.got.plt        0x00000000004132b4        0x0
 *(.got.plt)
 .got.plt       0x0000000000000000        0x0 /usr/local/jlime/mipsel-toolchain/usr/bin/../lib/gcc/mipsel-linux/4.4.2/../../../../mipsel-linux/lib/crt1.o
                0x00000000004132b4                . = .
                0x000000000041b2b0                _gp = (ALIGN (0x10) + 0x7ff0)

.got            0x00000000004132c0       0xe8
 *(.got)
 .got           0x00000000004132c0       0xe8 /usr/local/jlime/mipsel-toolchain/usr/bin/../lib/gcc/mipsel-linux/4.4.2/../../../../mipsel-linux/lib/crt1.o
                0x00000000004132c0                _GLOBAL_OFFSET_TABLE_

.sdata          0x00000000004133a8        0x4
 *(.sdata .sdata.* .gnu.linkonce.s.*)
 .sdata         0x00000000004133a8        0x4 /usr/local/jlime/mipsel-toolchain/usr/bin/../lib/gcc/mipsel-linux/4.4.2/crtbegin.o
                0x00000000004133a8                __dso_handle

.lit8
 *(.lit8)

.lit4
 *(.lit4)
                0x00000000004133ac                _edata = .
                0x00000000004133ac                PROVIDE (edata, .)
                0x00000000004133ac                __bss_start = .
                0x00000000004133ac                _fbss = .

.sbss           0x00000000004133b0       0x18
 *(.dynsbss)
 *(.sbss .sbss.* .gnu.linkonce.sb.*)
 *(.scommon)
 .scommon       0x00000000004133b0        0x8 build/unix/platform/libPlatform.a(PosixPlatform.o)
                0x00000000004133b0                startTime
 .scommon       0x00000000004133b8       0x10 build/unix/libErrors.a(Errors.o)
                0x00000000004133b8                errorMsg
                0x00000000004133bc                errorFunc
                0x00000000004133c0                errorLine
                0x00000000004133c4                errorFile

.bss            0x00000000004133d0       0x88
 *(.dynbss)
 .dynbss        0x0000000000000000        0x0 /usr/local/jlime/mipsel-toolchain/usr/bin/../lib/gcc/mipsel-linux/4.4.2/../../../../mipsel-linux/lib/crt1.o
 *(.bss .bss.* .gnu.linkonce.b.*)
 .bss           0x00000000004133d0       0x10 /usr/local/jlime/mipsel-toolchain/usr/bin/../lib/gcc/mipsel-linux/4.4.2/crtbegin.o
 .bss           0x00000000004133e0       0x10 build/unix/platform/libPlatform.a(FileStdio.o)
                0x00000000004133e0                fsFile
 *(COMMON)
 COMMON         0x00000000004133f0       0x68 build/unix/platform/libPlatform.a(PosixPlatform.o)
                0x00000000004133f0                orig_tios
                0x0000000000413424                tios
                0x0000000000413458                . = ALIGN ((. != 0x0)?0x4:0x1)
                0x0000000000413458                . = ALIGN (0x4)
                0x0000000000413458                . = ALIGN (0x4)
                0x0000000000413458                _end = .
                0x0000000000413458                PROVIDE (end, .)
                0x0000000000413458                . = DATA_SEGMENT_END (.)

.stab
 *(.stab)

.stabstr
 *(.stabstr)

.stab.excl
 *(.stab.excl)

.stab.exclstr
 *(.stab.exclstr)

.stab.index
 *(.stab.index)

.stab.indexstr
 *(.stab.indexstr)

.pdr            0x0000000000000000        0x0
 .pdr           0x0000000000000000        0x0 /usr/local/jlime/mipsel-toolchain/usr/bin/../lib/gcc/mipsel-linux/4.4.2/../../../../mipsel-linux/lib/crt1.o
 .pdr           0x0000000000000000        0x0 /usr/local/jlime/mipsel-toolchain/usr/bin/../lib/gcc/mipsel-linux/4.4.2/../../../../mipsel-linux/lib/crti.o
 .pdr           0x0000000000000000        0x0 /usr/local/jlime/mipsel-toolchain/usr/bin/../lib/gcc/mipsel-linux/4.4.2/crtbegin.o
 .pdr           0x0000000000000000        0x0 /usr/local/jlime/mipsel-toolchain/usr/bin/../lib/gcc/mipsel-linux/4.4.2/crtend.o
 .pdr           0x0000000000000000        0x0 /usr/local/jlime/mipsel-toolchain/usr/bin/../lib/gcc/mipsel-linux/4.4.2/../../../../mipsel-linux/lib/crtn.o

.comment        0x0000000000000000       0x11
 *(.comment)
 .comment       0x0000000000000000       0x11 /usr/local/jlime/mipsel-toolchain/usr/bin/../lib/gcc/mipsel-linux/4.4.2/../../../../mipsel-linux/lib/crt1.o
                                         0x12 (size before relaxing)
 .comment       0x0000000000000000       0x12 /usr/local/jlime/mipsel-toolchain/usr/bin/../lib/gcc/mipsel-linux/4.4.2/../../../../mipsel-linux/lib/crti.o
 .comment       0x0000000000000000       0x12 /usr/local/jlime/mipsel-toolchain/usr/bin/../lib/gcc/mipsel-linux/4.4.2/crtbegin.o
 .comment       0x0000000000000000       0x12 build/unix/apps/Benchmarks.o
 .comment       0x0000000000000000       0x12 build/unix/platform/libPlatform.a(PosixPlatform.o)
 .comment       0x0000000000000000       0x12 build/unix/platform/libPlatform.a(Platform.o)
 .comment       0x0000000000000000       0x12 build/unix/platform/libPlatform.a(FileStdio.o)
 .comment       0x0000000000000000       0x12 build/unix/libErrors.a(Errors.o)
 .comment       0x0000000000000000       0x12 /mnt/sda6/programas/stuff/tmp/staging/mipsel-linux/usr/lib/libc_nonshared.a(elf-init.oS)
 .comment       0x0000000000000000       0x12 /mnt/sda6/programas/stuff/tmp/staging/mipsel-linux/usr/lib/libc_nonshared.a(atexit.oS)
 .comment       0x0000000000000000       0x12 /usr/local/jlime/mipsel-toolchain/usr/bin/../lib/gcc/mipsel-linux/4.4.2/crtend.o
 .comment       0x0000000000000000       0x12 /usr/local/jlime/mipsel-toolchain/usr/bin/../lib/gcc/mipsel-linux/4.4.2/../../../../mipsel-linux/lib/crtn.o

.debug
 *(.debug)

.line
 *(.line)

.debug_srcinfo
 *(.debug_srcinfo)

.debug_sfnames
 *(.debug_sfnames)

.debug_aranges  0x0000000000000000       0xa0
 *(.debug_aranges)
 .debug_aranges
                0x0000000000000000       0x20 build/unix/apps/Benchmarks.o
 .debug_aranges
                0x0000000000000020       0x20 build/unix/platform/libPlatform.a(PosixPlatform.o)
 .debug_aranges
                0x0000000000000040       0x20 build/unix/platform/libPlatform.a(Platform.o)
 .debug_aranges
                0x0000000000000060       0x20 build/unix/platform/libPlatform.a(FileStdio.o)
 .debug_aranges
                0x0000000000000080       0x20 build/unix/libErrors.a(Errors.o)

.debug_pubnames
                0x0000000000000000      0x2d5
 *(.debug_pubnames)
 .debug_pubnames
                0x0000000000000000       0x4a build/unix/apps/Benchmarks.o
 .debug_pubnames
                0x000000000000004a      0x129 build/unix/platform/libPlatform.a(PosixPlatform.o)
 .debug_pubnames
                0x0000000000000173       0x4c build/unix/platform/libPlatform.a(Platform.o)
 .debug_pubnames
                0x00000000000001bf       0xad build/unix/platform/libPlatform.a(FileStdio.o)
 .debug_pubnames
                0x000000000000026c       0x69 build/unix/libErrors.a(Errors.o)

.debug_info     0x0000000000000000     0x1af0
 *(.debug_info .gnu.linkonce.wi.*)
 .debug_info    0x0000000000000000      0x56a build/unix/apps/Benchmarks.o
 .debug_info    0x000000000000056a      0xa90 build/unix/platform/libPlatform.a(PosixPlatform.o)
 .debug_info    0x0000000000000ffa      0x1d7 build/unix/platform/libPlatform.a(Platform.o)
 .debug_info    0x00000000000011d1      0x579 build/unix/platform/libPlatform.a(FileStdio.o)
 .debug_info    0x000000000000174a      0x3a6 build/unix/libErrors.a(Errors.o)

.debug_abbrev   0x0000000000000000      0x65d
 *(.debug_abbrev)
 .debug_abbrev  0x0000000000000000      0x13d build/unix/apps/Benchmarks.o
 .debug_abbrev  0x000000000000013d      0x1e1 build/unix/platform/libPlatform.a(PosixPlatform.o)
 .debug_abbrev  0x000000000000031e       0xf0 build/unix/platform/libPlatform.a(Platform.o)
 .debug_abbrev  0x000000000000040e      0x166 build/unix/platform/libPlatform.a(FileStdio.o)
 .debug_abbrev  0x0000000000000574       0xe9 build/unix/libErrors.a(Errors.o)

.debug_line     0x0000000000000000      0xa03
 *(.debug_line)
 .debug_line    0x0000000000000000      0x210 build/unix/apps/Benchmarks.o
 .debug_line    0x0000000000000210      0x324 build/unix/platform/libPlatform.a(PosixPlatform.o)
 .debug_line    0x0000000000000534      0x116 build/unix/platform/libPlatform.a(Platform.o)
 .debug_line    0x000000000000064a      0x20e build/unix/platform/libPlatform.a(FileStdio.o)
 .debug_line    0x0000000000000858      0x1ab build/unix/libErrors.a(Errors.o)

.debug_frame    0x0000000000000000      0x494
 *(.debug_frame)
 .debug_frame   0x0000000000000000       0x88 build/unix/apps/Benchmarks.o
 .debug_frame   0x0000000000000088      0x1ec build/unix/platform/libPlatform.a(PosixPlatform.o)
 .debug_frame   0x0000000000000274       0xb0 build/unix/platform/libPlatform.a(Platform.o)
 .debug_frame   0x0000000000000324      0x120 build/unix/platform/libPlatform.a(FileStdio.o)
 .debug_frame   0x0000000000000444       0x50 build/unix/libErrors.a(Errors.o)

.debug_str      0x0000000000000000      0x709
 *(.debug_str)
 .debug_str     0x0000000000000000      0x29b build/unix/apps/Benchmarks.o
                                        0x2e3 (size before relaxing)
 .debug_str     0x000000000000029b      0x349 build/unix/platform/libPlatform.a(PosixPlatform.o)
                                        0x5de (size before relaxing)
 .debug_str     0x00000000000005e4       0x51 build/unix/platform/libPlatform.a(Platform.o)
                                        0x13a (size before relaxing)
 .debug_str     0x0000000000000635       0xa9 build/unix/platform/libPlatform.a(FileStdio.o)
                                        0x348 (size before relaxing)
 .debug_str     0x00000000000006de       0x2b build/unix/libErrors.a(Errors.o)
                                        0x2ab (size before relaxing)

.debug_loc      0x0000000000000000      0x5be
 *(.debug_loc)
 .debug_loc     0x0000000000000000       0x85 build/unix/apps/Benchmarks.o
 .debug_loc     0x0000000000000085      0x289 build/unix/platform/libPlatform.a(PosixPlatform.o)
 .debug_loc     0x000000000000030e       0xd7 build/unix/platform/libPlatform.a(Platform.o)
 .debug_loc     0x00000000000003e5      0x183 build/unix/platform/libPlatform.a(FileStdio.o)
 .debug_loc     0x0000000000000568       0x56 build/unix/libErrors.a(Errors.o)

.debug_macinfo
 *(.debug_macinfo)

.debug_weaknames
 *(.debug_weaknames)

.debug_funcnames
 *(.debug_funcnames)

.debug_typenames
 *(.debug_typenames)

.debug_varnames
 *(.debug_varnames)

.debug_pubtypes
 *(.debug_pubtypes)

.debug_ranges
 *(.debug_ranges)

.gnu.attributes
                0x0000000000000000       0x10
 *(.gnu.attributes)
 .gnu.attributes
                0x0000000000000000       0x10 /usr/local/jlime/mipsel-toolchain/usr/bin/../lib/gcc/mipsel-linux/4.4.2/../../../../mipsel-linux/lib/crt1.o
 .gnu.attributes
                0x0000000000000010       0x10 /usr/local/jlime/mipsel-toolchain/usr/bin/../lib/gcc/mipsel-linux/4.4.2/../../../../mipsel-linux/lib/crti.o
 .gnu.attributes
                0x0000000000000020       0x10 /usr/local/jlime/mipsel-toolchain/usr/bin/../lib/gcc/mipsel-linux/4.4.2/crtbegin.o
 .gnu.attributes
                0x0000000000000030       0x10 build/unix/apps/Benchmarks.o
 .gnu.attributes
                0x0000000000000040       0x10 build/unix/platform/libPlatform.a(PosixPlatform.o)
 .gnu.attributes
                0x0000000000000050       0x10 build/unix/platform/libPlatform.a(Platform.o)
 .gnu.attributes
                0x0000000000000060       0x10 build/unix/platform/libPlatform.a(FileStdio.o)
 .gnu.attributes
                0x0000000000000070       0x10 build/unix/libErrors.a(Errors.o)
 .gnu.attributes
                0x0000000000000080       0x10 /mnt/sda6/programas/stuff/tmp/staging/mipsel-linux/usr/lib/libc_nonshared.a(elf-init.oS)
 .gnu.attributes
                0x0000000000000090       0x10 /mnt/sda6/programas/stuff/tmp/staging/mipsel-linux/usr/lib/libc_nonshared.a(atexit.oS)
 .gnu.attributes
                0x00000000000000a0       0x10 /usr/local/jlime/mipsel-toolchain/usr/bin/../lib/gcc/mipsel-linux/4.4.2/crtend.o
 .gnu.attributes
                0x00000000000000b0       0x10 /usr/local/jlime/mipsel-toolchain/usr/bin/../lib/gcc/mipsel-linux/4.4.2/../../../../mipsel-linux/lib/crtn.o

.gptab.sdata
 *(.gptab.data)
 *(.gptab.sdata)

.gptab.sbss
 *(.gptab.bss)
 *(.gptab.sbss)

.mdebug.abi32   0x00000000000000c0        0x0
 *(.mdebug.abi32)
 .mdebug.abi32  0x00000000000000c0        0x0 /usr/local/jlime/mipsel-toolchain/usr/bin/../lib/gcc/mipsel-linux/4.4.2/../../../../mipsel-linux/lib/crt1.o
 .mdebug.abi32  0x00000000000000c0        0x0 /usr/local/jlime/mipsel-toolchain/usr/bin/../lib/gcc/mipsel-linux/4.4.2/../../../../mipsel-linux/lib/crti.o
 .mdebug.abi32  0x00000000000000c0        0x0 /usr/local/jlime/mipsel-toolchain/usr/bin/../lib/gcc/mipsel-linux/4.4.2/crtbegin.o
 .mdebug.abi32  0x00000000000000c0        0x0 build/unix/apps/Benchmarks.o
 .mdebug.abi32  0x00000000000000c0        0x0 build/unix/platform/libPlatform.a(PosixPlatform.o)
 .mdebug.abi32  0x00000000000000c0        0x0 build/unix/platform/libPlatform.a(Platform.o)
 .mdebug.abi32  0x00000000000000c0        0x0 build/unix/platform/libPlatform.a(FileStdio.o)
 .mdebug.abi32  0x00000000000000c0        0x0 build/unix/libErrors.a(Errors.o)
 .mdebug.abi32  0x00000000000000c0        0x0 /mnt/sda6/programas/stuff/tmp/staging/mipsel-linux/usr/lib/libc_nonshared.a(elf-init.oS)
 .mdebug.abi32  0x00000000000000c0        0x0 /mnt/sda6/programas/stuff/tmp/staging/mipsel-linux/usr/lib/libc_nonshared.a(atexit.oS)
 .mdebug.abi32  0x00000000000000c0        0x0 /usr/local/jlime/mipsel-toolchain/usr/bin/../lib/gcc/mipsel-linux/4.4.2/crtend.o
 .mdebug.abi32  0x00000000000000c0        0x0 /usr/local/jlime/mipsel-toolchain/usr/bin/../lib/gcc/mipsel-linux/4.4.2/../../../../mipsel-linux/lib/crtn.o

.mdebug.abiN32
 *(.mdebug.abiN32)

.mdebug.abi64
 *(.mdebug.abi64)

.mdebug.abiO64
 *(.mdebug.abiO64)

.mdebug.eabi32
 *(.mdebug.eabi32)

.mdebug.eabi64
 *(.mdebug.eabi64)

.gcc_compiled_long32
 *(.gcc_compiled_long32)

.gcc_compiled_long64
 *(.gcc_compiled_long64)

/DISCARD/
 *(.note.GNU-stack)
 *(.gnu_debuglink)
 *(.gnu.lto_*)
OUTPUT(build/unix/apps/Benchmarks elf32-tradlittlemips)
