Archive member included because of file (symbol)

build/unix/apps/libWikiApp.a(WikiApp.o)
                              build/unix/apps/WikiMain.o (WikiAppInit)
build/unix/apps/libWikiApp.a(WikiUtil.o)
                              build/unix/apps/libWikiApp.a(WikiApp.o) (CalcUpperCRC)
build/unix/ui/libUi.a(MorseBox.o)
                              build/unix/apps/libWikiApp.a(WikiApp.o) (MorseBoxSetBuffer)
build/unix/ui/libUi.a(ListView.o)
                              build/unix/apps/libWikiApp.a(WikiUtil.o) (ListGenCreate)
build/unix/ui/libUi.a(ListCmdr.o)
                              build/unix/apps/libWikiApp.a(WikiUtil.o) (ListCmdrInit)
build/unix/platform/libPlatform.a(PosixPlatform.o)
                              build/unix/apps/WikiMain.o (PlatformInit)
build/unix/platform/libPlatform.a(Platform.o)
                              build/unix/apps/libWikiApp.a(WikiApp.o) (InputUnescape)
build/unix/platform/libPlatform.a(vt52.o)
                              build/unix/ui/libUi.a(MorseBox.o) (vposition)
build/unix/platform/libPlatform.a(FileStdio.o)
                              build/unix/platform/libPlatform.a(PosixPlatform.o) (FileInit)
build/unix/bgtree/libbgTree.a(crc32.o)
                              build/unix/apps/libWikiApp.a(WikiUtil.o) (CalcCRC)
build/unix/bgtree/libbgTree.a(bgApi.o)
                              build/unix/apps/libWikiApp.a(WikiUtil.o) (CursorNext)
build/unix/bgtree/libbgTree.a(bgUtil2.o)
                              build/unix/apps/libWikiApp.a(WikiUtil.o) (SchemaGetOffset)
build/unix/bgtree/libbgTree.a(bgCore.o)
                              build/unix/bgtree/libbgTree.a(bgApi.o) (SetUserData)
build/unix/libLoadBlock.a(LoadBlock.o)
                              build/unix/bgtree/libbgTree.a(bgCore.o) (LoadBlock)
build/unix/libErrors.a(Errors.o)
                              build/unix/apps/libWikiApp.a(WikiUtil.o) (errorFile)
build/unix/uCmorse/libinmorse.a(inmorse.o)
                              build/unix/ui/libUi.a(MorseBox.o) (codetree)
/mnt/sda6/programas/stuff/tmp/staging/mipsel-linux/usr/lib/libc_nonshared.a(elf-init.oS)
                              /usr/local/jlime/mipsel-toolchain/usr/bin/../lib/gcc/mipsel-linux/4.4.2/../../../../mipsel-linux/lib/crt1.o (__libc_csu_fini)
/mnt/sda6/programas/stuff/tmp/staging/mipsel-linux/usr/lib/libc_nonshared.a(atexit.oS)
                              build/unix/platform/libPlatform.a(PosixPlatform.o) (atexit)

Allocating common symbols
Common symbol       size              file

errorMsg            0x4               build/unix/libErrors.a(Errors.o)
orig_tios           0x34              build/unix/platform/libPlatform.a(PosixPlatform.o)
tios                0x34              build/unix/platform/libPlatform.a(PosixPlatform.o)
errorFunc           0x4               build/unix/libErrors.a(Errors.o)
startTime           0x8               build/unix/platform/libPlatform.a(PosixPlatform.o)
bgUserData          0x4               build/unix/bgtree/libbgTree.a(bgCore.o)
tocLastCur          0x18              build/unix/apps/libWikiApp.a(WikiUtil.o)
errorLine           0x4               build/unix/libErrors.a(Errors.o)
errorFile           0x4               build/unix/libErrors.a(Errors.o)

Discarded input sections

 .note.ABI-tag  0x0000000000000000       0x20 /usr/local/jlime/mipsel-toolchain/usr/bin/../lib/gcc/mipsel-linux/4.4.2/../../../../mipsel-linux/lib/crt1.o
 .reginfo       0x0000000000000000       0x18 /usr/local/jlime/mipsel-toolchain/usr/bin/../lib/gcc/mipsel-linux/4.4.2/../../../../mipsel-linux/lib/crt1.o
 .data          0x0000000000000000       0x10 /usr/local/jlime/mipsel-toolchain/usr/bin/../lib/gcc/mipsel-linux/4.4.2/../../../../mipsel-linux/lib/crt1.o
 .bss           0x0000000000000000        0x0 /usr/local/jlime/mipsel-toolchain/usr/bin/../lib/gcc/mipsel-linux/4.4.2/../../../../mipsel-linux/lib/crt1.o
 .text          0x0000000000000000        0x0 /usr/local/jlime/mipsel-toolchain/usr/bin/../lib/gcc/mipsel-linux/4.4.2/../../../../mipsel-linux/lib/crti.o
 .data          0x0000000000000000        0x0 /usr/local/jlime/mipsel-toolchain/usr/bin/../lib/gcc/mipsel-linux/4.4.2/../../../../mipsel-linux/lib/crti.o
 .bss           0x0000000000000000        0x0 /usr/local/jlime/mipsel-toolchain/usr/bin/../lib/gcc/mipsel-linux/4.4.2/../../../../mipsel-linux/lib/crti.o
 .reginfo       0x0000000000000000       0x18 /usr/local/jlime/mipsel-toolchain/usr/bin/../lib/gcc/mipsel-linux/4.4.2/../../../../mipsel-linux/lib/crti.o
 .data          0x0000000000000000        0x0 /usr/local/jlime/mipsel-toolchain/usr/bin/../lib/gcc/mipsel-linux/4.4.2/crtbegin.o
 .reginfo       0x0000000000000000       0x18 /usr/local/jlime/mipsel-toolchain/usr/bin/../lib/gcc/mipsel-linux/4.4.2/crtbegin.o
 .data          0x0000000000000000        0x0 build/unix/apps/WikiMain.o
 .bss           0x0000000000000000        0x0 build/unix/apps/WikiMain.o
 .reginfo       0x0000000000000000       0x18 build/unix/apps/WikiMain.o
 .pdr           0x0000000000000000       0x20 build/unix/apps/WikiMain.o
 .data          0x0000000000000000        0x0 build/unix/apps/libWikiApp.a(WikiApp.o)
 .reginfo       0x0000000000000000       0x18 build/unix/apps/libWikiApp.a(WikiApp.o)
 .pdr           0x0000000000000000      0x140 build/unix/apps/libWikiApp.a(WikiApp.o)
 .data          0x0000000000000000        0x0 build/unix/apps/libWikiApp.a(WikiUtil.o)
 .bss           0x0000000000000000        0x0 build/unix/apps/libWikiApp.a(WikiUtil.o)
 .reginfo       0x0000000000000000       0x18 build/unix/apps/libWikiApp.a(WikiUtil.o)
 .pdr           0x0000000000000000      0x280 build/unix/apps/libWikiApp.a(WikiUtil.o)
 .data          0x0000000000000000        0x0 build/unix/ui/libUi.a(MorseBox.o)
 .bss           0x0000000000000000        0x0 build/unix/ui/libUi.a(MorseBox.o)
 .reginfo       0x0000000000000000       0x18 build/unix/ui/libUi.a(MorseBox.o)
 .pdr           0x0000000000000000      0x100 build/unix/ui/libUi.a(MorseBox.o)
 .data          0x0000000000000000        0x0 build/unix/ui/libUi.a(ListView.o)
 .bss           0x0000000000000000        0x0 build/unix/ui/libUi.a(ListView.o)
 .reginfo       0x0000000000000000       0x18 build/unix/ui/libUi.a(ListView.o)
 .pdr           0x0000000000000000      0x2c0 build/unix/ui/libUi.a(ListView.o)
 .data          0x0000000000000000        0x0 build/unix/ui/libUi.a(ListCmdr.o)
 .bss           0x0000000000000000        0x0 build/unix/ui/libUi.a(ListCmdr.o)
 .reginfo       0x0000000000000000       0x18 build/unix/ui/libUi.a(ListCmdr.o)
 .pdr           0x0000000000000000       0xa0 build/unix/ui/libUi.a(ListCmdr.o)
 .data          0x0000000000000000        0x0 build/unix/platform/libPlatform.a(PosixPlatform.o)
 .bss           0x0000000000000000        0x0 build/unix/platform/libPlatform.a(PosixPlatform.o)
 .reginfo       0x0000000000000000       0x18 build/unix/platform/libPlatform.a(PosixPlatform.o)
 .pdr           0x0000000000000000      0x1e0 build/unix/platform/libPlatform.a(PosixPlatform.o)
 .data          0x0000000000000000        0x0 build/unix/platform/libPlatform.a(Platform.o)
 .bss           0x0000000000000000        0x0 build/unix/platform/libPlatform.a(Platform.o)
 .reginfo       0x0000000000000000       0x18 build/unix/platform/libPlatform.a(Platform.o)
 .pdr           0x0000000000000000       0xa0 build/unix/platform/libPlatform.a(Platform.o)
 .data          0x0000000000000000        0x0 build/unix/platform/libPlatform.a(vt52.o)
 .bss           0x0000000000000000        0x0 build/unix/platform/libPlatform.a(vt52.o)
 .reginfo       0x0000000000000000       0x18 build/unix/platform/libPlatform.a(vt52.o)
 .pdr           0x0000000000000000       0x40 build/unix/platform/libPlatform.a(vt52.o)
 .reginfo       0x0000000000000000       0x18 build/unix/platform/libPlatform.a(FileStdio.o)
 .pdr           0x0000000000000000      0x120 build/unix/platform/libPlatform.a(FileStdio.o)
 .data          0x0000000000000000        0x0 build/unix/bgtree/libbgTree.a(crc32.o)
 .bss           0x0000000000000000        0x0 build/unix/bgtree/libbgTree.a(crc32.o)
 .reginfo       0x0000000000000000       0x18 build/unix/bgtree/libbgTree.a(crc32.o)
 .pdr           0x0000000000000000       0x40 build/unix/bgtree/libbgTree.a(crc32.o)
 .data          0x0000000000000000        0x0 build/unix/bgtree/libbgTree.a(bgApi.o)
 .bss           0x0000000000000000        0x0 build/unix/bgtree/libbgTree.a(bgApi.o)
 .reginfo       0x0000000000000000       0x18 build/unix/bgtree/libbgTree.a(bgApi.o)
 .pdr           0x0000000000000000      0x2a0 build/unix/bgtree/libbgTree.a(bgApi.o)
 .data          0x0000000000000000        0x0 build/unix/bgtree/libbgTree.a(bgUtil2.o)
 .bss           0x0000000000000000        0x0 build/unix/bgtree/libbgTree.a(bgUtil2.o)
 .reginfo       0x0000000000000000       0x18 build/unix/bgtree/libbgTree.a(bgUtil2.o)
 .pdr           0x0000000000000000      0x160 build/unix/bgtree/libbgTree.a(bgUtil2.o)
 .data          0x0000000000000000        0x0 build/unix/bgtree/libbgTree.a(bgCore.o)
 .bss           0x0000000000000000        0x0 build/unix/bgtree/libbgTree.a(bgCore.o)
 .reginfo       0x0000000000000000       0x18 build/unix/bgtree/libbgTree.a(bgCore.o)
 .pdr           0x0000000000000000      0x340 build/unix/bgtree/libbgTree.a(bgCore.o)
 .data          0x0000000000000000        0x0 build/unix/libLoadBlock.a(LoadBlock.o)
 .bss           0x0000000000000000        0x0 build/unix/libLoadBlock.a(LoadBlock.o)
 .reginfo       0x0000000000000000       0x18 build/unix/libLoadBlock.a(LoadBlock.o)
 .pdr           0x0000000000000000       0x60 build/unix/libLoadBlock.a(LoadBlock.o)
 .data          0x0000000000000000        0x0 build/unix/libErrors.a(Errors.o)
 .bss           0x0000000000000000        0x0 build/unix/libErrors.a(Errors.o)
 .reginfo       0x0000000000000000       0x18 build/unix/libErrors.a(Errors.o)
 .pdr           0x0000000000000000       0x40 build/unix/libErrors.a(Errors.o)
 .bss           0x0000000000000000        0x0 build/unix/uCmorse/libinmorse.a(inmorse.o)
 .reginfo       0x0000000000000000       0x18 build/unix/uCmorse/libinmorse.a(inmorse.o)
 .pdr           0x0000000000000000       0x40 build/unix/uCmorse/libinmorse.a(inmorse.o)
 .data          0x0000000000000000        0x0 /mnt/sda6/programas/stuff/tmp/staging/mipsel-linux/usr/lib/libc_nonshared.a(elf-init.oS)
 .bss           0x0000000000000000        0x0 /mnt/sda6/programas/stuff/tmp/staging/mipsel-linux/usr/lib/libc_nonshared.a(elf-init.oS)
 .reginfo       0x0000000000000000       0x18 /mnt/sda6/programas/stuff/tmp/staging/mipsel-linux/usr/lib/libc_nonshared.a(elf-init.oS)
 .pdr           0x0000000000000000       0x40 /mnt/sda6/programas/stuff/tmp/staging/mipsel-linux/usr/lib/libc_nonshared.a(elf-init.oS)
 .data          0x0000000000000000        0x0 /mnt/sda6/programas/stuff/tmp/staging/mipsel-linux/usr/lib/libc_nonshared.a(atexit.oS)
 .bss           0x0000000000000000        0x0 /mnt/sda6/programas/stuff/tmp/staging/mipsel-linux/usr/lib/libc_nonshared.a(atexit.oS)
 .reginfo       0x0000000000000000       0x18 /mnt/sda6/programas/stuff/tmp/staging/mipsel-linux/usr/lib/libc_nonshared.a(atexit.oS)
 .pdr           0x0000000000000000       0x20 /mnt/sda6/programas/stuff/tmp/staging/mipsel-linux/usr/lib/libc_nonshared.a(atexit.oS)
 .data          0x0000000000000000        0x0 /usr/local/jlime/mipsel-toolchain/usr/bin/../lib/gcc/mipsel-linux/4.4.2/crtend.o
 .bss           0x0000000000000000        0x0 /usr/local/jlime/mipsel-toolchain/usr/bin/../lib/gcc/mipsel-linux/4.4.2/crtend.o
 .reginfo       0x0000000000000000       0x18 /usr/local/jlime/mipsel-toolchain/usr/bin/../lib/gcc/mipsel-linux/4.4.2/crtend.o
 .text          0x0000000000000000        0x0 /usr/local/jlime/mipsel-toolchain/usr/bin/../lib/gcc/mipsel-linux/4.4.2/../../../../mipsel-linux/lib/crtn.o
 .data          0x0000000000000000        0x0 /usr/local/jlime/mipsel-toolchain/usr/bin/../lib/gcc/mipsel-linux/4.4.2/../../../../mipsel-linux/lib/crtn.o
 .bss           0x0000000000000000        0x0 /usr/local/jlime/mipsel-toolchain/usr/bin/../lib/gcc/mipsel-linux/4.4.2/../../../../mipsel-linux/lib/crtn.o
 .reginfo       0x0000000000000000       0x18 /usr/local/jlime/mipsel-toolchain/usr/bin/../lib/gcc/mipsel-linux/4.4.2/../../../../mipsel-linux/lib/crtn.o

Memory Configuration

Name             Origin             Length             Attributes
*default*        0x0000000000000000 0xffffffffffffffff

Linker script and memory map

LOAD /usr/local/jlime/mipsel-toolchain/usr/bin/../lib/gcc/mipsel-linux/4.4.2/../../../../mipsel-linux/lib/crt1.o
LOAD /usr/local/jlime/mipsel-toolchain/usr/bin/../lib/gcc/mipsel-linux/4.4.2/../../../../mipsel-linux/lib/crti.o
LOAD /usr/local/jlime/mipsel-toolchain/usr/bin/../lib/gcc/mipsel-linux/4.4.2/crtbegin.o
LOAD build/unix/apps/WikiMain.o
LOAD build/unix/apps/libWikiApp.a
LOAD build/unix/ui/libUi.a
LOAD build/unix/platform/libPlatform.a
LOAD build/unix/bgtree/libbgTree.a
LOAD build/unix/libLoadBlock.a
LOAD build/unix/libErrors.a
LOAD build/unix/uCmorse/libuCmorse.a
LOAD build/unix/uCmorse/libinmorse.a
LOAD /usr/local/jlime/mipsel-toolchain/usr/bin/../lib/gcc/mipsel-linux/4.4.2/libgcc.a
LOAD /usr/local/jlime/mipsel-toolchain/usr/bin/../lib/gcc/mipsel-linux/4.4.2/../../../../mipsel-linux/lib/libgcc_s.so
LOAD /usr/local/jlime/mipsel-toolchain/usr/bin/../lib/gcc/mipsel-linux/4.4.2/../../../../mipsel-linux/lib/libc.so
START GROUP
LOAD /mnt/sda6/programas/stuff/tmp/staging/mipsel-linux/lib/libc.so.6
LOAD /mnt/sda6/programas/stuff/tmp/staging/mipsel-linux/usr/lib/libc_nonshared.a
LOAD /mnt/sda6/programas/stuff/tmp/staging/mipsel-linux/lib/ld.so.1
END GROUP
LOAD /usr/local/jlime/mipsel-toolchain/usr/bin/../lib/gcc/mipsel-linux/4.4.2/libgcc.a
LOAD /usr/local/jlime/mipsel-toolchain/usr/bin/../lib/gcc/mipsel-linux/4.4.2/../../../../mipsel-linux/lib/libgcc_s.so
LOAD /usr/local/jlime/mipsel-toolchain/usr/bin/../lib/gcc/mipsel-linux/4.4.2/crtend.o
LOAD /usr/local/jlime/mipsel-toolchain/usr/bin/../lib/gcc/mipsel-linux/4.4.2/../../../../mipsel-linux/lib/crtn.o
                0x0000000000400000                PROVIDE (__executable_start, 0x400000)
                0x00000000004000f4                . = (0x400000 + SIZEOF_HEADERS)

.interp         0x00000000004000f4        0xd
 *(.interp)
 .interp        0x00000000004000f4        0xd /usr/local/jlime/mipsel-toolchain/usr/bin/../lib/gcc/mipsel-linux/4.4.2/../../../../mipsel-linux/lib/crt1.o

.reginfo
 *(.reginfo)

.note.gnu.build-id
 *(.note.gnu.build-id)

.dynamic        0x0000000000400104       0xd8
 *(.dynamic)
 .dynamic       0x0000000000400104       0xd8 /usr/local/jlime/mipsel-toolchain/usr/bin/../lib/gcc/mipsel-linux/4.4.2/../../../../mipsel-linux/lib/crt1.o
                0x0000000000400104                _DYNAMIC

.hash           0x00000000004001dc      0x454
 *(.hash)
 .hash          0x00000000004001dc      0x454 /usr/local/jlime/mipsel-toolchain/usr/bin/../lib/gcc/mipsel-linux/4.4.2/../../../../mipsel-linux/lib/crt1.o

.gnu.hash
 *(.gnu.hash)

.dynsym         0x0000000000400630      0x900
 *(.dynsym)
 .dynsym        0x0000000000400630      0x900 /usr/local/jlime/mipsel-toolchain/usr/bin/../lib/gcc/mipsel-linux/4.4.2/../../../../mipsel-linux/lib/crt1.o

.dynstr         0x0000000000400f30      0x688
 *(.dynstr)
 .dynstr        0x0000000000400f30      0x688 /usr/local/jlime/mipsel-toolchain/usr/bin/../lib/gcc/mipsel-linux/4.4.2/../../../../mipsel-linux/lib/crt1.o

.gnu.version    0x00000000004015b8      0x120
 *(.gnu.version)
 .gnu.version   0x00000000004015b8      0x120 /usr/local/jlime/mipsel-toolchain/usr/bin/../lib/gcc/mipsel-linux/4.4.2/../../../../mipsel-linux/lib/crt1.o

.gnu.version_d  0x00000000004016d8        0x0
 *(.gnu.version_d)
 .gnu.version_d
                0x0000000000000000        0x0 /usr/local/jlime/mipsel-toolchain/usr/bin/../lib/gcc/mipsel-linux/4.4.2/../../../../mipsel-linux/lib/crt1.o

.gnu.version_r  0x00000000004016d8       0x30
 *(.gnu.version_r)
 .gnu.version_r
                0x00000000004016d8       0x30 /usr/local/jlime/mipsel-toolchain/usr/bin/../lib/gcc/mipsel-linux/4.4.2/../../../../mipsel-linux/lib/crt1.o

.rel.dyn        0x0000000000401708        0x0
 *(.rel.init)
 *(.rel.text .rel.text.* .rel.gnu.linkonce.t.*)
 *(.rel.fini)
 *(.rel.rodata .rel.rodata.* .rel.gnu.linkonce.r.*)
 *(.rel.data.rel.ro* .rel.gnu.linkonce.d.rel.ro.*)
 *(.rel.data .rel.data.* .rel.gnu.linkonce.d.*)
 *(.rel.tdata .rel.tdata.* .rel.gnu.linkonce.td.*)
 *(.rel.tbss .rel.tbss.* .rel.gnu.linkonce.tb.*)
 *(.rel.ctors)
 *(.rel.dtors)
 *(.rel.got)
 *(.rel.dyn)
 .rel.dyn       0x0000000000000000        0x0 /usr/local/jlime/mipsel-toolchain/usr/bin/../lib/gcc/mipsel-linux/4.4.2/../../../../mipsel-linux/lib/crt1.o
 *(.rel.sdata .rel.sdata.* .rel.gnu.linkonce.s.*)
 *(.rel.sbss .rel.sbss.* .rel.gnu.linkonce.sb.*)
 *(.rel.sdata2 .rel.sdata2.* .rel.gnu.linkonce.s2.*)
 *(.rel.sbss2 .rel.sbss2.* .rel.gnu.linkonce.sb2.*)
 *(.rel.bss .rel.bss.* .rel.gnu.linkonce.b.*)
 .rel.bss       0x0000000000000000        0x0 /usr/local/jlime/mipsel-toolchain/usr/bin/../lib/gcc/mipsel-linux/4.4.2/../../../../mipsel-linux/lib/crt1.o
                0x0000000000401708                PROVIDE (__rel_iplt_start, .)
 *(.rel.iplt)
                0x0000000000401708                PROVIDE (__rel_iplt_end, .)
                0x0000000000401708                PROVIDE (__rela_iplt_start, .)
                0x0000000000401708                PROVIDE (__rela_iplt_end, .)

.rela.dyn       0x0000000000401708        0x0
 *(.rela.init)
 *(.rela.text .rela.text.* .rela.gnu.linkonce.t.*)
 *(.rela.fini)
 *(.rela.rodata .rela.rodata.* .rela.gnu.linkonce.r.*)
 *(.rela.data .rela.data.* .rela.gnu.linkonce.d.*)
 *(.rela.tdata .rela.tdata.* .rela.gnu.linkonce.td.*)
 *(.rela.tbss .rela.tbss.* .rela.gnu.linkonce.tb.*)
 *(.rela.ctors)
 *(.rela.dtors)
 *(.rela.got)
 *(.rela.sdata .rela.sdata.* .rela.gnu.linkonce.s.*)
 *(.rela.sbss .rela.sbss.* .rela.gnu.linkonce.sb.*)
 *(.rela.sdata2 .rela.sdata2.* .rela.gnu.linkonce.s2.*)
 *(.rela.sbss2 .rela.sbss2.* .rela.gnu.linkonce.sb2.*)
 *(.rela.bss .rela.bss.* .rela.gnu.linkonce.b.*)
                0x0000000000401708                PROVIDE (__rel_iplt_start, .)
                0x0000000000401708                PROVIDE (__rel_iplt_end, .)
                0x0000000000401708                PROVIDE (__rela_iplt_start, .)
 *(.rela.iplt)
                0x0000000000401708                PROVIDE (__rela_iplt_end, .)

.rel.plt        0x0000000000401708        0x0
 *(.rel.plt)
 .rel.plt       0x0000000000000000        0x0 /usr/local/jlime/mipsel-toolchain/usr/bin/../lib/gcc/mipsel-linux/4.4.2/../../../../mipsel-linux/lib/crt1.o

.rela.plt
 *(.rela.plt)

.init           0x0000000000401708       0x78
 *(.init)
 .init          0x0000000000401708       0x2c /usr/local/jlime/mipsel-toolchain/usr/bin/../lib/gcc/mipsel-linux/4.4.2/../../../../mipsel-linux/lib/crti.o
                0x0000000000401708                _init
 .init          0x0000000000401734       0x20 /usr/local/jlime/mipsel-toolchain/usr/bin/../lib/gcc/mipsel-linux/4.4.2/crtbegin.o
 .init          0x0000000000401754       0x20 /usr/local/jlime/mipsel-toolchain/usr/bin/../lib/gcc/mipsel-linux/4.4.2/crtend.o
 .init          0x0000000000401774        0xc /usr/local/jlime/mipsel-toolchain/usr/bin/../lib/gcc/mipsel-linux/4.4.2/../../../../mipsel-linux/lib/crtn.o

.plt            0x0000000000401780        0x0
 *(.plt)
 .plt           0x0000000000000000        0x0 /usr/local/jlime/mipsel-toolchain/usr/bin/../lib/gcc/mipsel-linux/4.4.2/../../../../mipsel-linux/lib/crt1.o

.iplt
 *(.iplt)

.text           0x0000000000401780     0xb750
                0x0000000000401780                _ftext = .
 *(.text.unlikely .text.*_unlikely)
 *(.text .stub .text.* .gnu.linkonce.t.*)
 .text          0x0000000000401780       0x60 /usr/local/jlime/mipsel-toolchain/usr/bin/../lib/gcc/mipsel-linux/4.4.2/../../../../mipsel-linux/lib/crt1.o
                0x0000000000401780                __start
 .text          0x00000000004017e0       0xc0 /usr/local/jlime/mipsel-toolchain/usr/bin/../lib/gcc/mipsel-linux/4.4.2/crtbegin.o
 .text          0x00000000004018a0      0x310 build/unix/apps/WikiMain.o
                0x00000000004018a0                main
 .text          0x0000000000401bb0      0xdd0 build/unix/apps/libWikiApp.a(WikiApp.o)
                0x0000000000401c40                WikiAppInit
                0x0000000000401d44                WikiAppSetTitle
                0x0000000000401e64                WikiAppSetText
                0x0000000000402014                WikiAppDraw
                0x0000000000402294                TitleSearchPushEvent
                0x0000000000402420                TocPushEvent
                0x0000000000402664                WTextViewerPushEvent
                0x0000000000402854                WikiAppPushEvent
 .text          0x0000000000402980     0x1980 build/unix/apps/libWikiApp.a(WikiUtil.o)
                0x0000000000402ce0                CalcUpperCRC
                0x0000000000402e48                TocNext
                0x0000000000403048                TocRestart
                0x00000000004030cc                TocInit
                0x0000000000403298                TocDestroy
                0x0000000000403320                SearchNext
                0x00000000004034ec                SearchRestart
                0x000000000040360c                PreNext
                0x0000000000403824                PreRestart
                0x0000000000403944                SearchViewInit
                0x0000000000403b54                SectionNext
                0x0000000000403f70                SectionRestart
                0x0000000000403fc0                SectionViewInit
                0x000000000040429c                SectionViewDestroy
 .text          0x0000000000404300      0xc60 build/unix/ui/libUi.a(MorseBox.o)
                0x0000000000404300                MorseBoxInit
                0x00000000004043a4                MorseBoxSetPrompt
                0x000000000040445c                MorseBoxSetBuffer
                0x000000000040454c                MorseBoxGetBuffer
                0x0000000000404574                MorseBoxReset
                0x00000000004045d8                MorseBoxPushEvent
                0x0000000000404978                IsPrintable
                0x0000000000404a08                MorseBoxDraw
 .text          0x0000000000404f60     0x1450 build/unix/ui/libUi.a(ListView.o)
                0x0000000000404f60                ListGenCreate
                0x0000000000404ffc                ListGenNext
                0x00000000004051a8                ListGenRestart
                0x0000000000405254                ListGenGet
                0x0000000000405390                ListGenExists
                0x0000000000405468                ListGenModified
                0x00000000004054b8                ListViewCreate
                0x00000000004055c8                DrawFocusChar
                0x00000000004056ec                ListViewDrawFocus
                0x00000000004057d0                ListViewDraw
                0x0000000000405a88                ListViewSetFocus
                0x0000000000405c38                ListViewGetFocus
                0x0000000000405c68                ListViewFocusNext
                0x0000000000405cb4                ListViewFocusPrev
                0x0000000000405d00                ListViewForceRedraw
                0x0000000000405d30                PrefixCompare
                0x0000000000405e6c                PrefixFilterNext
                0x0000000000405fd0                PrefixFilterRestart
                0x0000000000406024                PrefixFilterCreate
                0x0000000000406164                ConcatGenNext
                0x000000000040621c                ConcatGenRestart
                0x0000000000406288                ConcatGenCreate
 .text          0x00000000004063b0      0x810 build/unix/ui/libUi.a(ListCmdr.o)
                0x00000000004063b0                ListCmdrInit
                0x000000000040660c                ListCmdrPushEvent
                0x0000000000406988                ListCmdrGetValue
                0x00000000004069dc                ListCmdrDraw
                0x0000000000406b60                ListCmdrForceRedraw
 .text          0x0000000000406bc0      0xb40 build/unix/platform/libPlatform.a(PosixPlatform.o)
                0x0000000000406bc0                sounder
                0x0000000000406be8                StdioDestroy
                0x0000000000406c7c                StdioInit
                0x0000000000406fb4                StackCheck
                0x0000000000406fd4                StackPrintInfo
                0x0000000000406ff8                PlatformInit
                0x00000000004071d0                OutC
                0x000000000040723c                GetTimeOfDayMilli
                0x0000000000407304                TimerInit
                0x0000000000407358                TimerMillisec
                0x00000000004073b4                TimerCount
                0x0000000000407404                TimerCountPerMillisec
                0x0000000000407428                DelayMs
                0x000000000040749c                InputIsReady
                0x000000000040763c                InputCheck
 .text          0x0000000000407700      0x560 build/unix/platform/libPlatform.a(Platform.o)
                0x0000000000407700                InputUnescape
                0x0000000000407890                OutS
                0x0000000000407924                OutXByte
                0x0000000000407a30                OutX
                0x0000000000407ac8                OutI
 .text          0x0000000000407c60      0x330 build/unix/platform/libPlatform.a(vt52.o)
                0x0000000000407c60                vposition
                0x0000000000407eb4                vclearlines
 .text          0x0000000000407f90      0x590 build/unix/platform/libPlatform.a(FileStdio.o)
                0x0000000000407f90                FileInit
                0x0000000000407fb4                FileOpenRO
                0x00000000004080c4                FileClose
                0x000000000040817c                FileRead
                0x00000000004082f4                FileSeek
                0x0000000000408414                FileGetC
                0x00000000004084a0                FileGetHandle
                0x00000000004084c8                FileStateVersion
                0x00000000004084f0                FileSectorReadCount
 .text          0x0000000000408520      0x170 build/unix/bgtree/libbgTree.a(crc32.o)
                0x0000000000408520                CalcCRCBase
                0x000000000040862c                CalcCRC
 .text          0x0000000000408690     0x1790 build/unix/bgtree/libbgTree.a(bgApi.o)
                0x0000000000408720                CursorKeyNext
                0x00000000004088ec                CursorConsecutiveKeysNext
                0x0000000000408aec                CursorUnionNext
                0x0000000000408b78                CursorIntersectionNext
                0x0000000000408cfc                CursorUniqueNext
                0x0000000000408d24                CursorNext
                0x0000000000408d6c                CursorInit
                0x0000000000408e44                SelectKey
                0x0000000000408f94                SelectConsecutiveKeys
                0x00000000004090e4                SelectAll
                0x0000000000409228                Union
                0x00000000004093c8                Intersection
                0x0000000000409590                CursorDup
                0x0000000000409788                CursorDestroy
                0x00000000004098e4                CursorPeek
                0x000000000040995c                CalcTreeSize
                0x00000000004099d0                TreeCreate
                0x0000000000409af0                TreeInit
                0x0000000000409b34                TreeAppend
 .text          0x0000000000409e20     0x13b0 build/unix/bgtree/libbgTree.a(bgUtil2.o)
                0x0000000000409e20                UnpackStringFromFile
                0x0000000000409f9c                UnpackIntFromFile
                0x000000000040a060                UnpackUIntFromFile
                0x000000000040a124                SchemaGetOffset
                0x000000000040a534                SchemaGetUInt
                0x000000000040a640                SchemaGetInt
                0x000000000040a70c                SchemaGetString
                0x000000000040a95c                SchemaGetStringLen
                0x000000000040aab0                UnpackAndPrintStringFromFile
                0x000000000040abd0                PrintVisitor
                0x000000000040af64                TestSanityVisitor
 .text          0x000000000040b1d0     0x14c0 build/unix/bgtree/libbgTree.a(bgCore.o)
                0x000000000040b1d0                SetUserData
                0x000000000040b20c                GetUserData
                0x000000000040b240                FindIndexOfChild
                0x000000000040b304                FindInternalNode
                0x000000000040b534                FindInternal
                0x000000000040b5c4                NodeInit
                0x000000000040b6a4                GetLastNodeOfDepth
                0x000000000040b740                NodeSummaryCreate
                0x000000000040b848                NodeSummaryLoad
                0x000000000040b8e4                NodeItemLoad
                0x000000000040b944                NodeKeyLoad
                0x000000000040b9a4                NodeParent
                0x000000000040b9e8                NodeLen
                0x000000000040ba2c                NodeDepth
                0x000000000040ba7c                NodeLoad
                0x000000000040bae8                NodeSave
                0x000000000040bb54                GetLastNonFullDescendant
                0x000000000040bc18                CreateDescendingNodes
                0x000000000040bd90                AppendNewLeafNode
                0x000000000040bf34                NodeVisitDFS
                0x000000000040c078                CalcTreeSize2
                0x000000000040c188                CalcMinimumDepth
                0x000000000040c2a4                NodeNextLeaf
                0x000000000040c44c                RowPtrInit
                0x000000000040c4b8                RowPtrNext
                0x000000000040c604                NodeFindFirstChild
 .text          0x000000000040c690      0x290 build/unix/libLoadBlock.a(LoadBlock.o)
                0x000000000040c690                LoadBlock
                0x000000000040c874                AllocBlock
                0x000000000040c8c4                SaveBlock
 .text          0x000000000040c920      0x2a0 build/unix/libErrors.a(Errors.o)
                0x000000000040c920                ERRORprint2
                0x000000000040cb80                ERRORprint3
 .text          0x000000000040cbc0      0x1e0 build/unix/uCmorse/libinmorse.a(inmorse.o)
                0x000000000040cbc0                InMorseCodeTree
                0x000000000040cbf8                InMorseNext
 .text          0x000000000040cda0       0xb0 /mnt/sda6/programas/stuff/tmp/staging/mipsel-linux/usr/lib/libc_nonshared.a(elf-init.oS)
                0x000000000040cda0                __libc_csu_fini
                0x000000000040cda8                __libc_csu_init
 .text          0x000000000040ce50       0x30 /mnt/sda6/programas/stuff/tmp/staging/mipsel-linux/usr/lib/libc_nonshared.a(atexit.oS)
                0x000000000040ce50                atexit
 .text          0x000000000040ce80       0x50 /usr/local/jlime/mipsel-toolchain/usr/bin/../lib/gcc/mipsel-linux/4.4.2/crtend.o
 *(.gnu.warning)
 *(.mips16.fn.*)
 *(.mips16.call.*)

.MIPS.stubs     0x000000000040ced0      0x250
 .MIPS.stubs    0x000000000040ced0      0x250 /usr/local/jlime/mipsel-toolchain/usr/bin/../lib/gcc/mipsel-linux/4.4.2/../../../../mipsel-linux/lib/crt1.o
                0x000000000040ced0                fileno@@GLIBC_2.0
                0x000000000040cee0                sigemptyset@@GLIBC_2.0
                0x000000000040cef0                strncpy@@GLIBC_2.0
                0x000000000040cf00                putchar@@GLIBC_2.0
                0x000000000040cf10                toupper@@GLIBC_2.0
                0x000000000040cf20                memset@@GLIBC_2.0
                0x000000000040cf30                __libc_start_main@@GLIBC_2.0
                0x000000000040cf40                tcgetattr@@GLIBC_2.0
                0x000000000040cf50                __assert_fail@@GLIBC_2.0
                0x000000000040cf60                read@@GLIBC_2.0
                0x000000000040cf70                usleep@@GLIBC_2.0
                0x000000000040cf80                gettimeofday@@GLIBC_2.0
                0x000000000040cf90                free@@GLIBC_2.0
                0x000000000040cfa0                sigaction@@GLIBC_2.0
                0x000000000040cfb0                fflush@@GLIBC_2.0
                0x000000000040cfc0                fseek@@GLIBC_2.0
                0x000000000040cfd0                fclose@@GLIBC_2.2
                0x000000000040cfe0                memcpy@@GLIBC_2.0
                0x000000000040cff0                strlen@@GLIBC_2.0
                0x000000000040d000                feof@@GLIBC_2.0
                0x000000000040d010                printf@@GLIBC_2.0
                0x000000000040d020                chdir@@GLIBC_2.0
                0x000000000040d030                select@@GLIBC_2.0
                0x000000000040d040                fwrite@@GLIBC_2.0
                0x000000000040d050                fprintf@@GLIBC_2.0
                0x000000000040d060                malloc@@GLIBC_2.0
                0x000000000040d070                __cxa_atexit@@GLIBC_2.2
                0x000000000040d080                fputc@@GLIBC_2.0
                0x000000000040d090                fopen@@GLIBC_2.2
                0x000000000040d0a0                puts@@GLIBC_2.0
                0x000000000040d0b0                tcsetattr@@GLIBC_2.0
                0x000000000040d0c0                strncmp@@GLIBC_2.0
                0x000000000040d0d0                _IO_putc@@GLIBC_2.0
                0x000000000040d0e0                fread@@GLIBC_2.0
                0x000000000040d0f0                snprintf@@GLIBC_2.0
                0x000000000040d100                strcmp@@GLIBC_2.0

.fini           0x000000000040d120       0x44
 *(.fini)
 .fini          0x000000000040d120       0x18 /usr/local/jlime/mipsel-toolchain/usr/bin/../lib/gcc/mipsel-linux/4.4.2/../../../../mipsel-linux/lib/crti.o
                0x000000000040d120                _fini
 .fini          0x000000000040d138       0x20 /usr/local/jlime/mipsel-toolchain/usr/bin/../lib/gcc/mipsel-linux/4.4.2/crtbegin.o
 .fini          0x000000000040d158        0xc /usr/local/jlime/mipsel-toolchain/usr/bin/../lib/gcc/mipsel-linux/4.4.2/../../../../mipsel-linux/lib/crtn.o
                0x000000000040d164                PROVIDE (__etext, .)
                0x000000000040d164                PROVIDE (_etext, .)
                0x000000000040d164                PROVIDE (etext, .)

.rodata         0x000000000040d170      0xa00
 *(.rodata .rodata.* .gnu.linkonce.r.*)
 .rodata.cst4   0x000000000040d170        0x4 /usr/local/jlime/mipsel-toolchain/usr/bin/../lib/gcc/mipsel-linux/4.4.2/../../../../mipsel-linux/lib/crt1.o
                0x000000000040d170                _IO_stdin_used
 *fill*         0x000000000040d174        0xc 00
 .rodata        0x000000000040d180       0x50 build/unix/apps/WikiMain.o
 .rodata        0x000000000040d1d0       0xb0 build/unix/apps/libWikiApp.a(WikiApp.o)
 .rodata        0x000000000040d280       0xe0 build/unix/apps/libWikiApp.a(WikiUtil.o)
 .rodata        0x000000000040d360       0x50 build/unix/ui/libUi.a(MorseBox.o)
 .rodata        0x000000000040d3b0       0x90 build/unix/ui/libUi.a(ListView.o)
 .rodata        0x000000000040d440      0x130 build/unix/platform/libPlatform.a(PosixPlatform.o)
 .rodata        0x000000000040d570       0x50 build/unix/platform/libPlatform.a(Platform.o)
 .rodata        0x000000000040d5c0       0x10 build/unix/platform/libPlatform.a(vt52.o)
 .rodata        0x000000000040d5d0       0xb0 build/unix/platform/libPlatform.a(FileStdio.o)
 .rodata        0x000000000040d680       0x40 build/unix/bgtree/libbgTree.a(bgApi.o)
 .rodata        0x000000000040d6c0      0x330 build/unix/bgtree/libbgTree.a(bgUtil2.o)
 .rodata        0x000000000040d9f0       0x80 build/unix/bgtree/libbgTree.a(bgCore.o)
 .rodata        0x000000000040da70       0x80 build/unix/libLoadBlock.a(LoadBlock.o)
 .rodata        0x000000000040daf0       0x50 build/unix/libErrors.a(Errors.o)
 .rodata        0x000000000040db40       0x30 build/unix/uCmorse/libinmorse.a(inmorse.o)

.rodata1
 *(.rodata1)

.sdata2
 *(.sdata2 .sdata2.* .gnu.linkonce.s2.*)

.sbss2
 *(.sbss2 .sbss2.* .gnu.linkonce.sb2.*)

.eh_frame_hdr
 *(.eh_frame_hdr)

.eh_frame       0x000000000040db70        0x4
 *(.eh_frame)
 .eh_frame      0x000000000040db70        0x4 /usr/local/jlime/mipsel-toolchain/usr/bin/../lib/gcc/mipsel-linux/4.4.2/crtend.o

.gcc_except_table
 *(.gcc_except_table .gcc_except_table.*)
                0x000000000040db74                . = (ALIGN (0x10000) - ((0x10000 - .) & 0xffff))
                0x000000000041db74                . = (0x10000 DATA_SEGMENT_ALIGN 0x1000)

.eh_frame
 *(.eh_frame)

.gcc_except_table
 *(.gcc_except_table .gcc_except_table.*)

.tdata
 *(.tdata .tdata.* .gnu.linkonce.td.*)

.tbss
 *(.tbss .tbss.* .gnu.linkonce.tb.*)
 *(.tcommon)

.preinit_array  0x000000000041db74        0x0
                0x000000000041db74                PROVIDE (__preinit_array_start, .)
 *(.preinit_array)
                0x000000000041db74                PROVIDE (__preinit_array_end, .)

.init_array     0x000000000041db74        0x0
                0x000000000041db74                PROVIDE (__init_array_start, .)
 *(SORT(.init_array.*))
 *(.init_array)
                0x000000000041db74                PROVIDE (__init_array_end, .)

.fini_array     0x000000000041db74        0x0
                0x000000000041db74                PROVIDE (__fini_array_start, .)
 *(.fini_array)
 *(SORT(.fini_array.*))
                0x000000000041db74                PROVIDE (__fini_array_end, .)

.ctors          0x000000000041db74        0x8
 *crtbegin.o(.ctors)
 .ctors         0x000000000041db74        0x4 /usr/local/jlime/mipsel-toolchain/usr/bin/../lib/gcc/mipsel-linux/4.4.2/crtbegin.o
 *crtbegin?.o(.ctors)
 *(EXCLUDE_FILE(*crtend?.o *crtend.o) .ctors)
 *(SORT(.ctors.*))
 *(.ctors)
 .ctors         0x000000000041db78        0x4 /usr/local/jlime/mipsel-toolchain/usr/bin/../lib/gcc/mipsel-linux/4.4.2/crtend.o

.dtors          0x000000000041db7c        0x8
 *crtbegin.o(.dtors)
 .dtors         0x000000000041db7c        0x4 /usr/local/jlime/mipsel-toolchain/usr/bin/../lib/gcc/mipsel-linux/4.4.2/crtbegin.o
 *crtbegin?.o(.dtors)
 *(EXCLUDE_FILE(*crtend?.o *crtend.o) .dtors)
 *(SORT(.dtors.*))
 *(.dtors)
 .dtors         0x000000000041db80        0x4 /usr/local/jlime/mipsel-toolchain/usr/bin/../lib/gcc/mipsel-linux/4.4.2/crtend.o
                0x000000000041db80                __DTOR_END__

.jcr            0x000000000041db84        0x4
 *(.jcr)
 .jcr           0x000000000041db84        0x0 /usr/local/jlime/mipsel-toolchain/usr/bin/../lib/gcc/mipsel-linux/4.4.2/crtbegin.o
 .jcr           0x000000000041db84        0x4 /usr/local/jlime/mipsel-toolchain/usr/bin/../lib/gcc/mipsel-linux/4.4.2/crtend.o

.data.rel.ro
 *(.data.rel.ro.local* .gnu.linkonce.d.rel.ro.local.*)
 *(.data.rel.ro* .gnu.linkonce.d.rel.ro.*)
                0x000000000041db88                . = (. DATA_SEGMENT_RELRO_END 0x0)

.data           0x000000000041db90       0x50
                0x000000000041db90                _fdata = .
 *(.data .data.* .gnu.linkonce.d.*)
 .data          0x000000000041db90       0x10 build/unix/platform/libPlatform.a(FileStdio.o)
 .data          0x000000000041dba0       0x40 build/unix/uCmorse/libinmorse.a(inmorse.o)
                0x000000000041dba0                codetree

.rld_map        0x000000000041dbe0        0x4
 .rld_map       0x000000000041dbe0        0x4 /usr/local/jlime/mipsel-toolchain/usr/bin/../lib/gcc/mipsel-linux/4.4.2/../../../../mipsel-linux/lib/crt1.o
                0x000000000041dbe0                __RLD_MAP

.data1
 *(.data1)

.got.plt        0x000000000041dbe4        0x0
 *(.got.plt)
 .got.plt       0x0000000000000000        0x0 /usr/local/jlime/mipsel-toolchain/usr/bin/../lib/gcc/mipsel-linux/4.4.2/../../../../mipsel-linux/lib/crt1.o
                0x000000000041dbe4                . = .
                0x0000000000425be0                _gp = (ALIGN (0x10) + 0x7ff0)

.got            0x000000000041dbf0      0x250
 *(.got)
 .got           0x000000000041dbf0      0x250 /usr/local/jlime/mipsel-toolchain/usr/bin/../lib/gcc/mipsel-linux/4.4.2/../../../../mipsel-linux/lib/crt1.o
                0x000000000041dbf0                _GLOBAL_OFFSET_TABLE_

.sdata          0x000000000041de40        0x4
 *(.sdata .sdata.* .gnu.linkonce.s.*)
 .sdata         0x000000000041de40        0x4 /usr/local/jlime/mipsel-toolchain/usr/bin/../lib/gcc/mipsel-linux/4.4.2/crtbegin.o
                0x000000000041de40                __dso_handle

.lit8
 *(.lit8)

.lit4
 *(.lit4)
                0x000000000041de44                _edata = .
                0x000000000041de44                PROVIDE (edata, .)
                0x000000000041de44                __bss_start = .
                0x000000000041de44                _fbss = .

.sbss           0x000000000041de48       0x1c
 *(.dynsbss)
 *(.sbss .sbss.* .gnu.linkonce.sb.*)
 *(.scommon)
 .scommon       0x000000000041de48        0x8 build/unix/platform/libPlatform.a(PosixPlatform.o)
                0x000000000041de48                startTime
 .scommon       0x000000000041de50        0x4 build/unix/bgtree/libbgTree.a(bgCore.o)
                0x000000000041de50                bgUserData
 .scommon       0x000000000041de54       0x10 build/unix/libErrors.a(Errors.o)
                0x000000000041de54                errorMsg
                0x000000000041de58                errorFunc
                0x000000000041de5c                errorLine
                0x000000000041de60                errorFile

.bss            0x000000000041de70       0xb0
 *(.dynbss)
 .dynbss        0x0000000000000000        0x0 /usr/local/jlime/mipsel-toolchain/usr/bin/../lib/gcc/mipsel-linux/4.4.2/../../../../mipsel-linux/lib/crt1.o
 *(.bss .bss.* .gnu.linkonce.b.*)
 .bss           0x000000000041de70       0x10 /usr/local/jlime/mipsel-toolchain/usr/bin/../lib/gcc/mipsel-linux/4.4.2/crtbegin.o
 .bss           0x000000000041de80       0x10 build/unix/apps/libWikiApp.a(WikiApp.o)
 .bss           0x000000000041de90       0x10 build/unix/platform/libPlatform.a(FileStdio.o)
                0x000000000041de90                fsFile
 *(COMMON)
 COMMON         0x000000000041dea0       0x18 build/unix/apps/libWikiApp.a(WikiUtil.o)
                0x000000000041dea0                tocLastCur
 COMMON         0x000000000041deb8       0x68 build/unix/platform/libPlatform.a(PosixPlatform.o)
                0x000000000041deb8                orig_tios
                0x000000000041deec                tios
                0x000000000041df20                . = ALIGN ((. != 0x0)?0x4:0x1)
                0x000000000041df20                . = ALIGN (0x4)
                0x000000000041df20                . = ALIGN (0x4)
                0x000000000041df20                _end = .
                0x000000000041df20                PROVIDE (end, .)
                0x000000000041df20                . = DATA_SEGMENT_END (.)

.stab
 *(.stab)

.stabstr
 *(.stabstr)

.stab.excl
 *(.stab.excl)

.stab.exclstr
 *(.stab.exclstr)

.stab.index
 *(.stab.index)

.stab.indexstr
 *(.stab.indexstr)

.pdr            0x0000000000000000        0x0
 .pdr           0x0000000000000000        0x0 /usr/local/jlime/mipsel-toolchain/usr/bin/../lib/gcc/mipsel-linux/4.4.2/../../../../mipsel-linux/lib/crt1.o
 .pdr           0x0000000000000000        0x0 /usr/local/jlime/mipsel-toolchain/usr/bin/../lib/gcc/mipsel-linux/4.4.2/../../../../mipsel-linux/lib/crti.o
 .pdr           0x0000000000000000        0x0 /usr/local/jlime/mipsel-toolchain/usr/bin/../lib/gcc/mipsel-linux/4.4.2/crtbegin.o
 .pdr           0x0000000000000000        0x0 /usr/local/jlime/mipsel-toolchain/usr/bin/../lib/gcc/mipsel-linux/4.4.2/crtend.o
 .pdr           0x0000000000000000        0x0 /usr/local/jlime/mipsel-toolchain/usr/bin/../lib/gcc/mipsel-linux/4.4.2/../../../../mipsel-linux/lib/crtn.o

.comment        0x0000000000000000       0x11
 *(.comment)
 .comment       0x0000000000000000       0x11 /usr/local/jlime/mipsel-toolchain/usr/bin/../lib/gcc/mipsel-linux/4.4.2/../../../../mipsel-linux/lib/crt1.o
                                         0x12 (size before relaxing)
 .comment       0x0000000000000000       0x12 /usr/local/jlime/mipsel-toolchain/usr/bin/../lib/gcc/mipsel-linux/4.4.2/../../../../mipsel-linux/lib/crti.o
 .comment       0x0000000000000000       0x12 /usr/local/jlime/mipsel-toolchain/usr/bin/../lib/gcc/mipsel-linux/4.4.2/crtbegin.o
 .comment       0x0000000000000000       0x12 build/unix/apps/WikiMain.o
 .comment       0x0000000000000000       0x12 build/unix/apps/libWikiApp.a(WikiApp.o)
 .comment       0x0000000000000000       0x12 build/unix/apps/libWikiApp.a(WikiUtil.o)
 .comment       0x0000000000000000       0x12 build/unix/ui/libUi.a(MorseBox.o)
 .comment       0x0000000000000000       0x12 build/unix/ui/libUi.a(ListView.o)
 .comment       0x0000000000000000       0x12 build/unix/ui/libUi.a(ListCmdr.o)
 .comment       0x0000000000000000       0x12 build/unix/platform/libPlatform.a(PosixPlatform.o)
 .comment       0x0000000000000000       0x12 build/unix/platform/libPlatform.a(Platform.o)
 .comment       0x0000000000000000       0x12 build/unix/platform/libPlatform.a(vt52.o)
 .comment       0x0000000000000000       0x12 build/unix/platform/libPlatform.a(FileStdio.o)
 .comment       0x0000000000000000       0x12 build/unix/bgtree/libbgTree.a(crc32.o)
 .comment       0x0000000000000000       0x12 build/unix/bgtree/libbgTree.a(bgApi.o)
 .comment       0x0000000000000000       0x12 build/unix/bgtree/libbgTree.a(bgUtil2.o)
 .comment       0x0000000000000000       0x12 build/unix/bgtree/libbgTree.a(bgCore.o)
 .comment       0x0000000000000000       0x12 build/unix/libLoadBlock.a(LoadBlock.o)
 .comment       0x0000000000000000       0x12 build/unix/libErrors.a(Errors.o)
 .comment       0x0000000000000000       0x12 build/unix/uCmorse/libinmorse.a(inmorse.o)
 .comment       0x0000000000000000       0x12 /mnt/sda6/programas/stuff/tmp/staging/mipsel-linux/usr/lib/libc_nonshared.a(elf-init.oS)
 .comment       0x0000000000000000       0x12 /mnt/sda6/programas/stuff/tmp/staging/mipsel-linux/usr/lib/libc_nonshared.a(atexit.oS)
 .comment       0x0000000000000000       0x12 /usr/local/jlime/mipsel-toolchain/usr/bin/../lib/gcc/mipsel-linux/4.4.2/crtend.o
 .comment       0x0000000000000000       0x12 /usr/local/jlime/mipsel-toolchain/usr/bin/../lib/gcc/mipsel-linux/4.4.2/../../../../mipsel-linux/lib/crtn.o

.debug
 *(.debug)

.line
 *(.line)

.debug_srcinfo
 *(.debug_srcinfo)

.debug_sfnames
 *(.debug_sfnames)

.debug_aranges  0x0000000000000000      0x220
 *(.debug_aranges)
 .debug_aranges
                0x0000000000000000       0x20 build/unix/apps/WikiMain.o
 .debug_aranges
                0x0000000000000020       0x20 build/unix/apps/libWikiApp.a(WikiApp.o)
 .debug_aranges
                0x0000000000000040       0x20 build/unix/apps/libWikiApp.a(WikiUtil.o)
 .debug_aranges
                0x0000000000000060       0x20 build/unix/ui/libUi.a(MorseBox.o)
 .debug_aranges
                0x0000000000000080       0x20 build/unix/ui/libUi.a(ListView.o)
 .debug_aranges
                0x00000000000000a0       0x20 build/unix/ui/libUi.a(ListCmdr.o)
 .debug_aranges
                0x00000000000000c0       0x20 build/unix/platform/libPlatform.a(PosixPlatform.o)
 .debug_aranges
                0x00000000000000e0       0x20 build/unix/platform/libPlatform.a(Platform.o)
 .debug_aranges
                0x0000000000000100       0x20 build/unix/platform/libPlatform.a(vt52.o)
 .debug_aranges
                0x0000000000000120       0x20 build/unix/platform/libPlatform.a(FileStdio.o)
 .debug_aranges
                0x0000000000000140       0x20 build/unix/bgtree/libbgTree.a(crc32.o)
 .debug_aranges
                0x0000000000000160       0x20 build/unix/bgtree/libbgTree.a(bgApi.o)
 .debug_aranges
                0x0000000000000180       0x20 build/unix/bgtree/libbgTree.a(bgUtil2.o)
 .debug_aranges
                0x00000000000001a0       0x20 build/unix/bgtree/libbgTree.a(bgCore.o)
 .debug_aranges
                0x00000000000001c0       0x20 build/unix/libLoadBlock.a(LoadBlock.o)
 .debug_aranges
                0x00000000000001e0       0x20 build/unix/libErrors.a(Errors.o)
 .debug_aranges
                0x0000000000000200       0x20 build/unix/uCmorse/libinmorse.a(inmorse.o)

.debug_pubnames
                0x0000000000000000      0xc81
 *(.debug_pubnames)
 .debug_pubnames
                0x0000000000000000       0x1b build/unix/apps/WikiMain.o
 .debug_pubnames
                0x000000000000001b       0xb1 build/unix/apps/libWikiApp.a(WikiApp.o)
 .debug_pubnames
                0x00000000000000cc      0x105 build/unix/apps/libWikiApp.a(WikiUtil.o)
 .debug_pubnames
                0x00000000000001d1       0xae build/unix/ui/libUi.a(MorseBox.o)
 .debug_pubnames
                0x000000000000027f      0x1c7 build/unix/ui/libUi.a(ListView.o)
 .debug_pubnames
                0x0000000000000446       0x77 build/unix/ui/libUi.a(ListCmdr.o)
 .debug_pubnames
                0x00000000000004bd      0x129 build/unix/platform/libPlatform.a(PosixPlatform.o)
 .debug_pubnames
                0x00000000000005e6       0x4c build/unix/platform/libPlatform.a(Platform.o)
 .debug_pubnames
                0x0000000000000632       0x30 build/unix/platform/libPlatform.a(vt52.o)
 .debug_pubnames
                0x0000000000000662       0xad build/unix/platform/libPlatform.a(FileStdio.o)
 .debug_pubnames
                0x000000000000070f       0x2e build/unix/bgtree/libbgTree.a(crc32.o)
 .debug_pubnames
                0x000000000000073d      0x160 build/unix/bgtree/libbgTree.a(bgApi.o)
 .debug_pubnames
                0x000000000000089d      0x102 build/unix/bgtree/libbgTree.a(bgUtil2.o)
 .debug_pubnames
                0x000000000000099f      0x1f9 build/unix/bgtree/libbgTree.a(bgCore.o)
 .debug_pubnames
                0x0000000000000b98       0x3d build/unix/libLoadBlock.a(LoadBlock.o)
 .debug_pubnames
                0x0000000000000bd5       0x69 build/unix/libErrors.a(Errors.o)
 .debug_pubnames
                0x0000000000000c3e       0x43 build/unix/uCmorse/libinmorse.a(inmorse.o)

.debug_info     0x0000000000000000     0x7b08
 *(.debug_info .gnu.linkonce.wi.*)
 .debug_info    0x0000000000000000      0x9cf build/unix/apps/WikiMain.o
 .debug_info    0x00000000000009cf      0xbaf build/unix/apps/libWikiApp.a(WikiApp.o)
 .debug_info    0x000000000000157e     0x111f build/unix/apps/libWikiApp.a(WikiUtil.o)
 .debug_info    0x000000000000269d      0x5a7 build/unix/ui/libUi.a(MorseBox.o)
 .debug_info    0x0000000000002c44      0xbbe build/unix/ui/libUi.a(ListView.o)
 .debug_info    0x0000000000003802      0x6d1 build/unix/ui/libUi.a(ListCmdr.o)
 .debug_info    0x0000000000003ed3      0xa90 build/unix/platform/libPlatform.a(PosixPlatform.o)
 .debug_info    0x0000000000004963      0x1d7 build/unix/platform/libPlatform.a(Platform.o)
 .debug_info    0x0000000000004b3a      0x38d build/unix/platform/libPlatform.a(vt52.o)
 .debug_info    0x0000000000004ec7      0x579 build/unix/platform/libPlatform.a(FileStdio.o)
 .debug_info    0x0000000000005440       0xe8 build/unix/bgtree/libbgTree.a(crc32.o)
 .debug_info    0x0000000000005528      0x8d0 build/unix/bgtree/libbgTree.a(bgApi.o)
 .debug_info    0x0000000000005df8      0x9f3 build/unix/bgtree/libbgTree.a(bgUtil2.o)
 .debug_info    0x00000000000067eb      0xb2c build/unix/bgtree/libbgTree.a(bgCore.o)
 .debug_info    0x0000000000007317      0x30a build/unix/libLoadBlock.a(LoadBlock.o)
 .debug_info    0x0000000000007621      0x3a6 build/unix/libErrors.a(Errors.o)
 .debug_info    0x00000000000079c7      0x141 build/unix/uCmorse/libinmorse.a(inmorse.o)

.debug_abbrev   0x0000000000000000     0x161a
 *(.debug_abbrev)
 .debug_abbrev  0x0000000000000000      0x17d build/unix/apps/WikiMain.o
 .debug_abbrev  0x000000000000017d      0x1cd build/unix/apps/libWikiApp.a(WikiApp.o)
 .debug_abbrev  0x000000000000034a      0x1c7 build/unix/apps/libWikiApp.a(WikiUtil.o)
 .debug_abbrev  0x0000000000000511      0x160 build/unix/ui/libUi.a(MorseBox.o)
 .debug_abbrev  0x0000000000000671      0x16b build/unix/ui/libUi.a(ListView.o)
 .debug_abbrev  0x00000000000007dc      0x157 build/unix/ui/libUi.a(ListCmdr.o)
 .debug_abbrev  0x0000000000000933      0x1e1 build/unix/platform/libPlatform.a(PosixPlatform.o)
 .debug_abbrev  0x0000000000000b14       0xf0 build/unix/platform/libPlatform.a(Platform.o)
 .debug_abbrev  0x0000000000000c04       0xfc build/unix/platform/libPlatform.a(vt52.o)
 .debug_abbrev  0x0000000000000d00      0x166 build/unix/platform/libPlatform.a(FileStdio.o)
 .debug_abbrev  0x0000000000000e66       0x97 build/unix/bgtree/libbgTree.a(crc32.o)
 .debug_abbrev  0x0000000000000efd      0x195 build/unix/bgtree/libbgTree.a(bgApi.o)
 .debug_abbrev  0x0000000000001092      0x142 build/unix/bgtree/libbgTree.a(bgUtil2.o)
 .debug_abbrev  0x00000000000011d4      0x1b3 build/unix/bgtree/libbgTree.a(bgCore.o)
 .debug_abbrev  0x0000000000001387      0x100 build/unix/libLoadBlock.a(LoadBlock.o)
 .debug_abbrev  0x0000000000001487       0xe9 build/unix/libErrors.a(Errors.o)
 .debug_abbrev  0x0000000000001570       0xaa build/unix/uCmorse/libinmorse.a(inmorse.o)

.debug_line     0x0000000000000000     0x2445
 *(.debug_line)
 .debug_line    0x0000000000000000      0x25f build/unix/apps/WikiMain.o
 .debug_line    0x000000000000025f      0x321 build/unix/apps/libWikiApp.a(WikiApp.o)
 .debug_line    0x0000000000000580      0x3cf build/unix/apps/libWikiApp.a(WikiUtil.o)
 .debug_line    0x000000000000094f      0x279 build/unix/ui/libUi.a(MorseBox.o)
 .debug_line    0x0000000000000bc8      0x2ff build/unix/ui/libUi.a(ListView.o)
 .debug_line    0x0000000000000ec7      0x22c build/unix/ui/libUi.a(ListCmdr.o)
 .debug_line    0x00000000000010f3      0x324 build/unix/platform/libPlatform.a(PosixPlatform.o)
 .debug_line    0x0000000000001417      0x116 build/unix/platform/libPlatform.a(Platform.o)
 .debug_line    0x000000000000152d      0x1c9 build/unix/platform/libPlatform.a(vt52.o)
 .debug_line    0x00000000000016f6      0x20e build/unix/platform/libPlatform.a(FileStdio.o)
 .debug_line    0x0000000000001904       0x5a build/unix/bgtree/libbgTree.a(crc32.o)
 .debug_line    0x000000000000195e      0x27d build/unix/bgtree/libbgTree.a(bgApi.o)
 .debug_line    0x0000000000001bdb      0x2e5 build/unix/bgtree/libbgTree.a(bgUtil2.o)
 .debug_line    0x0000000000001ec0      0x266 build/unix/bgtree/libbgTree.a(bgCore.o)
 .debug_line    0x0000000000002126      0x115 build/unix/libLoadBlock.a(LoadBlock.o)
 .debug_line    0x000000000000223b      0x1ab build/unix/libErrors.a(Errors.o)
 .debug_line    0x00000000000023e6       0x5f build/unix/uCmorse/libinmorse.a(inmorse.o)

.debug_frame    0x0000000000000000     0x153c
 *(.debug_frame)
 .debug_frame   0x0000000000000000       0x30 build/unix/apps/WikiMain.o
 .debug_frame   0x0000000000000030      0x148 build/unix/apps/libWikiApp.a(WikiApp.o)
 .debug_frame   0x0000000000000178      0x28c build/unix/apps/libWikiApp.a(WikiUtil.o)
 .debug_frame   0x0000000000000404       0xfc build/unix/ui/libUi.a(MorseBox.o)
 .debug_frame   0x0000000000000500      0x2c4 build/unix/ui/libUi.a(ListView.o)
 .debug_frame   0x00000000000007c4       0xb0 build/unix/ui/libUi.a(ListCmdr.o)
 .debug_frame   0x0000000000000874      0x1ec build/unix/platform/libPlatform.a(PosixPlatform.o)
 .debug_frame   0x0000000000000a60       0xb0 build/unix/platform/libPlatform.a(Platform.o)
 .debug_frame   0x0000000000000b10       0x50 build/unix/platform/libPlatform.a(vt52.o)
 .debug_frame   0x0000000000000b60      0x120 build/unix/platform/libPlatform.a(FileStdio.o)
 .debug_frame   0x0000000000000c80       0x4c build/unix/bgtree/libbgTree.a(crc32.o)
 .debug_frame   0x0000000000000ccc      0x2ac build/unix/bgtree/libbgTree.a(bgApi.o)
 .debug_frame   0x0000000000000f78      0x174 build/unix/bgtree/libbgTree.a(bgUtil2.o)
 .debug_frame   0x00000000000010ec      0x344 build/unix/bgtree/libbgTree.a(bgCore.o)
 .debug_frame   0x0000000000001430       0x70 build/unix/libLoadBlock.a(LoadBlock.o)
 .debug_frame   0x00000000000014a0       0x50 build/unix/libErrors.a(Errors.o)
 .debug_frame   0x00000000000014f0       0x4c build/unix/uCmorse/libinmorse.a(inmorse.o)

.debug_str      0x0000000000000000     0x13d3
 *(.debug_str)
 .debug_str     0x0000000000000000      0x53b build/unix/apps/WikiMain.o
                                        0x5a7 (size before relaxing)
 .debug_str     0x000000000000053b       0xd8 build/unix/apps/libWikiApp.a(WikiApp.o)
                                        0x641 (size before relaxing)
 .debug_str     0x0000000000000613      0x18e build/unix/apps/libWikiApp.a(WikiUtil.o)
                                        0x6d6 (size before relaxing)
 .debug_str     0x00000000000007a1       0xb0 build/unix/ui/libUi.a(MorseBox.o)
                                        0x347 (size before relaxing)
 .debug_str     0x0000000000000851      0x196 build/unix/ui/libUi.a(ListView.o)
                                        0x507 (size before relaxing)
 .debug_str     0x00000000000009e7       0x70 build/unix/ui/libUi.a(ListCmdr.o)
                                        0x3ea (size before relaxing)
 .debug_str     0x0000000000000a57      0x31b build/unix/platform/libPlatform.a(PosixPlatform.o)
                                        0x5de (size before relaxing)
 .debug_str     0x0000000000000d72       0x4b build/unix/platform/libPlatform.a(Platform.o)
                                        0x13a (size before relaxing)
 .debug_str     0x0000000000000dbd       0x2d build/unix/platform/libPlatform.a(vt52.o)
                                        0x288 (size before relaxing)
 .debug_str     0x0000000000000dea       0x98 build/unix/platform/libPlatform.a(FileStdio.o)
                                        0x348 (size before relaxing)
 .debug_str     0x0000000000000e82       0x23 build/unix/bgtree/libbgTree.a(crc32.o)
                                         0x8b (size before relaxing)
 .debug_str     0x0000000000000ea5      0x169 build/unix/bgtree/libbgTree.a(bgApi.o)
                                        0x31d (size before relaxing)
 .debug_str     0x000000000000100e       0xf7 build/unix/bgtree/libbgTree.a(bgUtil2.o)
                                        0x41a (size before relaxing)
 .debug_str     0x0000000000001105      0x245 build/unix/bgtree/libbgTree.a(bgCore.o)
                                        0x3d3 (size before relaxing)
 .debug_str     0x000000000000134a       0x2b build/unix/libLoadBlock.a(LoadBlock.o)
                                        0x1d7 (size before relaxing)
 .debug_str     0x0000000000001375       0x26 build/unix/libErrors.a(Errors.o)
                                        0x2ab (size before relaxing)
 .debug_str     0x000000000000139b       0x38 build/unix/uCmorse/libinmorse.a(inmorse.o)
                                        0x126 (size before relaxing)

.debug_loc      0x0000000000000000     0x1be2
 *(.debug_loc)
 .debug_loc     0x0000000000000000       0x2d build/unix/apps/WikiMain.o
 .debug_loc     0x000000000000002d      0x1b0 build/unix/apps/libWikiApp.a(WikiApp.o)
 .debug_loc     0x00000000000001dd      0x36e build/unix/apps/libWikiApp.a(WikiUtil.o)
 .debug_loc     0x000000000000054b      0x158 build/unix/ui/libUi.a(MorseBox.o)
 .debug_loc     0x00000000000006a3      0x3ba build/unix/ui/libUi.a(ListView.o)
 .debug_loc     0x0000000000000a5d       0xd9 build/unix/ui/libUi.a(ListCmdr.o)
 .debug_loc     0x0000000000000b36      0x289 build/unix/platform/libPlatform.a(PosixPlatform.o)
 .debug_loc     0x0000000000000dbf       0xd7 build/unix/platform/libPlatform.a(Platform.o)
 .debug_loc     0x0000000000000e96       0x56 build/unix/platform/libPlatform.a(vt52.o)
 .debug_loc     0x0000000000000eec      0x183 build/unix/platform/libPlatform.a(FileStdio.o)
 .debug_loc     0x000000000000106f       0x56 build/unix/bgtree/libbgTree.a(crc32.o)
 .debug_loc     0x00000000000010c5      0x39f build/unix/bgtree/libbgTree.a(bgApi.o)
 .debug_loc     0x0000000000001464      0x1dd build/unix/bgtree/libbgTree.a(bgUtil2.o)
 .debug_loc     0x0000000000001641      0x474 build/unix/bgtree/libbgTree.a(bgCore.o)
 .debug_loc     0x0000000000001ab5       0x81 build/unix/libLoadBlock.a(LoadBlock.o)
 .debug_loc     0x0000000000001b36       0x56 build/unix/libErrors.a(Errors.o)
 .debug_loc     0x0000000000001b8c       0x56 build/unix/uCmorse/libinmorse.a(inmorse.o)

.debug_macinfo
 *(.debug_macinfo)

.debug_weaknames
 *(.debug_weaknames)

.debug_funcnames
 *(.debug_funcnames)

.debug_typenames
 *(.debug_typenames)

.debug_varnames
 *(.debug_varnames)

.debug_pubtypes
 *(.debug_pubtypes)

.debug_ranges   0x0000000000000000       0x18
 *(.debug_ranges)
 .debug_ranges  0x0000000000000000       0x18 build/unix/bgtree/libbgTree.a(bgCore.o)

.gnu.attributes
                0x0000000000000000       0x10
 *(.gnu.attributes)
 .gnu.attributes
                0x0000000000000000       0x10 /usr/local/jlime/mipsel-toolchain/usr/bin/../lib/gcc/mipsel-linux/4.4.2/../../../../mipsel-linux/lib/crt1.o
 .gnu.attributes
                0x0000000000000010       0x10 /usr/local/jlime/mipsel-toolchain/usr/bin/../lib/gcc/mipsel-linux/4.4.2/../../../../mipsel-linux/lib/crti.o
 .gnu.attributes
                0x0000000000000020       0x10 /usr/local/jlime/mipsel-toolchain/usr/bin/../lib/gcc/mipsel-linux/4.4.2/crtbegin.o
 .gnu.attributes
                0x0000000000000030       0x10 build/unix/apps/WikiMain.o
 .gnu.attributes
                0x0000000000000040       0x10 build/unix/apps/libWikiApp.a(WikiApp.o)
 .gnu.attributes
                0x0000000000000050       0x10 build/unix/apps/libWikiApp.a(WikiUtil.o)
 .gnu.attributes
                0x0000000000000060       0x10 build/unix/ui/libUi.a(MorseBox.o)
 .gnu.attributes
                0x0000000000000070       0x10 build/unix/ui/libUi.a(ListView.o)
 .gnu.attributes
                0x0000000000000080       0x10 build/unix/ui/libUi.a(ListCmdr.o)
 .gnu.attributes
                0x0000000000000090       0x10 build/unix/platform/libPlatform.a(PosixPlatform.o)
 .gnu.attributes
                0x00000000000000a0       0x10 build/unix/platform/libPlatform.a(Platform.o)
 .gnu.attributes
                0x00000000000000b0       0x10 build/unix/platform/libPlatform.a(vt52.o)
 .gnu.attributes
                0x00000000000000c0       0x10 build/unix/platform/libPlatform.a(FileStdio.o)
 .gnu.attributes
                0x00000000000000d0       0x10 build/unix/bgtree/libbgTree.a(crc32.o)
 .gnu.attributes
                0x00000000000000e0       0x10 build/unix/bgtree/libbgTree.a(bgApi.o)
 .gnu.attributes
                0x00000000000000f0       0x10 build/unix/bgtree/libbgTree.a(bgUtil2.o)
 .gnu.attributes
                0x0000000000000100       0x10 build/unix/bgtree/libbgTree.a(bgCore.o)
 .gnu.attributes
                0x0000000000000110       0x10 build/unix/libLoadBlock.a(LoadBlock.o)
 .gnu.attributes
                0x0000000000000120       0x10 build/unix/libErrors.a(Errors.o)
 .gnu.attributes
                0x0000000000000130       0x10 build/unix/uCmorse/libinmorse.a(inmorse.o)
 .gnu.attributes
                0x0000000000000140       0x10 /mnt/sda6/programas/stuff/tmp/staging/mipsel-linux/usr/lib/libc_nonshared.a(elf-init.oS)
 .gnu.attributes
                0x0000000000000150       0x10 /mnt/sda6/programas/stuff/tmp/staging/mipsel-linux/usr/lib/libc_nonshared.a(atexit.oS)
 .gnu.attributes
                0x0000000000000160       0x10 /usr/local/jlime/mipsel-toolchain/usr/bin/../lib/gcc/mipsel-linux/4.4.2/crtend.o
 .gnu.attributes
                0x0000000000000170       0x10 /usr/local/jlime/mipsel-toolchain/usr/bin/../lib/gcc/mipsel-linux/4.4.2/../../../../mipsel-linux/lib/crtn.o

.gptab.sdata
 *(.gptab.data)
 *(.gptab.sdata)

.gptab.sbss
 *(.gptab.bss)
 *(.gptab.sbss)

.mdebug.abi32   0x0000000000000180        0x0
 *(.mdebug.abi32)
 .mdebug.abi32  0x0000000000000180        0x0 /usr/local/jlime/mipsel-toolchain/usr/bin/../lib/gcc/mipsel-linux/4.4.2/../../../../mipsel-linux/lib/crt1.o
 .mdebug.abi32  0x0000000000000180        0x0 /usr/local/jlime/mipsel-toolchain/usr/bin/../lib/gcc/mipsel-linux/4.4.2/../../../../mipsel-linux/lib/crti.o
 .mdebug.abi32  0x0000000000000180        0x0 /usr/local/jlime/mipsel-toolchain/usr/bin/../lib/gcc/mipsel-linux/4.4.2/crtbegin.o
 .mdebug.abi32  0x0000000000000180        0x0 build/unix/apps/WikiMain.o
 .mdebug.abi32  0x0000000000000180        0x0 build/unix/apps/libWikiApp.a(WikiApp.o)
 .mdebug.abi32  0x0000000000000180        0x0 build/unix/apps/libWikiApp.a(WikiUtil.o)
 .mdebug.abi32  0x0000000000000180        0x0 build/unix/ui/libUi.a(MorseBox.o)
 .mdebug.abi32  0x0000000000000180        0x0 build/unix/ui/libUi.a(ListView.o)
 .mdebug.abi32  0x0000000000000180        0x0 build/unix/ui/libUi.a(ListCmdr.o)
 .mdebug.abi32  0x0000000000000180        0x0 build/unix/platform/libPlatform.a(PosixPlatform.o)
 .mdebug.abi32  0x0000000000000180        0x0 build/unix/platform/libPlatform.a(Platform.o)
 .mdebug.abi32  0x0000000000000180        0x0 build/unix/platform/libPlatform.a(vt52.o)
 .mdebug.abi32  0x0000000000000180        0x0 build/unix/platform/libPlatform.a(FileStdio.o)
 .mdebug.abi32  0x0000000000000180        0x0 build/unix/bgtree/libbgTree.a(crc32.o)
 .mdebug.abi32  0x0000000000000180        0x0 build/unix/bgtree/libbgTree.a(bgApi.o)
 .mdebug.abi32  0x0000000000000180        0x0 build/unix/bgtree/libbgTree.a(bgUtil2.o)
 .mdebug.abi32  0x0000000000000180        0x0 build/unix/bgtree/libbgTree.a(bgCore.o)
 .mdebug.abi32  0x0000000000000180        0x0 build/unix/libLoadBlock.a(LoadBlock.o)
 .mdebug.abi32  0x0000000000000180        0x0 build/unix/libErrors.a(Errors.o)
 .mdebug.abi32  0x0000000000000180        0x0 build/unix/uCmorse/libinmorse.a(inmorse.o)
 .mdebug.abi32  0x0000000000000180        0x0 /mnt/sda6/programas/stuff/tmp/staging/mipsel-linux/usr/lib/libc_nonshared.a(elf-init.oS)
 .mdebug.abi32  0x0000000000000180        0x0 /mnt/sda6/programas/stuff/tmp/staging/mipsel-linux/usr/lib/libc_nonshared.a(atexit.oS)
 .mdebug.abi32  0x0000000000000180        0x0 /usr/local/jlime/mipsel-toolchain/usr/bin/../lib/gcc/mipsel-linux/4.4.2/crtend.o
 .mdebug.abi32  0x0000000000000180        0x0 /usr/local/jlime/mipsel-toolchain/usr/bin/../lib/gcc/mipsel-linux/4.4.2/../../../../mipsel-linux/lib/crtn.o

.mdebug.abiN32
 *(.mdebug.abiN32)

.mdebug.abi64
 *(.mdebug.abi64)

.mdebug.abiO64
 *(.mdebug.abiO64)

.mdebug.eabi32
 *(.mdebug.eabi32)

.mdebug.eabi64
 *(.mdebug.eabi64)

.gcc_compiled_long32
 *(.gcc_compiled_long32)

.gcc_compiled_long64
 *(.gcc_compiled_long64)

/DISCARD/
 *(.note.GNU-stack)
 *(.gnu_debuglink)
 *(.gnu.lto_*)
OUTPUT(build/unix/apps/WikiMain elf32-tradlittlemips)
