Archive member included because of file (symbol)

build/unix/ui/libUi.a(MorseBox.o)
                              build/unix/tests/test_MorseBox.o (MorseBoxInit)
build/unix/platform/libPlatform.a(PosixPlatform.o)
                              build/unix/tests/test_MorseBox.o (PlatformInit)
build/unix/platform/libPlatform.a(Platform.o)
                              build/unix/tests/test_MorseBox.o (InputUnescape)
build/unix/platform/libPlatform.a(vt52.o)
                              build/unix/ui/libUi.a(MorseBox.o) (vposition)
build/unix/platform/libPlatform.a(FileStdio.o)
                              build/unix/platform/libPlatform.a(PosixPlatform.o) (FileInit)
build/unix/libErrors.a(Errors.o)
                              build/unix/platform/libPlatform.a(PosixPlatform.o) (errorFile)
build/unix/uCmorse/libinmorse.a(inmorse.o)
                              build/unix/ui/libUi.a(MorseBox.o) (codetree)
/mnt/sda6/programas/stuff/tmp/staging/mipsel-linux/usr/lib/libc_nonshared.a(elf-init.oS)
                              /usr/local/jlime/mipsel-toolchain/usr/bin/../lib/gcc/mipsel-linux/4.4.2/../../../../mipsel-linux/lib/crt1.o (__libc_csu_fini)
/mnt/sda6/programas/stuff/tmp/staging/mipsel-linux/usr/lib/libc_nonshared.a(atexit.oS)
                              build/unix/platform/libPlatform.a(PosixPlatform.o) (atexit)

Allocating common symbols
Common symbol       size              file

errorMsg            0x4               build/unix/libErrors.a(Errors.o)
orig_tios           0x34              build/unix/platform/libPlatform.a(PosixPlatform.o)
tios                0x34              build/unix/platform/libPlatform.a(PosixPlatform.o)
errorFunc           0x4               build/unix/libErrors.a(Errors.o)
startTime           0x8               build/unix/platform/libPlatform.a(PosixPlatform.o)
errorLine           0x4               build/unix/libErrors.a(Errors.o)
errorFile           0x4               build/unix/libErrors.a(Errors.o)

Discarded input sections

 .note.ABI-tag  0x0000000000000000       0x20 /usr/local/jlime/mipsel-toolchain/usr/bin/../lib/gcc/mipsel-linux/4.4.2/../../../../mipsel-linux/lib/crt1.o
 .reginfo       0x0000000000000000       0x18 /usr/local/jlime/mipsel-toolchain/usr/bin/../lib/gcc/mipsel-linux/4.4.2/../../../../mipsel-linux/lib/crt1.o
 .data          0x0000000000000000       0x10 /usr/local/jlime/mipsel-toolchain/usr/bin/../lib/gcc/mipsel-linux/4.4.2/../../../../mipsel-linux/lib/crt1.o
 .bss           0x0000000000000000        0x0 /usr/local/jlime/mipsel-toolchain/usr/bin/../lib/gcc/mipsel-linux/4.4.2/../../../../mipsel-linux/lib/crt1.o
 .text          0x0000000000000000        0x0 /usr/local/jlime/mipsel-toolchain/usr/bin/../lib/gcc/mipsel-linux/4.4.2/../../../../mipsel-linux/lib/crti.o
 .data          0x0000000000000000        0x0 /usr/local/jlime/mipsel-toolchain/usr/bin/../lib/gcc/mipsel-linux/4.4.2/../../../../mipsel-linux/lib/crti.o
 .bss           0x0000000000000000        0x0 /usr/local/jlime/mipsel-toolchain/usr/bin/../lib/gcc/mipsel-linux/4.4.2/../../../../mipsel-linux/lib/crti.o
 .reginfo       0x0000000000000000       0x18 /usr/local/jlime/mipsel-toolchain/usr/bin/../lib/gcc/mipsel-linux/4.4.2/../../../../mipsel-linux/lib/crti.o
 .data          0x0000000000000000        0x0 /usr/local/jlime/mipsel-toolchain/usr/bin/../lib/gcc/mipsel-linux/4.4.2/crtbegin.o
 .reginfo       0x0000000000000000       0x18 /usr/local/jlime/mipsel-toolchain/usr/bin/../lib/gcc/mipsel-linux/4.4.2/crtbegin.o
 .data          0x0000000000000000        0x0 build/unix/tests/test_MorseBox.o
 .bss           0x0000000000000000        0x0 build/unix/tests/test_MorseBox.o
 .reginfo       0x0000000000000000       0x18 build/unix/tests/test_MorseBox.o
 .pdr           0x0000000000000000       0x20 build/unix/tests/test_MorseBox.o
 .data          0x0000000000000000        0x0 build/unix/ui/libUi.a(MorseBox.o)
 .bss           0x0000000000000000        0x0 build/unix/ui/libUi.a(MorseBox.o)
 .reginfo       0x0000000000000000       0x18 build/unix/ui/libUi.a(MorseBox.o)
 .pdr           0x0000000000000000      0x100 build/unix/ui/libUi.a(MorseBox.o)
 .data          0x0000000000000000        0x0 build/unix/platform/libPlatform.a(PosixPlatform.o)
 .bss           0x0000000000000000        0x0 build/unix/platform/libPlatform.a(PosixPlatform.o)
 .reginfo       0x0000000000000000       0x18 build/unix/platform/libPlatform.a(PosixPlatform.o)
 .pdr           0x0000000000000000      0x1e0 build/unix/platform/libPlatform.a(PosixPlatform.o)
 .data          0x0000000000000000        0x0 build/unix/platform/libPlatform.a(Platform.o)
 .bss           0x0000000000000000        0x0 build/unix/platform/libPlatform.a(Platform.o)
 .reginfo       0x0000000000000000       0x18 build/unix/platform/libPlatform.a(Platform.o)
 .pdr           0x0000000000000000       0xa0 build/unix/platform/libPlatform.a(Platform.o)
 .data          0x0000000000000000        0x0 build/unix/platform/libPlatform.a(vt52.o)
 .bss           0x0000000000000000        0x0 build/unix/platform/libPlatform.a(vt52.o)
 .reginfo       0x0000000000000000       0x18 build/unix/platform/libPlatform.a(vt52.o)
 .pdr           0x0000000000000000       0x40 build/unix/platform/libPlatform.a(vt52.o)
 .reginfo       0x0000000000000000       0x18 build/unix/platform/libPlatform.a(FileStdio.o)
 .pdr           0x0000000000000000      0x120 build/unix/platform/libPlatform.a(FileStdio.o)
 .data          0x0000000000000000        0x0 build/unix/libErrors.a(Errors.o)
 .bss           0x0000000000000000        0x0 build/unix/libErrors.a(Errors.o)
 .reginfo       0x0000000000000000       0x18 build/unix/libErrors.a(Errors.o)
 .pdr           0x0000000000000000       0x40 build/unix/libErrors.a(Errors.o)
 .bss           0x0000000000000000        0x0 build/unix/uCmorse/libinmorse.a(inmorse.o)
 .reginfo       0x0000000000000000       0x18 build/unix/uCmorse/libinmorse.a(inmorse.o)
 .pdr           0x0000000000000000       0x40 build/unix/uCmorse/libinmorse.a(inmorse.o)
 .data          0x0000000000000000        0x0 /mnt/sda6/programas/stuff/tmp/staging/mipsel-linux/usr/lib/libc_nonshared.a(elf-init.oS)
 .bss           0x0000000000000000        0x0 /mnt/sda6/programas/stuff/tmp/staging/mipsel-linux/usr/lib/libc_nonshared.a(elf-init.oS)
 .reginfo       0x0000000000000000       0x18 /mnt/sda6/programas/stuff/tmp/staging/mipsel-linux/usr/lib/libc_nonshared.a(elf-init.oS)
 .pdr           0x0000000000000000       0x40 /mnt/sda6/programas/stuff/tmp/staging/mipsel-linux/usr/lib/libc_nonshared.a(elf-init.oS)
 .data          0x0000000000000000        0x0 /mnt/sda6/programas/stuff/tmp/staging/mipsel-linux/usr/lib/libc_nonshared.a(atexit.oS)
 .bss           0x0000000000000000        0x0 /mnt/sda6/programas/stuff/tmp/staging/mipsel-linux/usr/lib/libc_nonshared.a(atexit.oS)
 .reginfo       0x0000000000000000       0x18 /mnt/sda6/programas/stuff/tmp/staging/mipsel-linux/usr/lib/libc_nonshared.a(atexit.oS)
 .pdr           0x0000000000000000       0x20 /mnt/sda6/programas/stuff/tmp/staging/mipsel-linux/usr/lib/libc_nonshared.a(atexit.oS)
 .data          0x0000000000000000        0x0 /usr/local/jlime/mipsel-toolchain/usr/bin/../lib/gcc/mipsel-linux/4.4.2/crtend.o
 .bss           0x0000000000000000        0x0 /usr/local/jlime/mipsel-toolchain/usr/bin/../lib/gcc/mipsel-linux/4.4.2/crtend.o
 .reginfo       0x0000000000000000       0x18 /usr/local/jlime/mipsel-toolchain/usr/bin/../lib/gcc/mipsel-linux/4.4.2/crtend.o
 .text          0x0000000000000000        0x0 /usr/local/jlime/mipsel-toolchain/usr/bin/../lib/gcc/mipsel-linux/4.4.2/../../../../mipsel-linux/lib/crtn.o
 .data          0x0000000000000000        0x0 /usr/local/jlime/mipsel-toolchain/usr/bin/../lib/gcc/mipsel-linux/4.4.2/../../../../mipsel-linux/lib/crtn.o
 .bss           0x0000000000000000        0x0 /usr/local/jlime/mipsel-toolchain/usr/bin/../lib/gcc/mipsel-linux/4.4.2/../../../../mipsel-linux/lib/crtn.o
 .reginfo       0x0000000000000000       0x18 /usr/local/jlime/mipsel-toolchain/usr/bin/../lib/gcc/mipsel-linux/4.4.2/../../../../mipsel-linux/lib/crtn.o

Memory Configuration

Name             Origin             Length             Attributes
*default*        0x0000000000000000 0xffffffffffffffff

Linker script and memory map

LOAD /usr/local/jlime/mipsel-toolchain/usr/bin/../lib/gcc/mipsel-linux/4.4.2/../../../../mipsel-linux/lib/crt1.o
LOAD /usr/local/jlime/mipsel-toolchain/usr/bin/../lib/gcc/mipsel-linux/4.4.2/../../../../mipsel-linux/lib/crti.o
LOAD /usr/local/jlime/mipsel-toolchain/usr/bin/../lib/gcc/mipsel-linux/4.4.2/crtbegin.o
LOAD build/unix/tests/test_MorseBox.o
LOAD build/unix/ui/libUi.a
LOAD build/unix/platform/libPlatform.a
LOAD build/unix/bgtree/libbgTree.a
LOAD build/unix/libLoadBlock.a
LOAD build/unix/libErrors.a
LOAD build/unix/uCmorse/libuCmorse.a
LOAD build/unix/uCmorse/libinmorse.a
LOAD /usr/local/jlime/mipsel-toolchain/usr/bin/../lib/gcc/mipsel-linux/4.4.2/libgcc.a
LOAD /usr/local/jlime/mipsel-toolchain/usr/bin/../lib/gcc/mipsel-linux/4.4.2/../../../../mipsel-linux/lib/libgcc_s.so
LOAD /usr/local/jlime/mipsel-toolchain/usr/bin/../lib/gcc/mipsel-linux/4.4.2/../../../../mipsel-linux/lib/libc.so
START GROUP
LOAD /mnt/sda6/programas/stuff/tmp/staging/mipsel-linux/lib/libc.so.6
LOAD /mnt/sda6/programas/stuff/tmp/staging/mipsel-linux/usr/lib/libc_nonshared.a
LOAD /mnt/sda6/programas/stuff/tmp/staging/mipsel-linux/lib/ld.so.1
END GROUP
LOAD /usr/local/jlime/mipsel-toolchain/usr/bin/../lib/gcc/mipsel-linux/4.4.2/libgcc.a
LOAD /usr/local/jlime/mipsel-toolchain/usr/bin/../lib/gcc/mipsel-linux/4.4.2/../../../../mipsel-linux/lib/libgcc_s.so
LOAD /usr/local/jlime/mipsel-toolchain/usr/bin/../lib/gcc/mipsel-linux/4.4.2/crtend.o
LOAD /usr/local/jlime/mipsel-toolchain/usr/bin/../lib/gcc/mipsel-linux/4.4.2/../../../../mipsel-linux/lib/crtn.o
                0x0000000000400000                PROVIDE (__executable_start, 0x400000)
                0x00000000004000f4                . = (0x400000 + SIZEOF_HEADERS)

.interp         0x00000000004000f4        0xd
 *(.interp)
 .interp        0x00000000004000f4        0xd /usr/local/jlime/mipsel-toolchain/usr/bin/../lib/gcc/mipsel-linux/4.4.2/../../../../mipsel-linux/lib/crt1.o

.reginfo
 *(.reginfo)

.note.gnu.build-id
 *(.note.gnu.build-id)

.dynamic        0x0000000000400104       0xd8
 *(.dynamic)
 .dynamic       0x0000000000400104       0xd8 /usr/local/jlime/mipsel-toolchain/usr/bin/../lib/gcc/mipsel-linux/4.4.2/../../../../mipsel-linux/lib/crt1.o
                0x0000000000400104                _DYNAMIC

.hash           0x00000000004001dc      0x190
 *(.hash)
 .hash          0x00000000004001dc      0x190 /usr/local/jlime/mipsel-toolchain/usr/bin/../lib/gcc/mipsel-linux/4.4.2/../../../../mipsel-linux/lib/crt1.o

.gnu.hash
 *(.gnu.hash)

.dynsym         0x000000000040036c      0x3d0
 *(.dynsym)
 .dynsym        0x000000000040036c      0x3d0 /usr/local/jlime/mipsel-toolchain/usr/bin/../lib/gcc/mipsel-linux/4.4.2/../../../../mipsel-linux/lib/crt1.o

.dynstr         0x000000000040073c      0x24d
 *(.dynstr)
 .dynstr        0x000000000040073c      0x24d /usr/local/jlime/mipsel-toolchain/usr/bin/../lib/gcc/mipsel-linux/4.4.2/../../../../mipsel-linux/lib/crt1.o

.gnu.version    0x000000000040098a       0x7a
 *(.gnu.version)
 .gnu.version   0x000000000040098a       0x7a /usr/local/jlime/mipsel-toolchain/usr/bin/../lib/gcc/mipsel-linux/4.4.2/../../../../mipsel-linux/lib/crt1.o

.gnu.version_d  0x0000000000400a04        0x0
 *(.gnu.version_d)
 .gnu.version_d
                0x0000000000000000        0x0 /usr/local/jlime/mipsel-toolchain/usr/bin/../lib/gcc/mipsel-linux/4.4.2/../../../../mipsel-linux/lib/crt1.o

.gnu.version_r  0x0000000000400a04       0x30
 *(.gnu.version_r)
 .gnu.version_r
                0x0000000000400a04       0x30 /usr/local/jlime/mipsel-toolchain/usr/bin/../lib/gcc/mipsel-linux/4.4.2/../../../../mipsel-linux/lib/crt1.o

.rel.dyn        0x0000000000400a34        0x0
 *(.rel.init)
 *(.rel.text .rel.text.* .rel.gnu.linkonce.t.*)
 *(.rel.fini)
 *(.rel.rodata .rel.rodata.* .rel.gnu.linkonce.r.*)
 *(.rel.data.rel.ro* .rel.gnu.linkonce.d.rel.ro.*)
 *(.rel.data .rel.data.* .rel.gnu.linkonce.d.*)
 *(.rel.tdata .rel.tdata.* .rel.gnu.linkonce.td.*)
 *(.rel.tbss .rel.tbss.* .rel.gnu.linkonce.tb.*)
 *(.rel.ctors)
 *(.rel.dtors)
 *(.rel.got)
 *(.rel.dyn)
 .rel.dyn       0x0000000000000000        0x0 /usr/local/jlime/mipsel-toolchain/usr/bin/../lib/gcc/mipsel-linux/4.4.2/../../../../mipsel-linux/lib/crt1.o
 *(.rel.sdata .rel.sdata.* .rel.gnu.linkonce.s.*)
 *(.rel.sbss .rel.sbss.* .rel.gnu.linkonce.sb.*)
 *(.rel.sdata2 .rel.sdata2.* .rel.gnu.linkonce.s2.*)
 *(.rel.sbss2 .rel.sbss2.* .rel.gnu.linkonce.sb2.*)
 *(.rel.bss .rel.bss.* .rel.gnu.linkonce.b.*)
 .rel.bss       0x0000000000000000        0x0 /usr/local/jlime/mipsel-toolchain/usr/bin/../lib/gcc/mipsel-linux/4.4.2/../../../../mipsel-linux/lib/crt1.o
                0x0000000000400a34                PROVIDE (__rel_iplt_start, .)
 *(.rel.iplt)
                0x0000000000400a34                PROVIDE (__rel_iplt_end, .)
                0x0000000000400a34                PROVIDE (__rela_iplt_start, .)
                0x0000000000400a34                PROVIDE (__rela_iplt_end, .)

.rela.dyn       0x0000000000400a34        0x0
 *(.rela.init)
 *(.rela.text .rela.text.* .rela.gnu.linkonce.t.*)
 *(.rela.fini)
 *(.rela.rodata .rela.rodata.* .rela.gnu.linkonce.r.*)
 *(.rela.data .rela.data.* .rela.gnu.linkonce.d.*)
 *(.rela.tdata .rela.tdata.* .rela.gnu.linkonce.td.*)
 *(.rela.tbss .rela.tbss.* .rela.gnu.linkonce.tb.*)
 *(.rela.ctors)
 *(.rela.dtors)
 *(.rela.got)
 *(.rela.sdata .rela.sdata.* .rela.gnu.linkonce.s.*)
 *(.rela.sbss .rela.sbss.* .rela.gnu.linkonce.sb.*)
 *(.rela.sdata2 .rela.sdata2.* .rela.gnu.linkonce.s2.*)
 *(.rela.sbss2 .rela.sbss2.* .rela.gnu.linkonce.sb2.*)
 *(.rela.bss .rela.bss.* .rela.gnu.linkonce.b.*)
                0x0000000000400a34                PROVIDE (__rel_iplt_start, .)
                0x0000000000400a34                PROVIDE (__rel_iplt_end, .)
                0x0000000000400a34                PROVIDE (__rela_iplt_start, .)
 *(.rela.iplt)
                0x0000000000400a34                PROVIDE (__rela_iplt_end, .)

.rel.plt        0x0000000000400a34        0x0
 *(.rel.plt)
 .rel.plt       0x0000000000000000        0x0 /usr/local/jlime/mipsel-toolchain/usr/bin/../lib/gcc/mipsel-linux/4.4.2/../../../../mipsel-linux/lib/crt1.o

.rela.plt
 *(.rela.plt)

.init           0x0000000000400a34       0x78
 *(.init)
 .init          0x0000000000400a34       0x2c /usr/local/jlime/mipsel-toolchain/usr/bin/../lib/gcc/mipsel-linux/4.4.2/../../../../mipsel-linux/lib/crti.o
                0x0000000000400a34                _init
 .init          0x0000000000400a60       0x20 /usr/local/jlime/mipsel-toolchain/usr/bin/../lib/gcc/mipsel-linux/4.4.2/crtbegin.o
 .init          0x0000000000400a80       0x20 /usr/local/jlime/mipsel-toolchain/usr/bin/../lib/gcc/mipsel-linux/4.4.2/crtend.o
 .init          0x0000000000400aa0        0xc /usr/local/jlime/mipsel-toolchain/usr/bin/../lib/gcc/mipsel-linux/4.4.2/../../../../mipsel-linux/lib/crtn.o

.plt            0x0000000000400aac        0x0
 *(.plt)
 .plt           0x0000000000000000        0x0 /usr/local/jlime/mipsel-toolchain/usr/bin/../lib/gcc/mipsel-linux/4.4.2/../../../../mipsel-linux/lib/crt1.o

.iplt
 *(.iplt)

.text           0x0000000000400ab0     0x2dc0
                0x0000000000400ab0                _ftext = .
 *(.text.unlikely .text.*_unlikely)
 *(.text .stub .text.* .gnu.linkonce.t.*)
 .text          0x0000000000400ab0       0x60 /usr/local/jlime/mipsel-toolchain/usr/bin/../lib/gcc/mipsel-linux/4.4.2/../../../../mipsel-linux/lib/crt1.o
                0x0000000000400ab0                __start
 .text          0x0000000000400b10       0xc0 /usr/local/jlime/mipsel-toolchain/usr/bin/../lib/gcc/mipsel-linux/4.4.2/crtbegin.o
 .text          0x0000000000400bd0      0x130 build/unix/tests/test_MorseBox.o
                0x0000000000400bd0                main
 .text          0x0000000000400d00      0xc60 build/unix/ui/libUi.a(MorseBox.o)
                0x0000000000400d00                MorseBoxInit
                0x0000000000400da4                MorseBoxSetPrompt
                0x0000000000400e5c                MorseBoxSetBuffer
                0x0000000000400f4c                MorseBoxGetBuffer
                0x0000000000400f74                MorseBoxReset
                0x0000000000400fd8                MorseBoxPushEvent
                0x0000000000401378                IsPrintable
                0x0000000000401408                MorseBoxDraw
 .text          0x0000000000401960      0xb40 build/unix/platform/libPlatform.a(PosixPlatform.o)
                0x0000000000401960                sounder
                0x0000000000401988                StdioDestroy
                0x0000000000401a1c                StdioInit
                0x0000000000401d54                StackCheck
                0x0000000000401d74                StackPrintInfo
                0x0000000000401d98                PlatformInit
                0x0000000000401f70                OutC
                0x0000000000401fdc                GetTimeOfDayMilli
                0x00000000004020a4                TimerInit
                0x00000000004020f8                TimerMillisec
                0x0000000000402154                TimerCount
                0x00000000004021a4                TimerCountPerMillisec
                0x00000000004021c8                DelayMs
                0x000000000040223c                InputIsReady
                0x00000000004023dc                InputCheck
 .text          0x00000000004024a0      0x560 build/unix/platform/libPlatform.a(Platform.o)
                0x00000000004024a0                InputUnescape
                0x0000000000402630                OutS
                0x00000000004026c4                OutXByte
                0x00000000004027d0                OutX
                0x0000000000402868                OutI
 .text          0x0000000000402a00      0x330 build/unix/platform/libPlatform.a(vt52.o)
                0x0000000000402a00                vposition
                0x0000000000402c54                vclearlines
 .text          0x0000000000402d30      0x590 build/unix/platform/libPlatform.a(FileStdio.o)
                0x0000000000402d30                FileInit
                0x0000000000402d54                FileOpenRO
                0x0000000000402e64                FileClose
                0x0000000000402f1c                FileRead
                0x0000000000403094                FileSeek
                0x00000000004031b4                FileGetC
                0x0000000000403240                FileGetHandle
                0x0000000000403268                FileStateVersion
                0x0000000000403290                FileSectorReadCount
 .text          0x00000000004032c0      0x2a0 build/unix/libErrors.a(Errors.o)
                0x00000000004032c0                ERRORprint2
                0x0000000000403520                ERRORprint3
 .text          0x0000000000403560      0x1e0 build/unix/uCmorse/libinmorse.a(inmorse.o)
                0x0000000000403560                InMorseCodeTree
                0x0000000000403598                InMorseNext
 .text          0x0000000000403740       0xb0 /mnt/sda6/programas/stuff/tmp/staging/mipsel-linux/usr/lib/libc_nonshared.a(elf-init.oS)
                0x0000000000403740                __libc_csu_fini
                0x0000000000403748                __libc_csu_init
 .text          0x00000000004037f0       0x30 /mnt/sda6/programas/stuff/tmp/staging/mipsel-linux/usr/lib/libc_nonshared.a(atexit.oS)
                0x00000000004037f0                atexit
 .text          0x0000000000403820       0x50 /usr/local/jlime/mipsel-toolchain/usr/bin/../lib/gcc/mipsel-linux/4.4.2/crtend.o
 *(.gnu.warning)
 *(.mips16.fn.*)
 *(.mips16.call.*)

.MIPS.stubs     0x0000000000403870      0x1c0
 .MIPS.stubs    0x0000000000403870      0x1c0 /usr/local/jlime/mipsel-toolchain/usr/bin/../lib/gcc/mipsel-linux/4.4.2/../../../../mipsel-linux/lib/crt1.o
                0x0000000000403870                fileno@@GLIBC_2.0
                0x0000000000403880                sigemptyset@@GLIBC_2.0
                0x0000000000403890                putchar@@GLIBC_2.0
                0x00000000004038a0                __libc_start_main@@GLIBC_2.0
                0x00000000004038b0                tcgetattr@@GLIBC_2.0
                0x00000000004038c0                __assert_fail@@GLIBC_2.0
                0x00000000004038d0                read@@GLIBC_2.0
                0x00000000004038e0                usleep@@GLIBC_2.0
                0x00000000004038f0                gettimeofday@@GLIBC_2.0
                0x0000000000403900                sigaction@@GLIBC_2.0
                0x0000000000403910                fflush@@GLIBC_2.0
                0x0000000000403920                fseek@@GLIBC_2.0
                0x0000000000403930                fclose@@GLIBC_2.2
                0x0000000000403940                memcpy@@GLIBC_2.0
                0x0000000000403950                fgetc@@GLIBC_2.0
                0x0000000000403960                feof@@GLIBC_2.0
                0x0000000000403970                printf@@GLIBC_2.0
                0x0000000000403980                select@@GLIBC_2.0
                0x0000000000403990                fwrite@@GLIBC_2.0
                0x00000000004039a0                fprintf@@GLIBC_2.0
                0x00000000004039b0                __cxa_atexit@@GLIBC_2.2
                0x00000000004039c0                fputc@@GLIBC_2.0
                0x00000000004039d0                fopen@@GLIBC_2.2
                0x00000000004039e0                puts@@GLIBC_2.0
                0x00000000004039f0                tcsetattr@@GLIBC_2.0
                0x0000000000403a00                _IO_putc@@GLIBC_2.0
                0x0000000000403a10                fread@@GLIBC_2.0

.fini           0x0000000000403a30       0x44
 *(.fini)
 .fini          0x0000000000403a30       0x18 /usr/local/jlime/mipsel-toolchain/usr/bin/../lib/gcc/mipsel-linux/4.4.2/../../../../mipsel-linux/lib/crti.o
                0x0000000000403a30                _fini
 .fini          0x0000000000403a48       0x20 /usr/local/jlime/mipsel-toolchain/usr/bin/../lib/gcc/mipsel-linux/4.4.2/crtbegin.o
 .fini          0x0000000000403a68        0xc /usr/local/jlime/mipsel-toolchain/usr/bin/../lib/gcc/mipsel-linux/4.4.2/../../../../mipsel-linux/lib/crtn.o
                0x0000000000403a74                PROVIDE (__etext, .)
                0x0000000000403a74                PROVIDE (_etext, .)
                0x0000000000403a74                PROVIDE (etext, .)

.rodata         0x0000000000403a80      0x320
 *(.rodata .rodata.* .gnu.linkonce.r.*)
 .rodata.cst4   0x0000000000403a80        0x4 /usr/local/jlime/mipsel-toolchain/usr/bin/../lib/gcc/mipsel-linux/4.4.2/../../../../mipsel-linux/lib/crt1.o
                0x0000000000403a80                _IO_stdin_used
 *fill*         0x0000000000403a84        0xc 00
 .rodata        0x0000000000403a90       0x50 build/unix/ui/libUi.a(MorseBox.o)
 .rodata        0x0000000000403ae0      0x130 build/unix/platform/libPlatform.a(PosixPlatform.o)
 .rodata        0x0000000000403c10       0x50 build/unix/platform/libPlatform.a(Platform.o)
 .rodata        0x0000000000403c60       0x10 build/unix/platform/libPlatform.a(vt52.o)
 .rodata        0x0000000000403c70       0xb0 build/unix/platform/libPlatform.a(FileStdio.o)
 .rodata        0x0000000000403d20       0x50 build/unix/libErrors.a(Errors.o)
 .rodata        0x0000000000403d70       0x30 build/unix/uCmorse/libinmorse.a(inmorse.o)

.rodata1
 *(.rodata1)

.sdata2
 *(.sdata2 .sdata2.* .gnu.linkonce.s2.*)

.sbss2
 *(.sbss2 .sbss2.* .gnu.linkonce.sb2.*)

.eh_frame_hdr
 *(.eh_frame_hdr)

.eh_frame       0x0000000000403da0        0x4
 *(.eh_frame)
 .eh_frame      0x0000000000403da0        0x4 /usr/local/jlime/mipsel-toolchain/usr/bin/../lib/gcc/mipsel-linux/4.4.2/crtend.o

.gcc_except_table
 *(.gcc_except_table .gcc_except_table.*)
                0x0000000000403da4                . = (ALIGN (0x10000) - ((0x10000 - .) & 0xffff))
                0x0000000000413da4                . = (0x10000 DATA_SEGMENT_ALIGN 0x1000)

.eh_frame
 *(.eh_frame)

.gcc_except_table
 *(.gcc_except_table .gcc_except_table.*)

.tdata
 *(.tdata .tdata.* .gnu.linkonce.td.*)

.tbss
 *(.tbss .tbss.* .gnu.linkonce.tb.*)
 *(.tcommon)

.preinit_array  0x0000000000413da4        0x0
                0x0000000000413da4                PROVIDE (__preinit_array_start, .)
 *(.preinit_array)
                0x0000000000413da4                PROVIDE (__preinit_array_end, .)

.init_array     0x0000000000413da4        0x0
                0x0000000000413da4                PROVIDE (__init_array_start, .)
 *(SORT(.init_array.*))
 *(.init_array)
                0x0000000000413da4                PROVIDE (__init_array_end, .)

.fini_array     0x0000000000413da4        0x0
                0x0000000000413da4                PROVIDE (__fini_array_start, .)
 *(.fini_array)
 *(SORT(.fini_array.*))
                0x0000000000413da4                PROVIDE (__fini_array_end, .)

.ctors          0x0000000000413da4        0x8
 *crtbegin.o(.ctors)
 .ctors         0x0000000000413da4        0x4 /usr/local/jlime/mipsel-toolchain/usr/bin/../lib/gcc/mipsel-linux/4.4.2/crtbegin.o
 *crtbegin?.o(.ctors)
 *(EXCLUDE_FILE(*crtend?.o *crtend.o) .ctors)
 *(SORT(.ctors.*))
 *(.ctors)
 .ctors         0x0000000000413da8        0x4 /usr/local/jlime/mipsel-toolchain/usr/bin/../lib/gcc/mipsel-linux/4.4.2/crtend.o

.dtors          0x0000000000413dac        0x8
 *crtbegin.o(.dtors)
 .dtors         0x0000000000413dac        0x4 /usr/local/jlime/mipsel-toolchain/usr/bin/../lib/gcc/mipsel-linux/4.4.2/crtbegin.o
 *crtbegin?.o(.dtors)
 *(EXCLUDE_FILE(*crtend?.o *crtend.o) .dtors)
 *(SORT(.dtors.*))
 *(.dtors)
 .dtors         0x0000000000413db0        0x4 /usr/local/jlime/mipsel-toolchain/usr/bin/../lib/gcc/mipsel-linux/4.4.2/crtend.o
                0x0000000000413db0                __DTOR_END__

.jcr            0x0000000000413db4        0x4
 *(.jcr)
 .jcr           0x0000000000413db4        0x0 /usr/local/jlime/mipsel-toolchain/usr/bin/../lib/gcc/mipsel-linux/4.4.2/crtbegin.o
 .jcr           0x0000000000413db4        0x4 /usr/local/jlime/mipsel-toolchain/usr/bin/../lib/gcc/mipsel-linux/4.4.2/crtend.o

.data.rel.ro
 *(.data.rel.ro.local* .gnu.linkonce.d.rel.ro.local.*)
 *(.data.rel.ro* .gnu.linkonce.d.rel.ro.*)
                0x0000000000413db8                . = (. DATA_SEGMENT_RELRO_END 0x0)

.data           0x0000000000413dc0       0x50
                0x0000000000413dc0                _fdata = .
 *(.data .data.* .gnu.linkonce.d.*)
 .data          0x0000000000413dc0       0x10 build/unix/platform/libPlatform.a(FileStdio.o)
 .data          0x0000000000413dd0       0x40 build/unix/uCmorse/libinmorse.a(inmorse.o)
                0x0000000000413dd0                codetree

.rld_map        0x0000000000413e10        0x4
 .rld_map       0x0000000000413e10        0x4 /usr/local/jlime/mipsel-toolchain/usr/bin/../lib/gcc/mipsel-linux/4.4.2/../../../../mipsel-linux/lib/crt1.o
                0x0000000000413e10                __RLD_MAP

.data1
 *(.data1)

.got.plt        0x0000000000413e14        0x0
 *(.got.plt)
 .got.plt       0x0000000000000000        0x0 /usr/local/jlime/mipsel-toolchain/usr/bin/../lib/gcc/mipsel-linux/4.4.2/../../../../mipsel-linux/lib/crt1.o
                0x0000000000413e14                . = .
                0x000000000041be10                _gp = (ALIGN (0x10) + 0x7ff0)

.got            0x0000000000413e20      0x104
 *(.got)
 .got           0x0000000000413e20      0x104 /usr/local/jlime/mipsel-toolchain/usr/bin/../lib/gcc/mipsel-linux/4.4.2/../../../../mipsel-linux/lib/crt1.o
                0x0000000000413e20                _GLOBAL_OFFSET_TABLE_

.sdata          0x0000000000413f24        0x4
 *(.sdata .sdata.* .gnu.linkonce.s.*)
 .sdata         0x0000000000413f24        0x4 /usr/local/jlime/mipsel-toolchain/usr/bin/../lib/gcc/mipsel-linux/4.4.2/crtbegin.o
                0x0000000000413f24                __dso_handle

.lit8
 *(.lit8)

.lit4
 *(.lit4)
                0x0000000000413f28                _edata = .
                0x0000000000413f28                PROVIDE (edata, .)
                0x0000000000413f28                __bss_start = .
                0x0000000000413f28                _fbss = .

.sbss           0x0000000000413f28       0x18
 *(.dynsbss)
 *(.sbss .sbss.* .gnu.linkonce.sb.*)
 *(.scommon)
 .scommon       0x0000000000413f28        0x8 build/unix/platform/libPlatform.a(PosixPlatform.o)
                0x0000000000413f28                startTime
 .scommon       0x0000000000413f30       0x10 build/unix/libErrors.a(Errors.o)
                0x0000000000413f30                errorMsg
                0x0000000000413f34                errorFunc
                0x0000000000413f38                errorLine
                0x0000000000413f3c                errorFile

.bss            0x0000000000413f40       0x88
 *(.dynbss)
 .dynbss        0x0000000000000000        0x0 /usr/local/jlime/mipsel-toolchain/usr/bin/../lib/gcc/mipsel-linux/4.4.2/../../../../mipsel-linux/lib/crt1.o
 *(.bss .bss.* .gnu.linkonce.b.*)
 .bss           0x0000000000413f40       0x10 /usr/local/jlime/mipsel-toolchain/usr/bin/../lib/gcc/mipsel-linux/4.4.2/crtbegin.o
 .bss           0x0000000000413f50       0x10 build/unix/platform/libPlatform.a(FileStdio.o)
                0x0000000000413f50                fsFile
 *(COMMON)
 COMMON         0x0000000000413f60       0x68 build/unix/platform/libPlatform.a(PosixPlatform.o)
                0x0000000000413f60                orig_tios
                0x0000000000413f94                tios
                0x0000000000413fc8                . = ALIGN ((. != 0x0)?0x4:0x1)
                0x0000000000413fc8                . = ALIGN (0x4)
                0x0000000000413fc8                . = ALIGN (0x4)
                0x0000000000413fc8                _end = .
                0x0000000000413fc8                PROVIDE (end, .)
                0x0000000000413fc8                . = DATA_SEGMENT_END (.)

.stab
 *(.stab)

.stabstr
 *(.stabstr)

.stab.excl
 *(.stab.excl)

.stab.exclstr
 *(.stab.exclstr)

.stab.index
 *(.stab.index)

.stab.indexstr
 *(.stab.indexstr)

.pdr            0x0000000000000000        0x0
 .pdr           0x0000000000000000        0x0 /usr/local/jlime/mipsel-toolchain/usr/bin/../lib/gcc/mipsel-linux/4.4.2/../../../../mipsel-linux/lib/crt1.o
 .pdr           0x0000000000000000        0x0 /usr/local/jlime/mipsel-toolchain/usr/bin/../lib/gcc/mipsel-linux/4.4.2/../../../../mipsel-linux/lib/crti.o
 .pdr           0x0000000000000000        0x0 /usr/local/jlime/mipsel-toolchain/usr/bin/../lib/gcc/mipsel-linux/4.4.2/crtbegin.o
 .pdr           0x0000000000000000        0x0 /usr/local/jlime/mipsel-toolchain/usr/bin/../lib/gcc/mipsel-linux/4.4.2/crtend.o
 .pdr           0x0000000000000000        0x0 /usr/local/jlime/mipsel-toolchain/usr/bin/../lib/gcc/mipsel-linux/4.4.2/../../../../mipsel-linux/lib/crtn.o

.comment        0x0000000000000000       0x11
 *(.comment)
 .comment       0x0000000000000000       0x11 /usr/local/jlime/mipsel-toolchain/usr/bin/../lib/gcc/mipsel-linux/4.4.2/../../../../mipsel-linux/lib/crt1.o
                                         0x12 (size before relaxing)
 .comment       0x0000000000000000       0x12 /usr/local/jlime/mipsel-toolchain/usr/bin/../lib/gcc/mipsel-linux/4.4.2/../../../../mipsel-linux/lib/crti.o
 .comment       0x0000000000000000       0x12 /usr/local/jlime/mipsel-toolchain/usr/bin/../lib/gcc/mipsel-linux/4.4.2/crtbegin.o
 .comment       0x0000000000000000       0x12 build/unix/tests/test_MorseBox.o
 .comment       0x0000000000000000       0x12 build/unix/ui/libUi.a(MorseBox.o)
 .comment       0x0000000000000000       0x12 build/unix/platform/libPlatform.a(PosixPlatform.o)
 .comment       0x0000000000000000       0x12 build/unix/platform/libPlatform.a(Platform.o)
 .comment       0x0000000000000000       0x12 build/unix/platform/libPlatform.a(vt52.o)
 .comment       0x0000000000000000       0x12 build/unix/platform/libPlatform.a(FileStdio.o)
 .comment       0x0000000000000000       0x12 build/unix/libErrors.a(Errors.o)
 .comment       0x0000000000000000       0x12 build/unix/uCmorse/libinmorse.a(inmorse.o)
 .comment       0x0000000000000000       0x12 /mnt/sda6/programas/stuff/tmp/staging/mipsel-linux/usr/lib/libc_nonshared.a(elf-init.oS)
 .comment       0x0000000000000000       0x12 /mnt/sda6/programas/stuff/tmp/staging/mipsel-linux/usr/lib/libc_nonshared.a(atexit.oS)
 .comment       0x0000000000000000       0x12 /usr/local/jlime/mipsel-toolchain/usr/bin/../lib/gcc/mipsel-linux/4.4.2/crtend.o
 .comment       0x0000000000000000       0x12 /usr/local/jlime/mipsel-toolchain/usr/bin/../lib/gcc/mipsel-linux/4.4.2/../../../../mipsel-linux/lib/crtn.o

.debug
 *(.debug)

.line
 *(.line)

.debug_srcinfo
 *(.debug_srcinfo)

.debug_sfnames
 *(.debug_sfnames)

.debug_aranges  0x0000000000000000      0x100
 *(.debug_aranges)
 .debug_aranges
                0x0000000000000000       0x20 build/unix/tests/test_MorseBox.o
 .debug_aranges
                0x0000000000000020       0x20 build/unix/ui/libUi.a(MorseBox.o)
 .debug_aranges
                0x0000000000000040       0x20 build/unix/platform/libPlatform.a(PosixPlatform.o)
 .debug_aranges
                0x0000000000000060       0x20 build/unix/platform/libPlatform.a(Platform.o)
 .debug_aranges
                0x0000000000000080       0x20 build/unix/platform/libPlatform.a(vt52.o)
 .debug_aranges
                0x00000000000000a0       0x20 build/unix/platform/libPlatform.a(FileStdio.o)
 .debug_aranges
                0x00000000000000c0       0x20 build/unix/libErrors.a(Errors.o)
 .debug_aranges
                0x00000000000000e0       0x20 build/unix/uCmorse/libinmorse.a(inmorse.o)

.debug_pubnames
                0x0000000000000000      0x3c7
 *(.debug_pubnames)
 .debug_pubnames
                0x0000000000000000       0x1b build/unix/tests/test_MorseBox.o
 .debug_pubnames
                0x000000000000001b       0xae build/unix/ui/libUi.a(MorseBox.o)
 .debug_pubnames
                0x00000000000000c9      0x129 build/unix/platform/libPlatform.a(PosixPlatform.o)
 .debug_pubnames
                0x00000000000001f2       0x4c build/unix/platform/libPlatform.a(Platform.o)
 .debug_pubnames
                0x000000000000023e       0x30 build/unix/platform/libPlatform.a(vt52.o)
 .debug_pubnames
                0x000000000000026e       0xad build/unix/platform/libPlatform.a(FileStdio.o)
 .debug_pubnames
                0x000000000000031b       0x69 build/unix/libErrors.a(Errors.o)
 .debug_pubnames
                0x0000000000000384       0x43 build/unix/uCmorse/libinmorse.a(inmorse.o)

.debug_info     0x0000000000000000     0x23d9
 *(.debug_info .gnu.linkonce.wi.*)
 .debug_info    0x0000000000000000      0x3de build/unix/tests/test_MorseBox.o
 .debug_info    0x00000000000003de      0x5a7 build/unix/ui/libUi.a(MorseBox.o)
 .debug_info    0x0000000000000985      0xa90 build/unix/platform/libPlatform.a(PosixPlatform.o)
 .debug_info    0x0000000000001415      0x1d7 build/unix/platform/libPlatform.a(Platform.o)
 .debug_info    0x00000000000015ec      0x38d build/unix/platform/libPlatform.a(vt52.o)
 .debug_info    0x0000000000001979      0x579 build/unix/platform/libPlatform.a(FileStdio.o)
 .debug_info    0x0000000000001ef2      0x3a6 build/unix/libErrors.a(Errors.o)
 .debug_info    0x0000000000002298      0x141 build/unix/uCmorse/libinmorse.a(inmorse.o)

.debug_abbrev   0x0000000000000000      0x93c
 *(.debug_abbrev)
 .debug_abbrev  0x0000000000000000      0x116 build/unix/tests/test_MorseBox.o
 .debug_abbrev  0x0000000000000116      0x160 build/unix/ui/libUi.a(MorseBox.o)
 .debug_abbrev  0x0000000000000276      0x1e1 build/unix/platform/libPlatform.a(PosixPlatform.o)
 .debug_abbrev  0x0000000000000457       0xf0 build/unix/platform/libPlatform.a(Platform.o)
 .debug_abbrev  0x0000000000000547       0xfc build/unix/platform/libPlatform.a(vt52.o)
 .debug_abbrev  0x0000000000000643      0x166 build/unix/platform/libPlatform.a(FileStdio.o)
 .debug_abbrev  0x00000000000007a9       0xe9 build/unix/libErrors.a(Errors.o)
 .debug_abbrev  0x0000000000000892       0xaa build/unix/uCmorse/libinmorse.a(inmorse.o)

.debug_line     0x0000000000000000      0xe53
 *(.debug_line)
 .debug_line    0x0000000000000000      0x1bf build/unix/tests/test_MorseBox.o
 .debug_line    0x00000000000001bf      0x279 build/unix/ui/libUi.a(MorseBox.o)
 .debug_line    0x0000000000000438      0x324 build/unix/platform/libPlatform.a(PosixPlatform.o)
 .debug_line    0x000000000000075c      0x116 build/unix/platform/libPlatform.a(Platform.o)
 .debug_line    0x0000000000000872      0x1c9 build/unix/platform/libPlatform.a(vt52.o)
 .debug_line    0x0000000000000a3b      0x20e build/unix/platform/libPlatform.a(FileStdio.o)
 .debug_line    0x0000000000000c49      0x1ab build/unix/libErrors.a(Errors.o)
 .debug_line    0x0000000000000df4       0x5f build/unix/uCmorse/libinmorse.a(inmorse.o)

.debug_frame    0x0000000000000000      0x5d4
 *(.debug_frame)
 .debug_frame   0x0000000000000000       0x30 build/unix/tests/test_MorseBox.o
 .debug_frame   0x0000000000000030       0xfc build/unix/ui/libUi.a(MorseBox.o)
 .debug_frame   0x000000000000012c      0x1ec build/unix/platform/libPlatform.a(PosixPlatform.o)
 .debug_frame   0x0000000000000318       0xb0 build/unix/platform/libPlatform.a(Platform.o)
 .debug_frame   0x00000000000003c8       0x50 build/unix/platform/libPlatform.a(vt52.o)
 .debug_frame   0x0000000000000418      0x120 build/unix/platform/libPlatform.a(FileStdio.o)
 .debug_frame   0x0000000000000538       0x50 build/unix/libErrors.a(Errors.o)
 .debug_frame   0x0000000000000588       0x4c build/unix/uCmorse/libinmorse.a(inmorse.o)

.debug_str      0x0000000000000000      0x812
 *(.debug_str)
 .debug_str     0x0000000000000000      0x25f build/unix/tests/test_MorseBox.o
                                        0x2a7 (size before relaxing)
 .debug_str     0x000000000000025f       0xcb build/unix/ui/libUi.a(MorseBox.o)
                                        0x347 (size before relaxing)
 .debug_str     0x000000000000032a      0x355 build/unix/platform/libPlatform.a(PosixPlatform.o)
                                        0x5de (size before relaxing)
 .debug_str     0x000000000000067f       0x51 build/unix/platform/libPlatform.a(Platform.o)
                                        0x13a (size before relaxing)
 .debug_str     0x00000000000006d0       0x36 build/unix/platform/libPlatform.a(vt52.o)
                                        0x288 (size before relaxing)
 .debug_str     0x0000000000000706       0xa9 build/unix/platform/libPlatform.a(FileStdio.o)
                                        0x348 (size before relaxing)
 .debug_str     0x00000000000007af       0x2b build/unix/libErrors.a(Errors.o)
                                        0x2ab (size before relaxing)
 .debug_str     0x00000000000007da       0x38 build/unix/uCmorse/libinmorse.a(inmorse.o)
                                        0x126 (size before relaxing)

.debug_loc      0x0000000000000000      0x76a
 *(.debug_loc)
 .debug_loc     0x0000000000000000       0x2d build/unix/tests/test_MorseBox.o
 .debug_loc     0x000000000000002d      0x158 build/unix/ui/libUi.a(MorseBox.o)
 .debug_loc     0x0000000000000185      0x289 build/unix/platform/libPlatform.a(PosixPlatform.o)
 .debug_loc     0x000000000000040e       0xd7 build/unix/platform/libPlatform.a(Platform.o)
 .debug_loc     0x00000000000004e5       0x56 build/unix/platform/libPlatform.a(vt52.o)
 .debug_loc     0x000000000000053b      0x183 build/unix/platform/libPlatform.a(FileStdio.o)
 .debug_loc     0x00000000000006be       0x56 build/unix/libErrors.a(Errors.o)
 .debug_loc     0x0000000000000714       0x56 build/unix/uCmorse/libinmorse.a(inmorse.o)

.debug_macinfo
 *(.debug_macinfo)

.debug_weaknames
 *(.debug_weaknames)

.debug_funcnames
 *(.debug_funcnames)

.debug_typenames
 *(.debug_typenames)

.debug_varnames
 *(.debug_varnames)

.debug_pubtypes
 *(.debug_pubtypes)

.debug_ranges
 *(.debug_ranges)

.gnu.attributes
                0x0000000000000000       0x10
 *(.gnu.attributes)
 .gnu.attributes
                0x0000000000000000       0x10 /usr/local/jlime/mipsel-toolchain/usr/bin/../lib/gcc/mipsel-linux/4.4.2/../../../../mipsel-linux/lib/crt1.o
 .gnu.attributes
                0x0000000000000010       0x10 /usr/local/jlime/mipsel-toolchain/usr/bin/../lib/gcc/mipsel-linux/4.4.2/../../../../mipsel-linux/lib/crti.o
 .gnu.attributes
                0x0000000000000020       0x10 /usr/local/jlime/mipsel-toolchain/usr/bin/../lib/gcc/mipsel-linux/4.4.2/crtbegin.o
 .gnu.attributes
                0x0000000000000030       0x10 build/unix/tests/test_MorseBox.o
 .gnu.attributes
                0x0000000000000040       0x10 build/unix/ui/libUi.a(MorseBox.o)
 .gnu.attributes
                0x0000000000000050       0x10 build/unix/platform/libPlatform.a(PosixPlatform.o)
 .gnu.attributes
                0x0000000000000060       0x10 build/unix/platform/libPlatform.a(Platform.o)
 .gnu.attributes
                0x0000000000000070       0x10 build/unix/platform/libPlatform.a(vt52.o)
 .gnu.attributes
                0x0000000000000080       0x10 build/unix/platform/libPlatform.a(FileStdio.o)
 .gnu.attributes
                0x0000000000000090       0x10 build/unix/libErrors.a(Errors.o)
 .gnu.attributes
                0x00000000000000a0       0x10 build/unix/uCmorse/libinmorse.a(inmorse.o)
 .gnu.attributes
                0x00000000000000b0       0x10 /mnt/sda6/programas/stuff/tmp/staging/mipsel-linux/usr/lib/libc_nonshared.a(elf-init.oS)
 .gnu.attributes
                0x00000000000000c0       0x10 /mnt/sda6/programas/stuff/tmp/staging/mipsel-linux/usr/lib/libc_nonshared.a(atexit.oS)
 .gnu.attributes
                0x00000000000000d0       0x10 /usr/local/jlime/mipsel-toolchain/usr/bin/../lib/gcc/mipsel-linux/4.4.2/crtend.o
 .gnu.attributes
                0x00000000000000e0       0x10 /usr/local/jlime/mipsel-toolchain/usr/bin/../lib/gcc/mipsel-linux/4.4.2/../../../../mipsel-linux/lib/crtn.o

.gptab.sdata
 *(.gptab.data)
 *(.gptab.sdata)

.gptab.sbss
 *(.gptab.bss)
 *(.gptab.sbss)

.mdebug.abi32   0x00000000000000f0        0x0
 *(.mdebug.abi32)
 .mdebug.abi32  0x00000000000000f0        0x0 /usr/local/jlime/mipsel-toolchain/usr/bin/../lib/gcc/mipsel-linux/4.4.2/../../../../mipsel-linux/lib/crt1.o
 .mdebug.abi32  0x00000000000000f0        0x0 /usr/local/jlime/mipsel-toolchain/usr/bin/../lib/gcc/mipsel-linux/4.4.2/../../../../mipsel-linux/lib/crti.o
 .mdebug.abi32  0x00000000000000f0        0x0 /usr/local/jlime/mipsel-toolchain/usr/bin/../lib/gcc/mipsel-linux/4.4.2/crtbegin.o
 .mdebug.abi32  0x00000000000000f0        0x0 build/unix/tests/test_MorseBox.o
 .mdebug.abi32  0x00000000000000f0        0x0 build/unix/ui/libUi.a(MorseBox.o)
 .mdebug.abi32  0x00000000000000f0        0x0 build/unix/platform/libPlatform.a(PosixPlatform.o)
 .mdebug.abi32  0x00000000000000f0        0x0 build/unix/platform/libPlatform.a(Platform.o)
 .mdebug.abi32  0x00000000000000f0        0x0 build/unix/platform/libPlatform.a(vt52.o)
 .mdebug.abi32  0x00000000000000f0        0x0 build/unix/platform/libPlatform.a(FileStdio.o)
 .mdebug.abi32  0x00000000000000f0        0x0 build/unix/libErrors.a(Errors.o)
 .mdebug.abi32  0x00000000000000f0        0x0 build/unix/uCmorse/libinmorse.a(inmorse.o)
 .mdebug.abi32  0x00000000000000f0        0x0 /mnt/sda6/programas/stuff/tmp/staging/mipsel-linux/usr/lib/libc_nonshared.a(elf-init.oS)
 .mdebug.abi32  0x00000000000000f0        0x0 /mnt/sda6/programas/stuff/tmp/staging/mipsel-linux/usr/lib/libc_nonshared.a(atexit.oS)
 .mdebug.abi32  0x00000000000000f0        0x0 /usr/local/jlime/mipsel-toolchain/usr/bin/../lib/gcc/mipsel-linux/4.4.2/crtend.o
 .mdebug.abi32  0x00000000000000f0        0x0 /usr/local/jlime/mipsel-toolchain/usr/bin/../lib/gcc/mipsel-linux/4.4.2/../../../../mipsel-linux/lib/crtn.o

.mdebug.abiN32
 *(.mdebug.abiN32)

.mdebug.abi64
 *(.mdebug.abi64)

.mdebug.abiO64
 *(.mdebug.abiO64)

.mdebug.eabi32
 *(.mdebug.eabi32)

.mdebug.eabi64
 *(.mdebug.eabi64)

.gcc_compiled_long32
 *(.gcc_compiled_long32)

.gcc_compiled_long64
 *(.gcc_compiled_long64)

/DISCARD/
 *(.note.GNU-stack)
 *(.gnu_debuglink)
 *(.gnu.lto_*)
OUTPUT(build/unix/tests/test_MorseBox elf32-tradlittlemips)
