Archive member included because of file (symbol)

build/unix/platform/libPlatform.a(PosixPlatform.o)
                              build/unix/tests/test_Input.o (PlatformInit)
build/unix/platform/libPlatform.a(Platform.o)
                              build/unix/tests/test_Input.o (InputUnescape)
build/unix/platform/libPlatform.a(FileStdio.o)
                              build/unix/platform/libPlatform.a(PosixPlatform.o) (FileInit)
build/unix/libErrors.a(Errors.o)
                              build/unix/platform/libPlatform.a(PosixPlatform.o) (errorFile)
/mnt/sda6/programas/stuff/tmp/staging/mipsel-linux/usr/lib/libc_nonshared.a(elf-init.oS)
                              /usr/local/jlime/mipsel-toolchain/usr/bin/../lib/gcc/mipsel-linux/4.4.2/../../../../mipsel-linux/lib/crt1.o (__libc_csu_fini)
/mnt/sda6/programas/stuff/tmp/staging/mipsel-linux/usr/lib/libc_nonshared.a(atexit.oS)
                              build/unix/platform/libPlatform.a(PosixPlatform.o) (atexit)

Allocating common symbols
Common symbol       size              file

errorMsg            0x4               build/unix/libErrors.a(Errors.o)
orig_tios           0x34              build/unix/platform/libPlatform.a(PosixPlatform.o)
tios                0x34              build/unix/platform/libPlatform.a(PosixPlatform.o)
errorFunc           0x4               build/unix/libErrors.a(Errors.o)
startTime           0x8               build/unix/platform/libPlatform.a(PosixPlatform.o)
errorLine           0x4               build/unix/libErrors.a(Errors.o)
errorFile           0x4               build/unix/libErrors.a(Errors.o)

Discarded input sections

 .note.ABI-tag  0x0000000000000000       0x20 /usr/local/jlime/mipsel-toolchain/usr/bin/../lib/gcc/mipsel-linux/4.4.2/../../../../mipsel-linux/lib/crt1.o
 .reginfo       0x0000000000000000       0x18 /usr/local/jlime/mipsel-toolchain/usr/bin/../lib/gcc/mipsel-linux/4.4.2/../../../../mipsel-linux/lib/crt1.o
 .data          0x0000000000000000       0x10 /usr/local/jlime/mipsel-toolchain/usr/bin/../lib/gcc/mipsel-linux/4.4.2/../../../../mipsel-linux/lib/crt1.o
 .bss           0x0000000000000000        0x0 /usr/local/jlime/mipsel-toolchain/usr/bin/../lib/gcc/mipsel-linux/4.4.2/../../../../mipsel-linux/lib/crt1.o
 .text          0x0000000000000000        0x0 /usr/local/jlime/mipsel-toolchain/usr/bin/../lib/gcc/mipsel-linux/4.4.2/../../../../mipsel-linux/lib/crti.o
 .data          0x0000000000000000        0x0 /usr/local/jlime/mipsel-toolchain/usr/bin/../lib/gcc/mipsel-linux/4.4.2/../../../../mipsel-linux/lib/crti.o
 .bss           0x0000000000000000        0x0 /usr/local/jlime/mipsel-toolchain/usr/bin/../lib/gcc/mipsel-linux/4.4.2/../../../../mipsel-linux/lib/crti.o
 .reginfo       0x0000000000000000       0x18 /usr/local/jlime/mipsel-toolchain/usr/bin/../lib/gcc/mipsel-linux/4.4.2/../../../../mipsel-linux/lib/crti.o
 .data          0x0000000000000000        0x0 /usr/local/jlime/mipsel-toolchain/usr/bin/../lib/gcc/mipsel-linux/4.4.2/crtbegin.o
 .reginfo       0x0000000000000000       0x18 /usr/local/jlime/mipsel-toolchain/usr/bin/../lib/gcc/mipsel-linux/4.4.2/crtbegin.o
 .data          0x0000000000000000        0x0 build/unix/tests/test_Input.o
 .bss           0x0000000000000000        0x0 build/unix/tests/test_Input.o
 .reginfo       0x0000000000000000       0x18 build/unix/tests/test_Input.o
 .pdr           0x0000000000000000       0x20 build/unix/tests/test_Input.o
 .data          0x0000000000000000        0x0 build/unix/platform/libPlatform.a(PosixPlatform.o)
 .bss           0x0000000000000000        0x0 build/unix/platform/libPlatform.a(PosixPlatform.o)
 .reginfo       0x0000000000000000       0x18 build/unix/platform/libPlatform.a(PosixPlatform.o)
 .pdr           0x0000000000000000      0x1e0 build/unix/platform/libPlatform.a(PosixPlatform.o)
 .data          0x0000000000000000        0x0 build/unix/platform/libPlatform.a(Platform.o)
 .bss           0x0000000000000000        0x0 build/unix/platform/libPlatform.a(Platform.o)
 .reginfo       0x0000000000000000       0x18 build/unix/platform/libPlatform.a(Platform.o)
 .pdr           0x0000000000000000       0xa0 build/unix/platform/libPlatform.a(Platform.o)
 .reginfo       0x0000000000000000       0x18 build/unix/platform/libPlatform.a(FileStdio.o)
 .pdr           0x0000000000000000      0x120 build/unix/platform/libPlatform.a(FileStdio.o)
 .data          0x0000000000000000        0x0 build/unix/libErrors.a(Errors.o)
 .bss           0x0000000000000000        0x0 build/unix/libErrors.a(Errors.o)
 .reginfo       0x0000000000000000       0x18 build/unix/libErrors.a(Errors.o)
 .pdr           0x0000000000000000       0x40 build/unix/libErrors.a(Errors.o)
 .data          0x0000000000000000        0x0 /mnt/sda6/programas/stuff/tmp/staging/mipsel-linux/usr/lib/libc_nonshared.a(elf-init.oS)
 .bss           0x0000000000000000        0x0 /mnt/sda6/programas/stuff/tmp/staging/mipsel-linux/usr/lib/libc_nonshared.a(elf-init.oS)
 .reginfo       0x0000000000000000       0x18 /mnt/sda6/programas/stuff/tmp/staging/mipsel-linux/usr/lib/libc_nonshared.a(elf-init.oS)
 .pdr           0x0000000000000000       0x40 /mnt/sda6/programas/stuff/tmp/staging/mipsel-linux/usr/lib/libc_nonshared.a(elf-init.oS)
 .data          0x0000000000000000        0x0 /mnt/sda6/programas/stuff/tmp/staging/mipsel-linux/usr/lib/libc_nonshared.a(atexit.oS)
 .bss           0x0000000000000000        0x0 /mnt/sda6/programas/stuff/tmp/staging/mipsel-linux/usr/lib/libc_nonshared.a(atexit.oS)
 .reginfo       0x0000000000000000       0x18 /mnt/sda6/programas/stuff/tmp/staging/mipsel-linux/usr/lib/libc_nonshared.a(atexit.oS)
 .pdr           0x0000000000000000       0x20 /mnt/sda6/programas/stuff/tmp/staging/mipsel-linux/usr/lib/libc_nonshared.a(atexit.oS)
 .data          0x0000000000000000        0x0 /usr/local/jlime/mipsel-toolchain/usr/bin/../lib/gcc/mipsel-linux/4.4.2/crtend.o
 .bss           0x0000000000000000        0x0 /usr/local/jlime/mipsel-toolchain/usr/bin/../lib/gcc/mipsel-linux/4.4.2/crtend.o
 .reginfo       0x0000000000000000       0x18 /usr/local/jlime/mipsel-toolchain/usr/bin/../lib/gcc/mipsel-linux/4.4.2/crtend.o
 .text          0x0000000000000000        0x0 /usr/local/jlime/mipsel-toolchain/usr/bin/../lib/gcc/mipsel-linux/4.4.2/../../../../mipsel-linux/lib/crtn.o
 .data          0x0000000000000000        0x0 /usr/local/jlime/mipsel-toolchain/usr/bin/../lib/gcc/mipsel-linux/4.4.2/../../../../mipsel-linux/lib/crtn.o
 .bss           0x0000000000000000        0x0 /usr/local/jlime/mipsel-toolchain/usr/bin/../lib/gcc/mipsel-linux/4.4.2/../../../../mipsel-linux/lib/crtn.o
 .reginfo       0x0000000000000000       0x18 /usr/local/jlime/mipsel-toolchain/usr/bin/../lib/gcc/mipsel-linux/4.4.2/../../../../mipsel-linux/lib/crtn.o

Memory Configuration

Name             Origin             Length             Attributes
*default*        0x0000000000000000 0xffffffffffffffff

Linker script and memory map

LOAD /usr/local/jlime/mipsel-toolchain/usr/bin/../lib/gcc/mipsel-linux/4.4.2/../../../../mipsel-linux/lib/crt1.o
LOAD /usr/local/jlime/mipsel-toolchain/usr/bin/../lib/gcc/mipsel-linux/4.4.2/../../../../mipsel-linux/lib/crti.o
LOAD /usr/local/jlime/mipsel-toolchain/usr/bin/../lib/gcc/mipsel-linux/4.4.2/crtbegin.o
LOAD build/unix/tests/test_Input.o
LOAD build/unix/ui/libUi.a
LOAD build/unix/platform/libPlatform.a
LOAD build/unix/bgtree/libbgTree.a
LOAD build/unix/libLoadBlock.a
LOAD build/unix/libErrors.a
LOAD build/unix/uCmorse/libuCmorse.a
LOAD build/unix/uCmorse/libinmorse.a
LOAD /usr/local/jlime/mipsel-toolchain/usr/bin/../lib/gcc/mipsel-linux/4.4.2/libgcc.a
LOAD /usr/local/jlime/mipsel-toolchain/usr/bin/../lib/gcc/mipsel-linux/4.4.2/../../../../mipsel-linux/lib/libgcc_s.so
LOAD /usr/local/jlime/mipsel-toolchain/usr/bin/../lib/gcc/mipsel-linux/4.4.2/../../../../mipsel-linux/lib/libc.so
START GROUP
LOAD /mnt/sda6/programas/stuff/tmp/staging/mipsel-linux/lib/libc.so.6
LOAD /mnt/sda6/programas/stuff/tmp/staging/mipsel-linux/usr/lib/libc_nonshared.a
LOAD /mnt/sda6/programas/stuff/tmp/staging/mipsel-linux/lib/ld.so.1
END GROUP
LOAD /usr/local/jlime/mipsel-toolchain/usr/bin/../lib/gcc/mipsel-linux/4.4.2/libgcc.a
LOAD /usr/local/jlime/mipsel-toolchain/usr/bin/../lib/gcc/mipsel-linux/4.4.2/../../../../mipsel-linux/lib/libgcc_s.so
LOAD /usr/local/jlime/mipsel-toolchain/usr/bin/../lib/gcc/mipsel-linux/4.4.2/crtend.o
LOAD /usr/local/jlime/mipsel-toolchain/usr/bin/../lib/gcc/mipsel-linux/4.4.2/../../../../mipsel-linux/lib/crtn.o
                0x0000000000400000                PROVIDE (__executable_start, 0x400000)
                0x00000000004000f4                . = (0x400000 + SIZEOF_HEADERS)

.interp         0x00000000004000f4        0xd
 *(.interp)
 .interp        0x00000000004000f4        0xd /usr/local/jlime/mipsel-toolchain/usr/bin/../lib/gcc/mipsel-linux/4.4.2/../../../../mipsel-linux/lib/crt1.o

.reginfo
 *(.reginfo)

.note.gnu.build-id
 *(.note.gnu.build-id)

.dynamic        0x0000000000400104       0xd8
 *(.dynamic)
 .dynamic       0x0000000000400104       0xd8 /usr/local/jlime/mipsel-toolchain/usr/bin/../lib/gcc/mipsel-linux/4.4.2/../../../../mipsel-linux/lib/crt1.o
                0x0000000000400104                _DYNAMIC

.hash           0x00000000004001dc      0x160
 *(.hash)
 .hash          0x00000000004001dc      0x160 /usr/local/jlime/mipsel-toolchain/usr/bin/../lib/gcc/mipsel-linux/4.4.2/../../../../mipsel-linux/lib/crt1.o

.gnu.hash
 *(.gnu.hash)

.dynsym         0x000000000040033c      0x310
 *(.dynsym)
 .dynsym        0x000000000040033c      0x310 /usr/local/jlime/mipsel-toolchain/usr/bin/../lib/gcc/mipsel-linux/4.4.2/../../../../mipsel-linux/lib/crt1.o

.dynstr         0x000000000040064c      0x1ce
 *(.dynstr)
 .dynstr        0x000000000040064c      0x1ce /usr/local/jlime/mipsel-toolchain/usr/bin/../lib/gcc/mipsel-linux/4.4.2/../../../../mipsel-linux/lib/crt1.o

.gnu.version    0x000000000040081a       0x62
 *(.gnu.version)
 .gnu.version   0x000000000040081a       0x62 /usr/local/jlime/mipsel-toolchain/usr/bin/../lib/gcc/mipsel-linux/4.4.2/../../../../mipsel-linux/lib/crt1.o

.gnu.version_d  0x000000000040087c        0x0
 *(.gnu.version_d)
 .gnu.version_d
                0x0000000000000000        0x0 /usr/local/jlime/mipsel-toolchain/usr/bin/../lib/gcc/mipsel-linux/4.4.2/../../../../mipsel-linux/lib/crt1.o

.gnu.version_r  0x000000000040087c       0x30
 *(.gnu.version_r)
 .gnu.version_r
                0x000000000040087c       0x30 /usr/local/jlime/mipsel-toolchain/usr/bin/../lib/gcc/mipsel-linux/4.4.2/../../../../mipsel-linux/lib/crt1.o

.rel.dyn        0x00000000004008ac        0x0
 *(.rel.init)
 *(.rel.text .rel.text.* .rel.gnu.linkonce.t.*)
 *(.rel.fini)
 *(.rel.rodata .rel.rodata.* .rel.gnu.linkonce.r.*)
 *(.rel.data.rel.ro* .rel.gnu.linkonce.d.rel.ro.*)
 *(.rel.data .rel.data.* .rel.gnu.linkonce.d.*)
 *(.rel.tdata .rel.tdata.* .rel.gnu.linkonce.td.*)
 *(.rel.tbss .rel.tbss.* .rel.gnu.linkonce.tb.*)
 *(.rel.ctors)
 *(.rel.dtors)
 *(.rel.got)
 *(.rel.dyn)
 .rel.dyn       0x0000000000000000        0x0 /usr/local/jlime/mipsel-toolchain/usr/bin/../lib/gcc/mipsel-linux/4.4.2/../../../../mipsel-linux/lib/crt1.o
 *(.rel.sdata .rel.sdata.* .rel.gnu.linkonce.s.*)
 *(.rel.sbss .rel.sbss.* .rel.gnu.linkonce.sb.*)
 *(.rel.sdata2 .rel.sdata2.* .rel.gnu.linkonce.s2.*)
 *(.rel.sbss2 .rel.sbss2.* .rel.gnu.linkonce.sb2.*)
 *(.rel.bss .rel.bss.* .rel.gnu.linkonce.b.*)
 .rel.bss       0x0000000000000000        0x0 /usr/local/jlime/mipsel-toolchain/usr/bin/../lib/gcc/mipsel-linux/4.4.2/../../../../mipsel-linux/lib/crt1.o
                0x00000000004008ac                PROVIDE (__rel_iplt_start, .)
 *(.rel.iplt)
                0x00000000004008ac                PROVIDE (__rel_iplt_end, .)
                0x00000000004008ac                PROVIDE (__rela_iplt_start, .)
                0x00000000004008ac                PROVIDE (__rela_iplt_end, .)

.rela.dyn       0x00000000004008ac        0x0
 *(.rela.init)
 *(.rela.text .rela.text.* .rela.gnu.linkonce.t.*)
 *(.rela.fini)
 *(.rela.rodata .rela.rodata.* .rela.gnu.linkonce.r.*)
 *(.rela.data .rela.data.* .rela.gnu.linkonce.d.*)
 *(.rela.tdata .rela.tdata.* .rela.gnu.linkonce.td.*)
 *(.rela.tbss .rela.tbss.* .rela.gnu.linkonce.tb.*)
 *(.rela.ctors)
 *(.rela.dtors)
 *(.rela.got)
 *(.rela.sdata .rela.sdata.* .rela.gnu.linkonce.s.*)
 *(.rela.sbss .rela.sbss.* .rela.gnu.linkonce.sb.*)
 *(.rela.sdata2 .rela.sdata2.* .rela.gnu.linkonce.s2.*)
 *(.rela.sbss2 .rela.sbss2.* .rela.gnu.linkonce.sb2.*)
 *(.rela.bss .rela.bss.* .rela.gnu.linkonce.b.*)
                0x00000000004008ac                PROVIDE (__rel_iplt_start, .)
                0x00000000004008ac                PROVIDE (__rel_iplt_end, .)
                0x00000000004008ac                PROVIDE (__rela_iplt_start, .)
 *(.rela.iplt)
                0x00000000004008ac                PROVIDE (__rela_iplt_end, .)

.rel.plt        0x00000000004008ac        0x0
 *(.rel.plt)
 .rel.plt       0x0000000000000000        0x0 /usr/local/jlime/mipsel-toolchain/usr/bin/../lib/gcc/mipsel-linux/4.4.2/../../../../mipsel-linux/lib/crt1.o

.rela.plt
 *(.rela.plt)

.init           0x00000000004008ac       0x78
 *(.init)
 .init          0x00000000004008ac       0x2c /usr/local/jlime/mipsel-toolchain/usr/bin/../lib/gcc/mipsel-linux/4.4.2/../../../../mipsel-linux/lib/crti.o
                0x00000000004008ac                _init
 .init          0x00000000004008d8       0x20 /usr/local/jlime/mipsel-toolchain/usr/bin/../lib/gcc/mipsel-linux/4.4.2/crtbegin.o
 .init          0x00000000004008f8       0x20 /usr/local/jlime/mipsel-toolchain/usr/bin/../lib/gcc/mipsel-linux/4.4.2/crtend.o
 .init          0x0000000000400918        0xc /usr/local/jlime/mipsel-toolchain/usr/bin/../lib/gcc/mipsel-linux/4.4.2/../../../../mipsel-linux/lib/crtn.o

.plt            0x0000000000400924        0x0
 *(.plt)
 .plt           0x0000000000000000        0x0 /usr/local/jlime/mipsel-toolchain/usr/bin/../lib/gcc/mipsel-linux/4.4.2/../../../../mipsel-linux/lib/crt1.o

.iplt
 *(.iplt)

.text           0x0000000000400930     0x1c20
                0x0000000000400930                _ftext = .
 *(.text.unlikely .text.*_unlikely)
 *(.text .stub .text.* .gnu.linkonce.t.*)
 .text          0x0000000000400930       0x60 /usr/local/jlime/mipsel-toolchain/usr/bin/../lib/gcc/mipsel-linux/4.4.2/../../../../mipsel-linux/lib/crt1.o
                0x0000000000400930                __start
 .text          0x0000000000400990       0xc0 /usr/local/jlime/mipsel-toolchain/usr/bin/../lib/gcc/mipsel-linux/4.4.2/crtbegin.o
 .text          0x0000000000400a50      0x100 build/unix/tests/test_Input.o
                0x0000000000400a50                main
 .text          0x0000000000400b50      0xb40 build/unix/platform/libPlatform.a(PosixPlatform.o)
                0x0000000000400b50                sounder
                0x0000000000400b78                StdioDestroy
                0x0000000000400c0c                StdioInit
                0x0000000000400f44                StackCheck
                0x0000000000400f64                StackPrintInfo
                0x0000000000400f88                PlatformInit
                0x0000000000401160                OutC
                0x00000000004011cc                GetTimeOfDayMilli
                0x0000000000401294                TimerInit
                0x00000000004012e8                TimerMillisec
                0x0000000000401344                TimerCount
                0x0000000000401394                TimerCountPerMillisec
                0x00000000004013b8                DelayMs
                0x000000000040142c                InputIsReady
                0x00000000004015cc                InputCheck
 .text          0x0000000000401690      0x560 build/unix/platform/libPlatform.a(Platform.o)
                0x0000000000401690                InputUnescape
                0x0000000000401820                OutS
                0x00000000004018b4                OutXByte
                0x00000000004019c0                OutX
                0x0000000000401a58                OutI
 .text          0x0000000000401bf0      0x590 build/unix/platform/libPlatform.a(FileStdio.o)
                0x0000000000401bf0                FileInit
                0x0000000000401c14                FileOpenRO
                0x0000000000401d24                FileClose
                0x0000000000401ddc                FileRead
                0x0000000000401f54                FileSeek
                0x0000000000402074                FileGetC
                0x0000000000402100                FileGetHandle
                0x0000000000402128                FileStateVersion
                0x0000000000402150                FileSectorReadCount
 .text          0x0000000000402180      0x2a0 build/unix/libErrors.a(Errors.o)
                0x0000000000402180                ERRORprint2
                0x00000000004023e0                ERRORprint3
 .text          0x0000000000402420       0xb0 /mnt/sda6/programas/stuff/tmp/staging/mipsel-linux/usr/lib/libc_nonshared.a(elf-init.oS)
                0x0000000000402420                __libc_csu_fini
                0x0000000000402428                __libc_csu_init
 .text          0x00000000004024d0       0x30 /mnt/sda6/programas/stuff/tmp/staging/mipsel-linux/usr/lib/libc_nonshared.a(atexit.oS)
                0x00000000004024d0                atexit
 .text          0x0000000000402500       0x50 /usr/local/jlime/mipsel-toolchain/usr/bin/../lib/gcc/mipsel-linux/4.4.2/crtend.o
 *(.gnu.warning)
 *(.mips16.fn.*)
 *(.mips16.call.*)

.MIPS.stubs     0x0000000000402550      0x170
 .MIPS.stubs    0x0000000000402550      0x170 /usr/local/jlime/mipsel-toolchain/usr/bin/../lib/gcc/mipsel-linux/4.4.2/../../../../mipsel-linux/lib/crt1.o
                0x0000000000402550                fileno@@GLIBC_2.0
                0x0000000000402560                sigemptyset@@GLIBC_2.0
                0x0000000000402570                __libc_start_main@@GLIBC_2.0
                0x0000000000402580                tcgetattr@@GLIBC_2.0
                0x0000000000402590                __assert_fail@@GLIBC_2.0
                0x00000000004025a0                read@@GLIBC_2.0
                0x00000000004025b0                usleep@@GLIBC_2.0
                0x00000000004025c0                gettimeofday@@GLIBC_2.0
                0x00000000004025d0                sigaction@@GLIBC_2.0
                0x00000000004025e0                fseek@@GLIBC_2.0
                0x00000000004025f0                fclose@@GLIBC_2.2
                0x0000000000402600                memcpy@@GLIBC_2.0
                0x0000000000402610                feof@@GLIBC_2.0
                0x0000000000402620                printf@@GLIBC_2.0
                0x0000000000402630                select@@GLIBC_2.0
                0x0000000000402640                fwrite@@GLIBC_2.0
                0x0000000000402650                fprintf@@GLIBC_2.0
                0x0000000000402660                __cxa_atexit@@GLIBC_2.2
                0x0000000000402670                fputc@@GLIBC_2.0
                0x0000000000402680                fopen@@GLIBC_2.2
                0x0000000000402690                tcsetattr@@GLIBC_2.0
                0x00000000004026a0                fread@@GLIBC_2.0

.fini           0x00000000004026c0       0x44
 *(.fini)
 .fini          0x00000000004026c0       0x18 /usr/local/jlime/mipsel-toolchain/usr/bin/../lib/gcc/mipsel-linux/4.4.2/../../../../mipsel-linux/lib/crti.o
                0x00000000004026c0                _fini
 .fini          0x00000000004026d8       0x20 /usr/local/jlime/mipsel-toolchain/usr/bin/../lib/gcc/mipsel-linux/4.4.2/crtbegin.o
 .fini          0x00000000004026f8        0xc /usr/local/jlime/mipsel-toolchain/usr/bin/../lib/gcc/mipsel-linux/4.4.2/../../../../mipsel-linux/lib/crtn.o
                0x0000000000402704                PROVIDE (__etext, .)
                0x0000000000402704                PROVIDE (_etext, .)
                0x0000000000402704                PROVIDE (etext, .)

.rodata         0x0000000000402710      0x2a0
 *(.rodata .rodata.* .gnu.linkonce.r.*)
 .rodata.cst4   0x0000000000402710        0x4 /usr/local/jlime/mipsel-toolchain/usr/bin/../lib/gcc/mipsel-linux/4.4.2/../../../../mipsel-linux/lib/crt1.o
                0x0000000000402710                _IO_stdin_used
 *fill*         0x0000000000402714        0xc 00
 .rodata        0x0000000000402720       0x10 build/unix/tests/test_Input.o
 .rodata        0x0000000000402730      0x130 build/unix/platform/libPlatform.a(PosixPlatform.o)
 .rodata        0x0000000000402860       0x50 build/unix/platform/libPlatform.a(Platform.o)
 .rodata        0x00000000004028b0       0xb0 build/unix/platform/libPlatform.a(FileStdio.o)
 .rodata        0x0000000000402960       0x50 build/unix/libErrors.a(Errors.o)

.rodata1
 *(.rodata1)

.sdata2
 *(.sdata2 .sdata2.* .gnu.linkonce.s2.*)

.sbss2
 *(.sbss2 .sbss2.* .gnu.linkonce.sb2.*)

.eh_frame_hdr
 *(.eh_frame_hdr)

.eh_frame       0x00000000004029b0        0x4
 *(.eh_frame)
 .eh_frame      0x00000000004029b0        0x4 /usr/local/jlime/mipsel-toolchain/usr/bin/../lib/gcc/mipsel-linux/4.4.2/crtend.o

.gcc_except_table
 *(.gcc_except_table .gcc_except_table.*)
                0x00000000004029b4                . = (ALIGN (0x10000) - ((0x10000 - .) & 0xffff))
                0x00000000004129b4                . = (0x10000 DATA_SEGMENT_ALIGN 0x1000)

.eh_frame
 *(.eh_frame)

.gcc_except_table
 *(.gcc_except_table .gcc_except_table.*)

.tdata
 *(.tdata .tdata.* .gnu.linkonce.td.*)

.tbss
 *(.tbss .tbss.* .gnu.linkonce.tb.*)
 *(.tcommon)

.preinit_array  0x00000000004129b4        0x0
                0x00000000004129b4                PROVIDE (__preinit_array_start, .)
 *(.preinit_array)
                0x00000000004129b4                PROVIDE (__preinit_array_end, .)

.init_array     0x00000000004129b4        0x0
                0x00000000004129b4                PROVIDE (__init_array_start, .)
 *(SORT(.init_array.*))
 *(.init_array)
                0x00000000004129b4                PROVIDE (__init_array_end, .)

.fini_array     0x00000000004129b4        0x0
                0x00000000004129b4                PROVIDE (__fini_array_start, .)
 *(.fini_array)
 *(SORT(.fini_array.*))
                0x00000000004129b4                PROVIDE (__fini_array_end, .)

.ctors          0x00000000004129b4        0x8
 *crtbegin.o(.ctors)
 .ctors         0x00000000004129b4        0x4 /usr/local/jlime/mipsel-toolchain/usr/bin/../lib/gcc/mipsel-linux/4.4.2/crtbegin.o
 *crtbegin?.o(.ctors)
 *(EXCLUDE_FILE(*crtend?.o *crtend.o) .ctors)
 *(SORT(.ctors.*))
 *(.ctors)
 .ctors         0x00000000004129b8        0x4 /usr/local/jlime/mipsel-toolchain/usr/bin/../lib/gcc/mipsel-linux/4.4.2/crtend.o

.dtors          0x00000000004129bc        0x8
 *crtbegin.o(.dtors)
 .dtors         0x00000000004129bc        0x4 /usr/local/jlime/mipsel-toolchain/usr/bin/../lib/gcc/mipsel-linux/4.4.2/crtbegin.o
 *crtbegin?.o(.dtors)
 *(EXCLUDE_FILE(*crtend?.o *crtend.o) .dtors)
 *(SORT(.dtors.*))
 *(.dtors)
 .dtors         0x00000000004129c0        0x4 /usr/local/jlime/mipsel-toolchain/usr/bin/../lib/gcc/mipsel-linux/4.4.2/crtend.o
                0x00000000004129c0                __DTOR_END__

.jcr            0x00000000004129c4        0x4
 *(.jcr)
 .jcr           0x00000000004129c4        0x0 /usr/local/jlime/mipsel-toolchain/usr/bin/../lib/gcc/mipsel-linux/4.4.2/crtbegin.o
 .jcr           0x00000000004129c4        0x4 /usr/local/jlime/mipsel-toolchain/usr/bin/../lib/gcc/mipsel-linux/4.4.2/crtend.o

.data.rel.ro
 *(.data.rel.ro.local* .gnu.linkonce.d.rel.ro.local.*)
 *(.data.rel.ro* .gnu.linkonce.d.rel.ro.*)
                0x00000000004129c8                . = (. DATA_SEGMENT_RELRO_END 0x0)

.data           0x00000000004129d0       0x10
                0x00000000004129d0                _fdata = .
 *(.data .data.* .gnu.linkonce.d.*)
 .data          0x00000000004129d0       0x10 build/unix/platform/libPlatform.a(FileStdio.o)

.rld_map        0x00000000004129e0        0x4
 .rld_map       0x00000000004129e0        0x4 /usr/local/jlime/mipsel-toolchain/usr/bin/../lib/gcc/mipsel-linux/4.4.2/../../../../mipsel-linux/lib/crt1.o
                0x00000000004129e0                __RLD_MAP

.data1
 *(.data1)

.got.plt        0x00000000004129e4        0x0
 *(.got.plt)
 .got.plt       0x0000000000000000        0x0 /usr/local/jlime/mipsel-toolchain/usr/bin/../lib/gcc/mipsel-linux/4.4.2/../../../../mipsel-linux/lib/crt1.o
                0x00000000004129e4                . = .
                0x000000000041a9e0                _gp = (ALIGN (0x10) + 0x7ff0)

.got            0x00000000004129f0       0xd4
 *(.got)
 .got           0x00000000004129f0       0xd4 /usr/local/jlime/mipsel-toolchain/usr/bin/../lib/gcc/mipsel-linux/4.4.2/../../../../mipsel-linux/lib/crt1.o
                0x00000000004129f0                _GLOBAL_OFFSET_TABLE_

.sdata          0x0000000000412ac4        0x4
 *(.sdata .sdata.* .gnu.linkonce.s.*)
 .sdata         0x0000000000412ac4        0x4 /usr/local/jlime/mipsel-toolchain/usr/bin/../lib/gcc/mipsel-linux/4.4.2/crtbegin.o
                0x0000000000412ac4                __dso_handle

.lit8
 *(.lit8)

.lit4
 *(.lit4)
                0x0000000000412ac8                _edata = .
                0x0000000000412ac8                PROVIDE (edata, .)
                0x0000000000412ac8                __bss_start = .
                0x0000000000412ac8                _fbss = .

.sbss           0x0000000000412ac8       0x18
 *(.dynsbss)
 *(.sbss .sbss.* .gnu.linkonce.sb.*)
 *(.scommon)
 .scommon       0x0000000000412ac8        0x8 build/unix/platform/libPlatform.a(PosixPlatform.o)
                0x0000000000412ac8                startTime
 .scommon       0x0000000000412ad0       0x10 build/unix/libErrors.a(Errors.o)
                0x0000000000412ad0                errorMsg
                0x0000000000412ad4                errorFunc
                0x0000000000412ad8                errorLine
                0x0000000000412adc                errorFile

.bss            0x0000000000412ae0       0x88
 *(.dynbss)
 .dynbss        0x0000000000000000        0x0 /usr/local/jlime/mipsel-toolchain/usr/bin/../lib/gcc/mipsel-linux/4.4.2/../../../../mipsel-linux/lib/crt1.o
 *(.bss .bss.* .gnu.linkonce.b.*)
 .bss           0x0000000000412ae0       0x10 /usr/local/jlime/mipsel-toolchain/usr/bin/../lib/gcc/mipsel-linux/4.4.2/crtbegin.o
 .bss           0x0000000000412af0       0x10 build/unix/platform/libPlatform.a(FileStdio.o)
                0x0000000000412af0                fsFile
 *(COMMON)
 COMMON         0x0000000000412b00       0x68 build/unix/platform/libPlatform.a(PosixPlatform.o)
                0x0000000000412b00                orig_tios
                0x0000000000412b34                tios
                0x0000000000412b68                . = ALIGN ((. != 0x0)?0x4:0x1)
                0x0000000000412b68                . = ALIGN (0x4)
                0x0000000000412b68                . = ALIGN (0x4)
                0x0000000000412b68                _end = .
                0x0000000000412b68                PROVIDE (end, .)
                0x0000000000412b68                . = DATA_SEGMENT_END (.)

.stab
 *(.stab)

.stabstr
 *(.stabstr)

.stab.excl
 *(.stab.excl)

.stab.exclstr
 *(.stab.exclstr)

.stab.index
 *(.stab.index)

.stab.indexstr
 *(.stab.indexstr)

.pdr            0x0000000000000000        0x0
 .pdr           0x0000000000000000        0x0 /usr/local/jlime/mipsel-toolchain/usr/bin/../lib/gcc/mipsel-linux/4.4.2/../../../../mipsel-linux/lib/crt1.o
 .pdr           0x0000000000000000        0x0 /usr/local/jlime/mipsel-toolchain/usr/bin/../lib/gcc/mipsel-linux/4.4.2/../../../../mipsel-linux/lib/crti.o
 .pdr           0x0000000000000000        0x0 /usr/local/jlime/mipsel-toolchain/usr/bin/../lib/gcc/mipsel-linux/4.4.2/crtbegin.o
 .pdr           0x0000000000000000        0x0 /usr/local/jlime/mipsel-toolchain/usr/bin/../lib/gcc/mipsel-linux/4.4.2/crtend.o
 .pdr           0x0000000000000000        0x0 /usr/local/jlime/mipsel-toolchain/usr/bin/../lib/gcc/mipsel-linux/4.4.2/../../../../mipsel-linux/lib/crtn.o

.comment        0x0000000000000000       0x11
 *(.comment)
 .comment       0x0000000000000000       0x11 /usr/local/jlime/mipsel-toolchain/usr/bin/../lib/gcc/mipsel-linux/4.4.2/../../../../mipsel-linux/lib/crt1.o
                                         0x12 (size before relaxing)
 .comment       0x0000000000000000       0x12 /usr/local/jlime/mipsel-toolchain/usr/bin/../lib/gcc/mipsel-linux/4.4.2/../../../../mipsel-linux/lib/crti.o
 .comment       0x0000000000000000       0x12 /usr/local/jlime/mipsel-toolchain/usr/bin/../lib/gcc/mipsel-linux/4.4.2/crtbegin.o
 .comment       0x0000000000000000       0x12 build/unix/tests/test_Input.o
 .comment       0x0000000000000000       0x12 build/unix/platform/libPlatform.a(PosixPlatform.o)
 .comment       0x0000000000000000       0x12 build/unix/platform/libPlatform.a(Platform.o)
 .comment       0x0000000000000000       0x12 build/unix/platform/libPlatform.a(FileStdio.o)
 .comment       0x0000000000000000       0x12 build/unix/libErrors.a(Errors.o)
 .comment       0x0000000000000000       0x12 /mnt/sda6/programas/stuff/tmp/staging/mipsel-linux/usr/lib/libc_nonshared.a(elf-init.oS)
 .comment       0x0000000000000000       0x12 /mnt/sda6/programas/stuff/tmp/staging/mipsel-linux/usr/lib/libc_nonshared.a(atexit.oS)
 .comment       0x0000000000000000       0x12 /usr/local/jlime/mipsel-toolchain/usr/bin/../lib/gcc/mipsel-linux/4.4.2/crtend.o
 .comment       0x0000000000000000       0x12 /usr/local/jlime/mipsel-toolchain/usr/bin/../lib/gcc/mipsel-linux/4.4.2/../../../../mipsel-linux/lib/crtn.o

.debug
 *(.debug)

.line
 *(.line)

.debug_srcinfo
 *(.debug_srcinfo)

.debug_sfnames
 *(.debug_sfnames)

.debug_aranges  0x0000000000000000       0xa0
 *(.debug_aranges)
 .debug_aranges
                0x0000000000000000       0x20 build/unix/tests/test_Input.o
 .debug_aranges
                0x0000000000000020       0x20 build/unix/platform/libPlatform.a(PosixPlatform.o)
 .debug_aranges
                0x0000000000000040       0x20 build/unix/platform/libPlatform.a(Platform.o)
 .debug_aranges
                0x0000000000000060       0x20 build/unix/platform/libPlatform.a(FileStdio.o)
 .debug_aranges
                0x0000000000000080       0x20 build/unix/libErrors.a(Errors.o)

.debug_pubnames
                0x0000000000000000      0x2a6
 *(.debug_pubnames)
 .debug_pubnames
                0x0000000000000000       0x1b build/unix/tests/test_Input.o
 .debug_pubnames
                0x000000000000001b      0x129 build/unix/platform/libPlatform.a(PosixPlatform.o)
 .debug_pubnames
                0x0000000000000144       0x4c build/unix/platform/libPlatform.a(Platform.o)
 .debug_pubnames
                0x0000000000000190       0xad build/unix/platform/libPlatform.a(FileStdio.o)
 .debug_pubnames
                0x000000000000023d       0x69 build/unix/libErrors.a(Errors.o)

.debug_info     0x0000000000000000     0x1673
 *(.debug_info .gnu.linkonce.wi.*)
 .debug_info    0x0000000000000000       0xed build/unix/tests/test_Input.o
 .debug_info    0x00000000000000ed      0xa90 build/unix/platform/libPlatform.a(PosixPlatform.o)
 .debug_info    0x0000000000000b7d      0x1d7 build/unix/platform/libPlatform.a(Platform.o)
 .debug_info    0x0000000000000d54      0x579 build/unix/platform/libPlatform.a(FileStdio.o)
 .debug_info    0x00000000000012cd      0x3a6 build/unix/libErrors.a(Errors.o)

.debug_abbrev   0x0000000000000000      0x5ab
 *(.debug_abbrev)
 .debug_abbrev  0x0000000000000000       0x8b build/unix/tests/test_Input.o
 .debug_abbrev  0x000000000000008b      0x1e1 build/unix/platform/libPlatform.a(PosixPlatform.o)
 .debug_abbrev  0x000000000000026c       0xf0 build/unix/platform/libPlatform.a(Platform.o)
 .debug_abbrev  0x000000000000035c      0x166 build/unix/platform/libPlatform.a(FileStdio.o)
 .debug_abbrev  0x00000000000004c2       0xe9 build/unix/libErrors.a(Errors.o)

.debug_line     0x0000000000000000      0x844
 *(.debug_line)
 .debug_line    0x0000000000000000       0x51 build/unix/tests/test_Input.o
 .debug_line    0x0000000000000051      0x324 build/unix/platform/libPlatform.a(PosixPlatform.o)
 .debug_line    0x0000000000000375      0x116 build/unix/platform/libPlatform.a(Platform.o)
 .debug_line    0x000000000000048b      0x20e build/unix/platform/libPlatform.a(FileStdio.o)
 .debug_line    0x0000000000000699      0x1ab build/unix/libErrors.a(Errors.o)

.debug_frame    0x0000000000000000      0x43c
 *(.debug_frame)
 .debug_frame   0x0000000000000000       0x30 build/unix/tests/test_Input.o
 .debug_frame   0x0000000000000030      0x1ec build/unix/platform/libPlatform.a(PosixPlatform.o)
 .debug_frame   0x000000000000021c       0xb0 build/unix/platform/libPlatform.a(Platform.o)
 .debug_frame   0x00000000000002cc      0x120 build/unix/platform/libPlatform.a(FileStdio.o)
 .debug_frame   0x00000000000003ec       0x50 build/unix/libErrors.a(Errors.o)

.debug_str      0x0000000000000000      0x6cb
 *(.debug_str)
 .debug_str     0x0000000000000000       0xbe build/unix/tests/test_Input.o
                                         0xf7 (size before relaxing)
 .debug_str     0x00000000000000be      0x4e8 build/unix/platform/libPlatform.a(PosixPlatform.o)
                                        0x5de (size before relaxing)
 .debug_str     0x00000000000005a6       0x51 build/unix/platform/libPlatform.a(Platform.o)
                                        0x13a (size before relaxing)
 .debug_str     0x00000000000005f7       0xa9 build/unix/platform/libPlatform.a(FileStdio.o)
                                        0x348 (size before relaxing)
 .debug_str     0x00000000000006a0       0x2b build/unix/libErrors.a(Errors.o)
                                        0x2ab (size before relaxing)

.debug_loc      0x0000000000000000      0x564
 *(.debug_loc)
 .debug_loc     0x0000000000000000       0x2b build/unix/tests/test_Input.o
 .debug_loc     0x000000000000002b      0x289 build/unix/platform/libPlatform.a(PosixPlatform.o)
 .debug_loc     0x00000000000002b4       0xd7 build/unix/platform/libPlatform.a(Platform.o)
 .debug_loc     0x000000000000038b      0x183 build/unix/platform/libPlatform.a(FileStdio.o)
 .debug_loc     0x000000000000050e       0x56 build/unix/libErrors.a(Errors.o)

.debug_macinfo
 *(.debug_macinfo)

.debug_weaknames
 *(.debug_weaknames)

.debug_funcnames
 *(.debug_funcnames)

.debug_typenames
 *(.debug_typenames)

.debug_varnames
 *(.debug_varnames)

.debug_pubtypes
 *(.debug_pubtypes)

.debug_ranges
 *(.debug_ranges)

.gnu.attributes
                0x0000000000000000       0x10
 *(.gnu.attributes)
 .gnu.attributes
                0x0000000000000000       0x10 /usr/local/jlime/mipsel-toolchain/usr/bin/../lib/gcc/mipsel-linux/4.4.2/../../../../mipsel-linux/lib/crt1.o
 .gnu.attributes
                0x0000000000000010       0x10 /usr/local/jlime/mipsel-toolchain/usr/bin/../lib/gcc/mipsel-linux/4.4.2/../../../../mipsel-linux/lib/crti.o
 .gnu.attributes
                0x0000000000000020       0x10 /usr/local/jlime/mipsel-toolchain/usr/bin/../lib/gcc/mipsel-linux/4.4.2/crtbegin.o
 .gnu.attributes
                0x0000000000000030       0x10 build/unix/tests/test_Input.o
 .gnu.attributes
                0x0000000000000040       0x10 build/unix/platform/libPlatform.a(PosixPlatform.o)
 .gnu.attributes
                0x0000000000000050       0x10 build/unix/platform/libPlatform.a(Platform.o)
 .gnu.attributes
                0x0000000000000060       0x10 build/unix/platform/libPlatform.a(FileStdio.o)
 .gnu.attributes
                0x0000000000000070       0x10 build/unix/libErrors.a(Errors.o)
 .gnu.attributes
                0x0000000000000080       0x10 /mnt/sda6/programas/stuff/tmp/staging/mipsel-linux/usr/lib/libc_nonshared.a(elf-init.oS)
 .gnu.attributes
                0x0000000000000090       0x10 /mnt/sda6/programas/stuff/tmp/staging/mipsel-linux/usr/lib/libc_nonshared.a(atexit.oS)
 .gnu.attributes
                0x00000000000000a0       0x10 /usr/local/jlime/mipsel-toolchain/usr/bin/../lib/gcc/mipsel-linux/4.4.2/crtend.o
 .gnu.attributes
                0x00000000000000b0       0x10 /usr/local/jlime/mipsel-toolchain/usr/bin/../lib/gcc/mipsel-linux/4.4.2/../../../../mipsel-linux/lib/crtn.o

.gptab.sdata
 *(.gptab.data)
 *(.gptab.sdata)

.gptab.sbss
 *(.gptab.bss)
 *(.gptab.sbss)

.mdebug.abi32   0x00000000000000c0        0x0
 *(.mdebug.abi32)
 .mdebug.abi32  0x00000000000000c0        0x0 /usr/local/jlime/mipsel-toolchain/usr/bin/../lib/gcc/mipsel-linux/4.4.2/../../../../mipsel-linux/lib/crt1.o
 .mdebug.abi32  0x00000000000000c0        0x0 /usr/local/jlime/mipsel-toolchain/usr/bin/../lib/gcc/mipsel-linux/4.4.2/../../../../mipsel-linux/lib/crti.o
 .mdebug.abi32  0x00000000000000c0        0x0 /usr/local/jlime/mipsel-toolchain/usr/bin/../lib/gcc/mipsel-linux/4.4.2/crtbegin.o
 .mdebug.abi32  0x00000000000000c0        0x0 build/unix/tests/test_Input.o
 .mdebug.abi32  0x00000000000000c0        0x0 build/unix/platform/libPlatform.a(PosixPlatform.o)
 .mdebug.abi32  0x00000000000000c0        0x0 build/unix/platform/libPlatform.a(Platform.o)
 .mdebug.abi32  0x00000000000000c0        0x0 build/unix/platform/libPlatform.a(FileStdio.o)
 .mdebug.abi32  0x00000000000000c0        0x0 build/unix/libErrors.a(Errors.o)
 .mdebug.abi32  0x00000000000000c0        0x0 /mnt/sda6/programas/stuff/tmp/staging/mipsel-linux/usr/lib/libc_nonshared.a(elf-init.oS)
 .mdebug.abi32  0x00000000000000c0        0x0 /mnt/sda6/programas/stuff/tmp/staging/mipsel-linux/usr/lib/libc_nonshared.a(atexit.oS)
 .mdebug.abi32  0x00000000000000c0        0x0 /usr/local/jlime/mipsel-toolchain/usr/bin/../lib/gcc/mipsel-linux/4.4.2/crtend.o
 .mdebug.abi32  0x00000000000000c0        0x0 /usr/local/jlime/mipsel-toolchain/usr/bin/../lib/gcc/mipsel-linux/4.4.2/../../../../mipsel-linux/lib/crtn.o

.mdebug.abiN32
 *(.mdebug.abiN32)

.mdebug.abi64
 *(.mdebug.abi64)

.mdebug.abiO64
 *(.mdebug.abiO64)

.mdebug.eabi32
 *(.mdebug.eabi32)

.mdebug.eabi64
 *(.mdebug.eabi64)

.gcc_compiled_long32
 *(.gcc_compiled_long32)

.gcc_compiled_long64
 *(.gcc_compiled_long64)

/DISCARD/
 *(.note.GNU-stack)
 *(.gnu_debuglink)
 *(.gnu.lto_*)
OUTPUT(build/unix/tests/test_Input elf32-tradlittlemips)
